Component: Arm Compiler for Embedded 6.18 Tool: armlink [5e4cc100]

==============================================================================

Section Cross References

    main.o(.text.main) refers to stm32f3xx_hal.o(.text.HAL_Init) for HAL_Init
    main.o(.text.main) refers to main.o(.text.SystemClock_Config) for SystemClock_Config
    main.o(.text.main) refers to main.o(.text.MX_GPIO_Init) for MX_GPIO_Init
    main.o(.text.main) refers to main.o(.text.MX_DMA_Init) for MX_DMA_Init
    main.o(.text.main) refers to main.o(.text.MX_ADC1_Init) for MX_ADC1_Init
    main.o(.text.main) refers to main.o(.text.MX_ADC3_Init) for MX_ADC3_Init
    main.o(.text.main) refers to main.o(.text.MX_DAC1_Init) for MX_DAC1_Init
    main.o(.text.main) refers to main.o(.text.MX_I2C1_Init) for MX_I2C1_Init
    main.o(.text.main) refers to main.o(.text.MX_SPI2_Init) for MX_SPI2_Init
    main.o(.text.main) refers to main.o(.text.MX_TIM2_Init) for MX_TIM2_Init
    main.o(.text.main) refers to main.o(.text.MX_TIM3_Init) for MX_TIM3_Init
    main.o(.text.main) refers to main.o(.text.MX_USART2_UART_Init) for MX_USART2_UART_Init
    main.o(.text.main) refers to main.o(.text.MX_USART3_UART_Init) for MX_USART3_UART_Init
    main.o(.text.main) refers to main.o(.text.MX_NVIC_Init) for MX_NVIC_Init
    main.o(.text.main) refers to main.o(.bss.testStates) for testStates
    main.o(.text.main) refers to main.o(.text.display_init) for display_init
    main.o(.text.main) refers to stm32f3xx_hal.o(.text.HAL_Delay) for HAL_Delay
    main.o(.text.main) refers to main.o(.text.test_init) for test_init
    main.o(.text.main) refers to main.o(.rodata.str1.1) for .L.str
    main.o(.text.main) refers to st7735.o(.text.lcd7735_print) for lcd7735_print
    main.o(.text.main) refers to main.o(.text.led_switch_test) for led_switch_test
    main.o(.text.main) refers to main.o(.text.potentiometer_test) for potentiometer_test
    main.o(.text.main) refers to main.o(.text.rgb_test) for rgb_test
    main.o(.text.main) refers to main.o(.bss.htim2) for htim2
    main.o(.text.main) refers to stm32f3xx_hal_tim.o(.text.HAL_TIM_PWM_Stop) for HAL_TIM_PWM_Stop
    main.o(.text.main) refers to main.o(.text.usb_transmit) for usb_transmit
    main.o(.text.main) refers to main.o(.bss.uart_received) for uart_received
    main.o(.text.main) refers to main.o(.text.eeprom_test) for eeprom_test
    main.o(.text.main) refers to main.o(.text.display_test) for display_test
    main.o(.ARM.exidx.text.main) refers to main.o(.text.main) for [Anonymous Symbol]
    main.o(.text.SystemClock_Config) refers to rt_memclr_w.o(.text) for __aeabi_memclr4
    main.o(.text.SystemClock_Config) refers to stm32f3xx_hal_rcc.o(.text.HAL_RCC_OscConfig) for HAL_RCC_OscConfig
    main.o(.text.SystemClock_Config) refers to main.o(.text.Error_Handler) for Error_Handler
    main.o(.text.SystemClock_Config) refers to stm32f3xx_hal_rcc.o(.text.HAL_RCC_ClockConfig) for HAL_RCC_ClockConfig
    main.o(.text.SystemClock_Config) refers to stm32f3xx_hal_rcc_ex.o(.text.HAL_RCCEx_PeriphCLKConfig) for HAL_RCCEx_PeriphCLKConfig
    main.o(.ARM.exidx.text.SystemClock_Config) refers to main.o(.text.SystemClock_Config) for [Anonymous Symbol]
    main.o(.text.MX_GPIO_Init) refers to stm32f3xx_hal_gpio.o(.text.HAL_GPIO_WritePin) for HAL_GPIO_WritePin
    main.o(.text.MX_GPIO_Init) refers to stm32f3xx_hal_gpio.o(.text.HAL_GPIO_Init) for HAL_GPIO_Init
    main.o(.ARM.exidx.text.MX_GPIO_Init) refers to main.o(.text.MX_GPIO_Init) for [Anonymous Symbol]
    main.o(.text.MX_DMA_Init) refers to stm32f3xx_hal_cortex.o(.text.HAL_NVIC_SetPriority) for HAL_NVIC_SetPriority
    main.o(.text.MX_DMA_Init) refers to stm32f3xx_hal_cortex.o(.text.HAL_NVIC_EnableIRQ) for HAL_NVIC_EnableIRQ
    main.o(.ARM.exidx.text.MX_DMA_Init) refers to main.o(.text.MX_DMA_Init) for [Anonymous Symbol]
    main.o(.text.MX_ADC1_Init) refers to main.o(.bss.hadc1) for hadc1
    main.o(.text.MX_ADC1_Init) refers to stm32f3xx_hal_adc_ex.o(.text.HAL_ADC_Init) for HAL_ADC_Init
    main.o(.text.MX_ADC1_Init) refers to main.o(.text.Error_Handler) for Error_Handler
    main.o(.text.MX_ADC1_Init) refers to stm32f3xx_hal_adc_ex.o(.text.HAL_ADCEx_MultiModeConfigChannel) for HAL_ADCEx_MultiModeConfigChannel
    main.o(.text.MX_ADC1_Init) refers to stm32f3xx_hal_adc_ex.o(.text.HAL_ADC_ConfigChannel) for HAL_ADC_ConfigChannel
    main.o(.ARM.exidx.text.MX_ADC1_Init) refers to main.o(.text.MX_ADC1_Init) for [Anonymous Symbol]
    main.o(.text.MX_ADC3_Init) refers to main.o(.bss.hadc3) for hadc3
    main.o(.text.MX_ADC3_Init) refers to stm32f3xx_hal_adc_ex.o(.text.HAL_ADC_Init) for HAL_ADC_Init
    main.o(.text.MX_ADC3_Init) refers to main.o(.text.Error_Handler) for Error_Handler
    main.o(.text.MX_ADC3_Init) refers to stm32f3xx_hal_adc_ex.o(.text.HAL_ADCEx_MultiModeConfigChannel) for HAL_ADCEx_MultiModeConfigChannel
    main.o(.text.MX_ADC3_Init) refers to stm32f3xx_hal_adc_ex.o(.text.HAL_ADC_ConfigChannel) for HAL_ADC_ConfigChannel
[...]
    $v0                                      0x0800b3d0   Number         0  ddiv.o(x$fpl$ddiv)
    x$fpl$ddiv                               0x0800b3d0   Section      692  ddiv.o(x$fpl$ddiv)
    ddiv_entry                               0x0800b3d7   Thumb Code     0  ddiv.o(x$fpl$ddiv)
    $v0                                      0x0800b684   Number         0  dfix.o(x$fpl$dfix)
    x$fpl$dfix                               0x0800b684   Section       94  dfix.o(x$fpl$dfix)
    $v0                                      0x0800b6e2   Number         0  dflt_clz.o(x$fpl$dflt)
    x$fpl$dflt                               0x0800b6e2   Section       46  dflt_clz.o(x$fpl$dflt)
    $v0                                      0x0800b710   Number         0  dflt_clz.o(x$fpl$dfltu)
    x$fpl$dfltu                              0x0800b710   Section       38  dflt_clz.o(x$fpl$dfltu)
    $v0                                      0x0800b738   Number         0  dmul.o(x$fpl$dmul)
    x$fpl$dmul                               0x0800b738   Section      340  dmul.o(x$fpl$dmul)
    $v0                                      0x0800b88c   Number         0  dnaninf.o(x$fpl$dnaninf)
    x$fpl$dnaninf                            0x0800b88c   Section      156  dnaninf.o(x$fpl$dnaninf)
    $v0                                      0x0800b928   Number         0  dretinf.o(x$fpl$dretinf)
    x$fpl$dretinf                            0x0800b928   Section       12  dretinf.o(x$fpl$dretinf)
    $v0                                      0x0800b934   Number         0  daddsub_clz.o(x$fpl$drsb)
    x$fpl$drsb                               0x0800b934   Section       22  daddsub_clz.o(x$fpl$drsb)
    $v0                                      0x0800b94c   Number         0  daddsub_clz.o(x$fpl$dsub)
    x$fpl$dsub                               0x0800b94c   Section      476  daddsub_clz.o(x$fpl$dsub)
    _dsub1                                   0x0800b95d   Thumb Code     0  daddsub_clz.o(x$fpl$dsub)
    $v0                                      0x0800bb28   Number         0  fpinit.o(x$fpl$fpinit)
    x$fpl$fpinit                             0x0800bb28   Section       26  fpinit.o(x$fpl$fpinit)
    x$fpl$usenofp                            0x0800bb42   Section        0  usenofp.o(x$fpl$usenofp)
    C                                        0x0800bb48   Data          48  cos_i.o(.constdata)
    .constdata                               0x0800bb48   Section       48  cos_i.o(.constdata)
    pio2s                                    0x0800bb78   Data          48  rred.o(.constdata)
    .constdata                               0x0800bb78   Section      204  rred.o(.constdata)
    twooverpi                                0x0800bba8   Data         156  rred.o(.constdata)
    S                                        0x0800bc48   Data          40  sin_i.o(.constdata)
    .constdata                               0x0800bc48   Section       40  sin_i.o(.constdata)
    Rcmd1                                    0x08015c88   Data          60  st7735.o(.rodata.Rcmd1)
    [Anonymous Symbol]                       0x08015c88   Section        0  st7735.o(.rodata.Rcmd1)
    Rcmd2green                               0x08015cc4   Data          13  st7735.o(.rodata.Rcmd2green)
    [Anonymous Symbol]                       0x08015cc4   Section        0  st7735.o(.rodata.Rcmd2green)
    Rcmd2red                                 0x08015cd1   Data          13  st7735.o(.rodata.Rcmd2red)
    [Anonymous Symbol]                       0x08015cd1   Section        0  st7735.o(.rodata.Rcmd2red)
    Rcmd3                                    0x08015cde   Data          43  st7735.o(.rodata.Rcmd3)
    [Anonymous Symbol]                       0x08015cde   Section        0  st7735.o(.rodata.Rcmd3)
    .L.str.14                                0x080163fa   Data           3  main.o(.rodata.str1.1)
    [Anonymous Symbol]                       0x080163fa   Section        0  main.o(.rodata.str1.1)
    .L.str.9                                 0x080163fd   Data          16  main.o(.rodata.str1.1)
    .L.str.7                                 0x080163fe   Data          15  main.o(.rodata.str1.1)
    .L.str.13                                0x0801640d   Data          19  main.o(.rodata.str1.1)
    .L.str.12                                0x08016420   Data          11  main.o(.rodata.str1.1)
    .L.str.11                                0x0801642b   Data           7  main.o(.rodata.str1.1)
    .L.str.10                                0x08016432   Data           7  main.o(.rodata.str1.1)
    .L.str.8                                 0x08016439   Data          16  main.o(.rodata.str1.1)
    .L.str.4                                 0x08016449   Data          12  main.o(.rodata.str1.1)
    .L.str.2                                 0x08016455   Data          10  main.o(.rodata.str1.1)
    .L.str                                   0x0801645f   Data          10  main.o(.rodata.str1.1)
    .L.str.3                                 0x08016469   Data          10  main.o(.rodata.str1.1)
    .L.str.1                                 0x08016473   Data           9  main.o(.rodata.str1.1)
    .L.str.6                                 0x0801647c   Data          15  main.o(.rodata.str1.1)
    .L.str.5                                 0x0801648b   Data          15  main.o(.rodata.str1.1)
    _fg                                      0x20000004   Data           2  st7735.o(.data._fg)
    [Anonymous Symbol]                       0x20000004   Section        0  st7735.o(.data._fg)
    _height                                  0x20000006   Data           2  st7735.o(.data._height)
    [Anonymous Symbol]                       0x20000006   Section        0  st7735.o(.data._height)
    _width                                   0x20000008   Data           2  st7735.o(.data._width)
    [Anonymous Symbol]                       0x20000008   Section        0  st7735.o(.data._width)
    rgb_test.red                             0x2000000a   Data           2  main.o(.data.rgb_test.red)
    [Anonymous Symbol]                       0x2000000a   Section        0  main.o(.data.rgb_test.red)
    .bss                                     0x200000a0   Section       96  libspace.o(.bss)
    _bg                                      0x20000100   Data           2  st7735.o(.bss._bg)
    [Anonymous Symbol]                       0x20000100   Section        0  st7735.o(.bss._bg)
    _transparent                             0x20000102   Data           1  st7735.o(.bss._transparent)
    [Anonymous Symbol]                       0x20000102   Section        0  st7735.o(.bss._transparent)
    cfont                                    0x20000104   Data          12  st7735.o(.bss.cfont)
    [Anonymous Symbol]                       0x20000104   Section        0  st7735.o(.bss.cfont)
    colstart                                 0x20000110   Data           4  st7735.o(.bss.colstart)
    [Anonymous Symbol]                       0x20000110   Section        0  st7735.o(.bss.colstart)
    display_test.state                       0x20000114   Data           1  main.o(.bss.display_test.state)
    [Anonymous Symbol]                       0x20000114   Section        0  main.o(.bss.display_test.state)
    display_test.time                        0x20000118   Data           4  main.o(.bss.display_test.time)
    [Anonymous Symbol]                       0x20000118   Section        0  main.o(.bss.display_test.time)
    led_switch_test.mask                     0x200004c4   Data           1  main.o(.bss.led_switch_test.mask)
    [Anonymous Symbol]                       0x200004c4   Section        0  main.o(.bss.led_switch_test.mask)
    orientation                              0x200004c5   Data           1  st7735.o(.bss.orientation)
    [Anonymous Symbol]                       0x200004c5   Section        0  st7735.o(.bss.orientation)
    rgb_test.blue                            0x200004c6   Data           2  main.o(.bss.rgb_test.blue)
    [Anonymous Symbol]                       0x200004c6   Section        0  main.o(.bss.rgb_test.blue)
    rgb_test.green                           0x200004c8   Data           2  main.o(.bss.rgb_test.green)
    [Anonymous Symbol]                       0x200004c8   Section        0  main.o(.bss.rgb_test.green)
    rgb_test.step_cnt                        0x200004ca   Data           2  main.o(.bss.rgb_test.step_cnt)
    [Anonymous Symbol]                       0x200004ca   Section        0  main.o(.bss.rgb_test.step_cnt)
    rowstart                                 0x200004cc   Data           4  st7735.o(.bss.rowstart)
    [Anonymous Symbol]                       0x200004cc   Section        0  st7735.o(.bss.rowstart)
    usb_transmit.old_inputParameter          0x200004db   Data           1  main.o(.bss.usb_transmit.old_inputParameter)
    [Anonymous Symbol]                       0x200004db   Section        0  main.o(.bss.usb_transmit.old_inputParameter)
    Heap_Mem                                 0x200004e0   Data         512  startup_stm32f303xe.o(HEAP)
    HEAP                                     0x200004e0   Section      512  startup_stm32f303xe.o(HEAP)
    Stack_Mem                                0x200006e0   Data        1024  startup_stm32f303xe.o(STACK)
    STACK                                    0x200006e0   Section     1024  startup_stm32f303xe.o(STACK)
    __initial_sp                             0x20000ae0   Data           0  startup_stm32f303xe.o(STACK)

    Global Symbols

    Symbol Name                              Value     Ov Type        Size  Object(Section)

    BuildAttributes$$THM_ISAv4$E$P$D$K$B$S$7EM$VFPi3$EXTD16$VFPS$VFMA$PE$A:L22UL41UL21$X:L11$S22US41US21$IEEE1$IW$~IW$USESV6$~STKCKD$USESV7$~SHL$OTIME$ROPI$IEEEX$EBA8$UX$STANDARDLIB$REQ8$PRES8$EABIv2 0x00000000   Number         0  anon$$obj.o ABSOLUTE
    __ARM_exceptions_init                     - Undefined Weak Reference
    __alloca_initialize                       - Undefined Weak Reference
    __arm_preinit_                            - Undefined Weak Reference
    __arm_relocate_pie_                       - Undefined Weak Reference
    __cpp_initialize__aeabi_                  - Undefined Weak Reference
    __cxa_finalize                            - Undefined Weak Reference
    __rt_locale                               - Undefined Weak Reference
    __sigvec_lookup                           - Undefined Weak Reference
    __user_heap_extent                        - Undefined Weak Reference
    _atexit_init                              - Undefined Weak Reference
    _call_atexit_fns                          - Undefined Weak Reference
    _clock_init                               - Undefined Weak Reference
    _fp_trap_init                             - Undefined Weak Reference
    _fp_trap_shutdown                         - Undefined Weak Reference
    _get_lc_collate                           - Undefined Weak Reference
    _get_lc_ctype                             - Undefined Weak Reference
    _get_lc_monetary                          - Undefined Weak Reference
    _get_lc_numeric                           - Undefined Weak Reference
    _get_lc_time                              - Undefined Weak Reference
    _getenv_init                              - Undefined Weak Reference
    _handle_redirection                       - Undefined Weak Reference
    _initio                                   - Undefined Weak Reference
    _mutex_acquire                            - Undefined Weak Reference
    _mutex_free                               - Undefined Weak Reference
    _mutex_release                            - Undefined Weak Reference
    _rand_init                                - Undefined Weak Reference
    _signal_finish                            - Undefined Weak Reference
    _signal_init                              - Undefined Weak Reference
    _terminateio                              - Undefined Weak Reference
    __Vectors_Size                           0x00000194   Number         0  startup_stm32f303xe.o ABSOLUTE
    __Vectors                                0x08000000   Data           4  startup_stm32f303xe.o(RESET)
    __Vectors_End                            0x08000194   Data           0  startup_stm32f303xe.o(RESET)
    __main                                   0x08000195   Thumb Code     8  __main.o(!!!main)
    __scatterload                            0x0800019d   Thumb Code     0  __scatter.o(!!!scatter)
    __scatterload_rt2                        0x0800019d   Thumb Code    44  __scatter.o(!!!scatter)
    __scatterload_rt2_thumb_only             0x0800019d   Thumb Code     0  __scatter.o(!!!scatter)
    __scatterload_null                       0x080001ab   Thumb Code     0  __scatter.o(!!!scatter)
    __scatterload_copy                       0x080001d1   Thumb Code    26  __scatter_copy.o(!!handler_copy)
    __scatterload_zeroinit                   0x080001ed   Thumb Code    28  __scatter_zi.o(!!handler_zi)
    __rt_lib_init                            0x08000209   Thumb Code     0  libinit.o(.ARM.Collect$$libinit$$00000000)
    __rt_lib_init_fp_1                       0x0800020b   Thumb Code     0  libinit2.o(.ARM.Collect$$libinit$$00000001)
    __rt_lib_init_alloca_1                   0x0800020f   Thumb Code     0  libinit2.o(.ARM.Collect$$libinit$$00000030)
    __rt_lib_init_argv_1                     0x0800020f   Thumb Code     0  libinit2.o(.ARM.Collect$$libinit$$0000002E)
    __rt_lib_init_atexit_1                   0x0800020f   Thumb Code     0  libinit2.o(.ARM.Collect$$libinit$$0000001D)
    __rt_lib_init_clock_1                    0x0800020f   Thumb Code     0  libinit2.o(.ARM.Collect$$libinit$$00000023)
    __rt_lib_init_cpp_1                      0x0800020f   Thumb Code     0  libinit2.o(.ARM.Collect$$libinit$$00000034)
    __rt_lib_init_exceptions_1               0x0800020f   Thumb Code     0  libinit2.o(.ARM.Collect$$libinit$$00000032)
    __rt_lib_init_fp_trap_1                  0x0800020f   Thumb Code     0  libinit2.o(.ARM.Collect$$libinit$$00000021)
    __rt_lib_init_getenv_1                   0x0800020f   Thumb Code     0  libinit2.o(.ARM.Collect$$libinit$$00000025)
    __rt_lib_init_heap_1                     0x0800020f   Thumb Code     0  libinit2.o(.ARM.Collect$$libinit$$0000000C)
    __rt_lib_init_lc_collate_1               0x0800020f   Thumb Code     0  libinit2.o(.ARM.Collect$$libinit$$00000013)
    __rt_lib_init_lc_ctype_1                 0x0800020f   Thumb Code     0  libinit2.o(.ARM.Collect$$libinit$$00000015)
    __rt_lib_init_lc_monetary_1              0x0800020f   Thumb Code     0  libinit2.o(.ARM.Collect$$libinit$$00000017)
    __rt_lib_init_lc_numeric_1               0x0800020f   Thumb Code     0  libinit2.o(.ARM.Collect$$libinit$$00000019)
    __rt_lib_init_lc_time_1                  0x0800020f   Thumb Code     0  libinit2.o(.ARM.Collect$$libinit$$0000001B)
    __rt_lib_init_preinit_1                  0x0800020f   Thumb Code     0  libinit2.o(.ARM.Collect$$libinit$$00000006)
    __rt_lib_init_rand_1                     0x0800020f   Thumb Code     0  libinit2.o(.ARM.Collect$$libinit$$00000010)
    __rt_lib_init_relocate_pie_1             0x0800020f   Thumb Code     0  libinit2.o(.ARM.Collect$$libinit$$00000004)
    __rt_lib_init_return                     0x0800020f   Thumb Code     0  libinit2.o(.ARM.Collect$$libinit$$00000035)
    __rt_lib_init_signal_1                   0x0800020f   Thumb Code     0  libinit2.o(.ARM.Collect$$libinit$$0000001F)
    __rt_lib_init_stdio_1                    0x0800020f   Thumb Code     0  libinit2.o(.ARM.Collect$$libinit$$00000027)
    __rt_lib_init_user_alloc_1               0x0800020f   Thumb Code     0  libinit2.o(.ARM.Collect$$libinit$$0000000E)
    __rt_lib_shutdown                        0x08000211   Thumb Code     0  libshutdown.o(.ARM.Collect$$libshutdown$$00000000)
    __rt_lib_shutdown_cpp_1                  0x08000213   Thumb Code     0  libshutdown2.o(.ARM.Collect$$libshutdown$$00000002)
    __rt_lib_shutdown_fp_trap_1              0x08000213   Thumb Code     0  libshutdown2.o(.ARM.Collect$$libshutdown$$00000007)
    __rt_lib_shutdown_heap_1                 0x08000213   Thumb Code     0  libshutdown2.o(.ARM.Collect$$libshutdown$$0000000F)
    __rt_lib_shutdown_return                 0x08000213   Thumb Code     0  libshutdown2.o(.ARM.Collect$$libshutdown$$00000010)
    __rt_lib_shutdown_signal_1               0x08000213   Thumb Code     0  libshutdown2.o(.ARM.Collect$$libshutdown$$0000000A)
    __rt_lib_shutdown_stdio_1                0x08000213   Thumb Code     0  libshutdown2.o(.ARM.Collect$$libshutdown$$00000004)
    __rt_lib_shutdown_user_alloc_1           0x08000213   Thumb Code     0  libshutdown2.o(.ARM.Collect$$libshutdown$$0000000C)
    __rt_entry                               0x08000215   Thumb Code     0  __rtentry.o(.ARM.Collect$$rtentry$$00000000)
    __rt_entry_presh_1                       0x08000215   Thumb Code     0  __rtentry2.o(.ARM.Collect$$rtentry$$00000002)
    __rt_entry_sh                            0x08000215   Thumb Code     0  __rtentry4.o(.ARM.Collect$$rtentry$$00000004)
    __rt_entry_li                            0x0800021b   Thumb Code     0  __rtentry2.o(.ARM.Collect$$rtentry$$0000000A)
    __rt_entry_postsh_1                      0x0800021b   Thumb Code     0  __rtentry2.o(.ARM.Collect$$rtentry$$00000009)
    __rt_entry_main                          0x0800021f   Thumb Code     0  __rtentry2.o(.ARM.Collect$$rtentry$$0000000D)
    __rt_entry_postli_1                      0x0800021f   Thumb Code     0  __rtentry2.o(.ARM.Collect$$rtentry$$0000000C)
    __rt_exit                                0x08000227   Thumb Code     0  rtexit.o(.ARM.Collect$$rtexit$$00000000)
    __rt_exit_ls                             0x08000229   Thumb Code     0  rtexit2.o(.ARM.Collect$$rtexit$$00000003)
    __rt_exit_prels_1                        0x08000229   Thumb Code     0  rtexit2.o(.ARM.Collect$$rtexit$$00000002)
    __rt_exit_exit                           0x0800022d   Thumb Code     0  rtexit2.o(.ARM.Collect$$rtexit$$00000004)
    Reset_Handler                            0x08000235   Thumb Code     8  startup_stm32f303xe.o(.text)
    ADC1_2_IRQHandler                        0x0800024f   Thumb Code     0  startup_stm32f303xe.o(.text)
    ADC3_IRQHandler                          0x0800024f   Thumb Code     0  startup_stm32f303xe.o(.text)
    ADC4_IRQHandler                          0x0800024f   Thumb Code     0  startup_stm32f303xe.o(.text)
    CAN_RX1_IRQHandler                       0x0800024f   Thumb Code     0  startup_stm32f303xe.o(.text)
    CAN_SCE_IRQHandler                       0x0800024f   Thumb Code     0  startup_stm32f303xe.o(.text)
    COMP1_2_3_IRQHandler                     0x0800024f   Thumb Code     0  startup_stm32f303xe.o(.text)
    COMP4_5_6_IRQHandler                     0x0800024f   Thumb Code     0  startup_stm32f303xe.o(.text)
    COMP7_IRQHandler                         0x0800024f   Thumb Code     0  startup_stm32f303xe.o(.text)
    DMA1_Channel1_IRQHandler                 0x0800024f   Thumb Code     0  startup_stm32f303xe.o(.text)
    DMA1_Channel2_IRQHandler                 0x0800024f   Thumb Code     0  startup_stm32f303xe.o(.text)
    DMA1_Channel4_IRQHandler                 0x0800024f   Thumb Code     0  startup_stm32f303xe.o(.text)
    DMA1_Channel5_IRQHandler                 0x0800024f   Thumb Code     0  startup_stm32f303xe.o(.text)
    DMA1_Channel6_IRQHandler                 0x0800024f   Thumb Code     0  startup_stm32f303xe.o(.text)
    DMA1_Channel7_IRQHandler                 0x0800024f   Thumb Code     0  startup_stm32f303xe.o(.text)
    DMA2_Channel1_IRQHandler                 0x0800024f   Thumb Code     0  startup_stm32f303xe.o(.text)
    DMA2_Channel2_IRQHandler                 0x0800024f   Thumb Code     0  startup_stm32f303xe.o(.text)
    DMA2_Channel3_IRQHandler                 0x0800024f   Thumb Code     0  startup_stm32f303xe.o(.text)
    DMA2_Channel4_IRQHandler                 0x0800024f   Thumb Code     0  startup_stm32f303xe.o(.text)
    DMA2_Channel5_IRQHandler                 0x0800024f   Thumb Code     0  startup_stm32f303xe.o(.text)
    EXTI0_IRQHandler                         0x0800024f   Thumb Code     0  startup_stm32f303xe.o(.text)
    EXTI15_10_IRQHandler                     0x0800024f   Thumb Code     0  startup_stm32f303xe.o(.text)
    EXTI1_IRQHandler                         0x0800024f   Thumb Code     0  startup_stm32f303xe.o(.text)
    EXTI2_TSC_IRQHandler                     0x0800024f   Thumb Code     0  startup_stm32f303xe.o(.text)
    EXTI3_IRQHandler                         0x0800024f   Thumb Code     0  startup_stm32f303xe.o(.text)
    EXTI4_IRQHandler                         0x0800024f   Thumb Code     0  startup_stm32f303xe.o(.text)
    EXTI9_5_IRQHandler                       0x0800024f   Thumb Code     0  startup_stm32f303xe.o(.text)
    FLASH_IRQHandler                         0x0800024f   Thumb Code     0  startup_stm32f303xe.o(.text)
    FMC_IRQHandler                           0x0800024f   Thumb Code     0  startup_stm32f303xe.o(.text)
    FPU_IRQHandler                           0x0800024f   Thumb Code     0  startup_stm32f303xe.o(.text)
    I2C1_ER_IRQHandler                       0x0800024f   Thumb Code     0  startup_stm32f303xe.o(.text)
    I2C1_EV_IRQHandler                       0x0800024f   Thumb Code     0  startup_stm32f303xe.o(.text)
    I2C2_ER_IRQHandler                       0x0800024f   Thumb Code     0  startup_stm32f303xe.o(.text)
    I2C2_EV_IRQHandler                       0x0800024f   Thumb Code     0  startup_stm32f303xe.o(.text)
    I2C3_ER_IRQHandler                       0x0800024f   Thumb Code     0  startup_stm32f303xe.o(.text)
    I2C3_EV_IRQHandler                       0x0800024f   Thumb Code     0  startup_stm32f303xe.o(.text)
    PVD_IRQHandler                           0x0800024f   Thumb Code     0  startup_stm32f303xe.o(.text)
    RCC_IRQHandler                           0x0800024f   Thumb Code     0  startup_stm32f303xe.o(.text)
    RTC_Alarm_IRQHandler                     0x0800024f   Thumb Code     0  startup_stm32f303xe.o(.text)
    RTC_WKUP_IRQHandler                      0x0800024f   Thumb Code     0  startup_stm32f303xe.o(.text)
    SPI1_IRQHandler                          0x0800024f   Thumb Code     0  startup_stm32f303xe.o(.text)
    SPI2_IRQHandler                          0x0800024f   Thumb Code     0  startup_stm32f303xe.o(.text)
    SPI3_IRQHandler                          0x0800024f   Thumb Code     0  startup_stm32f303xe.o(.text)
    SPI4_IRQHandler                          0x0800024f   Thumb Code     0  startup_stm32f303xe.o(.text)
    TAMP_STAMP_IRQHandler                    0x0800024f   Thumb Code     0  startup_stm32f303xe.o(.text)
    TIM1_BRK_TIM15_IRQHandler                0x0800024f   Thumb Code     0  startup_stm32f303xe.o(.text)
    TIM1_CC_IRQHandler                       0x0800024f   Thumb Code     0  startup_stm32f303xe.o(.text)
    TIM1_TRG_COM_TIM17_IRQHandler            0x0800024f   Thumb Code     0  startup_stm32f303xe.o(.text)
    TIM1_UP_TIM16_IRQHandler                 0x0800024f   Thumb Code     0  startup_stm32f303xe.o(.text)
    TIM20_BRK_IRQHandler                     0x0800024f   Thumb Code     0  startup_stm32f303xe.o(.text)
    TIM20_CC_IRQHandler                      0x0800024f   Thumb Code     0  startup_stm32f303xe.o(.text)
    TIM20_TRG_COM_IRQHandler                 0x0800024f   Thumb Code     0  startup_stm32f303xe.o(.text)
    TIM20_UP_IRQHandler                      0x0800024f   Thumb Code     0  startup_stm32f303xe.o(.text)
    TIM2_IRQHandler                          0x0800024f   Thumb Code     0  startup_stm32f303xe.o(.text)
    TIM3_IRQHandler                          0x0800024f   Thumb Code     0  startup_stm32f303xe.o(.text)
    TIM4_IRQHandler                          0x0800024f   Thumb Code     0  startup_stm32f303xe.o(.text)
    TIM6_DAC_IRQHandler                      0x0800024f   Thumb Code     0  startup_stm32f303xe.o(.text)
    TIM7_IRQHandler                          0x0800024f   Thumb Code     0  startup_stm32f303xe.o(.text)
    TIM8_BRK_IRQHandler                      0x0800024f   Thumb Code     0  startup_stm32f303xe.o(.text)
    TIM8_CC_IRQHandler                       0x0800024f   Thumb Code     0  startup_stm32f303xe.o(.text)
    TIM8_TRG_COM_IRQHandler                  0x0800024f   Thumb Code     0  startup_stm32f303xe.o(.text)
    TIM8_UP_IRQHandler                       0x0800024f   Thumb Code     0  startup_stm32f303xe.o(.text)
    UART4_IRQHandler                         0x0800024f   Thumb Code     0  startup_stm32f303xe.o(.text)
    UART5_IRQHandler                         0x0800024f   Thumb Code     0  startup_stm32f303xe.o(.text)
    USART1_IRQHandler                        0x0800024f   Thumb Code     0  startup_stm32f303xe.o(.text)
    USART2_IRQHandler                        0x0800024f   Thumb Code     0  startup_stm32f303xe.o(.text)
    USBWakeUp_IRQHandler                     0x0800024f   Thumb Code     0  startup_stm32f303xe.o(.text)
    USBWakeUp_RMP_IRQHandler                 0x0800024f   Thumb Code     0  startup_stm32f303xe.o(.text)
    USB_HP_CAN_TX_IRQHandler                 0x0800024f   Thumb Code     0  startup_stm32f303xe.o(.text)
    USB_HP_IRQHandler                        0x0800024f   Thumb Code     0  startup_stm32f303xe.o(.text)
    USB_LP_CAN_RX0_IRQHandler                0x0800024f   Thumb Code     0  startup_stm32f303xe.o(.text)
    USB_LP_IRQHandler                        0x0800024f   Thumb Code     0  startup_stm32f303xe.o(.text)
    WWDG_IRQHandler                          0x0800024f   Thumb Code     0  startup_stm32f303xe.o(.text)
    __user_initial_stackheap                 0x08000251   Thumb Code     0  startup_stm32f303xe.o(.text)
    __aeabi_uldivmod                         0x08000275   Thumb Code     0  lludivv7m.o(.text)
    _ll_udiv                                 0x08000275   Thumb Code   240  lludivv7m.o(.text)
    strlen                                   0x08000365   Thumb Code    62  strlen.o(.text)
    __aeabi_memclr4                          0x080003a3   Thumb Code     0  rt_memclr_w.o(.text)
    __aeabi_memclr8                          0x080003a3   Thumb Code     0  rt_memclr_w.o(.text)
    __rt_memclr_w                            0x080003a3   Thumb Code     0  rt_memclr_w.o(.text)
    _memset_w                                0x080003a7   Thumb Code    74  rt_memclr_w.o(.text)
    __use_two_region_memory                  0x080003f1   Thumb Code     2  heapauxi.o(.text)
    __rt_heap_escrow                         0x080003f3   Thumb Code     2  heapauxi.o(.text)
    __rt_heap_expand                         0x080003f5   Thumb Code     2  heapauxi.o(.text)
    __read_errno                             0x080003f7   Thumb Code    10  _rserrno.o(.text)
    __set_errno                              0x08000401   Thumb Code    12  _rserrno.o(.text)
    __user_libspace                          0x0800040d   Thumb Code     8  libspace.o(.text)
    __user_perproc_libspace                  0x0800040d   Thumb Code     0  libspace.o(.text)
    __user_perthread_libspace                0x0800040d   Thumb Code     0  libspace.o(.text)
    __aeabi_errno_addr                       0x08000415   Thumb Code     8  rt_errno_addr_intlibspace.o(.text)
    __errno$intlibspace                      0x08000415   Thumb Code     0  rt_errno_addr_intlibspace.o(.text)
    __rt_errno_addr$intlibspace              0x08000415   Thumb Code     0  rt_errno_addr_intlibspace.o(.text)
    __I$use$semihosting                      0x0800041d   Thumb Code     0  use_no_semi.o(.text)
    __use_no_semihosting_swi                 0x0800041d   Thumb Code     2  use_no_semi.o(.text)
    __semihosting_library_function           0x0800041f   Thumb Code     0  indicate_semi.o(.text)
    __user_setup_stackheap                   0x0800041f   Thumb Code    74  sys_stackheap_outer.o(.text)
    exit                                     0x08000469   Thumb Code    18  exit.o(.text)
    _sys_exit                                0x0800047d   Thumb Code     8  sys_exit.o(.text)
    BusFault_Handler                         0x0800062d   Thumb Code     4  stm32f3xx_it.o(.text.BusFault_Handler)
    DMA1_Channel3_IRQHandler                 0x08000631   Thumb Code    16  stm32f3xx_it.o(.text.DMA1_Channel3_IRQHandler)
    DebugMon_Handler                         0x0800070d   Thumb Code     2  stm32f3xx_it.o(.text.DebugMon_Handler)
    Error_Handler                            0x08000711   Thumb Code     6  main.o(.text.Error_Handler)
    HAL_ADCEx_MultiModeConfigChannel         0x08000719   Thumb Code   604  stm32f3xx_hal_adc_ex.o(.text.HAL_ADCEx_MultiModeConfigChannel)
    HAL_ADC_ConfigChannel                    0x08000975   Thumb Code  1488  stm32f3xx_hal_adc_ex.o(.text.HAL_ADC_ConfigChannel)
    HAL_ADC_GetValue                         0x08000f45   Thumb Code    14  stm32f3xx_hal_adc_ex.o(.text.HAL_ADC_GetValue)
    HAL_ADC_Init                             0x08000f55   Thumb Code  1206  stm32f3xx_hal_adc_ex.o(.text.HAL_ADC_Init)
    HAL_ADC_MspInit                          0x0800140d   Thumb Code   224  stm32f3xx_hal_msp.o(.text.HAL_ADC_MspInit)
    HAL_ADC_PollForConversion                0x080014ed   Thumb Code   652  stm32f3xx_hal_adc_ex.o(.text.HAL_ADC_PollForConversion)
    HAL_ADC_Start                            0x08001779   Thumb Code   708  stm32f3xx_hal_adc_ex.o(.text.HAL_ADC_Start)
    HAL_DAC_ConfigChannel                    0x08001a3d   Thumb Code   156  stm32f3xx_hal_dac_ex.o(.text.HAL_DAC_ConfigChannel)
    HAL_DAC_Init                             0x08001ad9   Thumb Code    74  stm32f3xx_hal_dac.o(.text.HAL_DAC_Init)
    HAL_DAC_MspInit                          0x08001b25   Thumb Code   124  stm32f3xx_hal_msp.o(.text.HAL_DAC_MspInit)
    HAL_DMA_Abort                            0x08001ba1   Thumb Code   116  stm32f3xx_hal_dma.o(.text.HAL_DMA_Abort)
    HAL_DMA_Abort_IT                         0x08001c15   Thumb Code   120  stm32f3xx_hal_dma.o(.text.HAL_DMA_Abort_IT)
    HAL_DMA_IRQHandler                       0x08001c8d   Thumb Code   316  stm32f3xx_hal_dma.o(.text.HAL_DMA_IRQHandler)
    HAL_DMA_Init                             0x08001dc9   Thumb Code   136  stm32f3xx_hal_dma.o(.text.HAL_DMA_Init)
    HAL_DMA_Start_IT                         0x08001e51   Thumb Code   202  stm32f3xx_hal_dma.o(.text.HAL_DMA_Start_IT)
    HAL_Delay                                0x08001f1d   Thumb Code    66  stm32f3xx_hal.o(.text.HAL_Delay)
    HAL_GPIO_Init                            0x08001f61   Thumb Code   900  stm32f3xx_hal_gpio.o(.text.HAL_GPIO_Init)
    HAL_GPIO_WritePin                        0x080022e5   Thumb Code    44  stm32f3xx_hal_gpio.o(.text.HAL_GPIO_WritePin)
    HAL_GetTick                              0x08002311   Thumb Code    12  stm32f3xx_hal.o(.text.HAL_GetTick)
    HAL_I2CEx_ConfigAnalogFilter             0x0800231d   Thumb Code   152  stm32f3xx_hal_i2c_ex.o(.text.HAL_I2CEx_ConfigAnalogFilter)
    HAL_I2CEx_ConfigDigitalFilter            0x080023b5   Thumb Code   162  stm32f3xx_hal_i2c_ex.o(.text.HAL_I2CEx_ConfigDigitalFilter)
    HAL_I2C_Init                             0x08002459   Thumb Code   260  stm32f3xx_hal_i2c.o(.text.HAL_I2C_Init)
    HAL_I2C_Mem_Read                         0x0800255d   Thumb Code   650  stm32f3xx_hal_i2c.o(.text.HAL_I2C_Mem_Read)
    HAL_I2C_Mem_Write                        0x080027e9   Thumb Code   628  stm32f3xx_hal_i2c.o(.text.HAL_I2C_Mem_Write)
    HAL_I2C_MspInit                          0x08002a5d   Thumb Code   136  stm32f3xx_hal_msp.o(.text.HAL_I2C_MspInit)
    HAL_IncTick                              0x08002ae5   Thumb Code    26  stm32f3xx_hal.o(.text.HAL_IncTick)
    HAL_Init                                 0x08002b01   Thumb Code    44  stm32f3xx_hal.o(.text.HAL_Init)
    HAL_InitTick                             0x08002b2d   Thumb Code   112  stm32f3xx_hal.o(.text.HAL_InitTick)
    HAL_MspInit                              0x08002b9d   Thumb Code    74  stm32f3xx_hal_msp.o(.text.HAL_MspInit)
    HAL_NVIC_EnableIRQ                       0x08002be9   Thumb Code    20  stm32f3xx_hal_cortex.o(.text.HAL_NVIC_EnableIRQ)
    HAL_NVIC_SetPriority                     0x08002bfd   Thumb Code    50  stm32f3xx_hal_cortex.o(.text.HAL_NVIC_SetPriority)
    HAL_NVIC_SetPriorityGrouping             0x08002c31   Thumb Code    16  stm32f3xx_hal_cortex.o(.text.HAL_NVIC_SetPriorityGrouping)
    HAL_RCCEx_PeriphCLKConfig                0x08002c41   Thumb Code  1452  stm32f3xx_hal_rcc_ex.o(.text.HAL_RCCEx_PeriphCLKConfig)
    HAL_RCC_ClockConfig                      0x080031ed   Thumb Code  1350  stm32f3xx_hal_rcc.o(.text.HAL_RCC_ClockConfig)
    HAL_RCC_GetHCLKFreq                      0x08003735   Thumb Code    12  stm32f3xx_hal_rcc.o(.text.HAL_RCC_GetHCLKFreq)
    HAL_RCC_GetPCLK1Freq                     0x08003741   Thumb Code    86  stm32f3xx_hal_rcc.o(.text.HAL_RCC_GetPCLK1Freq)
    HAL_RCC_GetPCLK2Freq                     0x08003799   Thumb Code    86  stm32f3xx_hal_rcc.o(.text.HAL_RCC_GetPCLK2Freq)
    HAL_RCC_GetSysClockFreq                  0x080037f1   Thumb Code   292  stm32f3xx_hal_rcc.o(.text.HAL_RCC_GetSysClockFreq)
    HAL_RCC_OscConfig                        0x08003915   Thumb Code  5370  stm32f3xx_hal_rcc.o(.text.HAL_RCC_OscConfig)
    HAL_SPI_Init                             0x08004e11   Thumb Code   332  stm32f3xx_hal_spi.o(.text.HAL_SPI_Init)
    HAL_SPI_MspInit                          0x08004f5d   Thumb Code   138  stm32f3xx_hal_msp.o(.text.HAL_SPI_MspInit)
    HAL_SPI_Transmit                         0x08004fe9   Thumb Code   730  stm32f3xx_hal_spi.o(.text.HAL_SPI_Transmit)
    HAL_SYSTICK_Config                       0x080052c5   Thumb Code    16  stm32f3xx_hal_cortex.o(.text.HAL_SYSTICK_Config)
    HAL_TIMEx_MasterConfigSynchronization    0x080052d5   Thumb Code   348  stm32f3xx_hal_tim_ex.o(.text.HAL_TIMEx_MasterConfigSynchronization)
    HAL_TIM_Base_Init                        0x08005431   Thumb Code   168  stm32f3xx_hal_tim.o(.text.HAL_TIM_Base_Init)
    HAL_TIM_Base_MspInit                     0x080054d9   Thumb Code    52  stm32f3xx_hal_msp.o(.text.HAL_TIM_Base_MspInit)
    HAL_TIM_ConfigClockSource                0x0800550d   Thumb Code   394  stm32f3xx_hal_tim.o(.text.HAL_TIM_ConfigClockSource)
    HAL_TIM_MspPostInit                      0x08005699   Thumb Code   252  stm32f3xx_hal_msp.o(.text.HAL_TIM_MspPostInit)
    HAL_TIM_PWM_ConfigChannel                0x08005795   Thumb Code   432  stm32f3xx_hal_tim.o(.text.HAL_TIM_PWM_ConfigChannel)
    HAL_TIM_PWM_Init                         0x08005945   Thumb Code   168  stm32f3xx_hal_tim.o(.text.HAL_TIM_PWM_Init)
    HAL_TIM_PWM_MspInit                      0x080059ed   Thumb Code    58  stm32f3xx_hal_msp.o(.text.HAL_TIM_PWM_MspInit)
    HAL_TIM_PWM_Start                        0x08005a29   Thumb Code   646  stm32f3xx_hal_tim.o(.text.HAL_TIM_PWM_Start)
    HAL_TIM_PWM_Stop                         0x08005cb1   Thumb Code   404  stm32f3xx_hal_tim.o(.text.HAL_TIM_PWM_Stop)
    HAL_UARTEx_RxEventCallback               0x08005e45   Thumb Code    12  stm32f3xx_hal_uart.o(.text.HAL_UARTEx_RxEventCallback)
    HAL_UARTEx_WakeupCallback                0x08005e51   Thumb Code     8  stm32f3xx_hal_uart_ex.o(.text.HAL_UARTEx_WakeupCallback)
    HAL_UART_AbortCpltCallback               0x08005e59   Thumb Code     8  stm32f3xx_hal_uart.o(.text.HAL_UART_AbortCpltCallback)
    HAL_UART_AbortReceiveCpltCallback        0x08005e61   Thumb Code     8  stm32f3xx_hal_uart.o(.text.HAL_UART_AbortReceiveCpltCallback)
    HAL_UART_AbortTransmitCpltCallback       0x08005e69   Thumb Code     8  stm32f3xx_hal_uart.o(.text.HAL_UART_AbortTransmitCpltCallback)
    HAL_UART_ErrorCallback                   0x08005e71   Thumb Code     8  stm32f3xx_hal_uart.o(.text.HAL_UART_ErrorCallback)
    HAL_UART_IRQHandler                      0x08005e79   Thumb Code  1240  stm32f3xx_hal_uart.o(.text.HAL_UART_IRQHandler)
    HAL_UART_Init                            0x08006351   Thumb Code   200  stm32f3xx_hal_uart.o(.text.HAL_UART_Init)
    HAL_UART_MspInit                         0x08006419   Thumb Code   322  stm32f3xx_hal_msp.o(.text.HAL_UART_MspInit)
    HAL_UART_RxCpltCallback                  0x0800655d   Thumb Code     8  stm32f3xx_hal_uart.o(.text.HAL_UART_RxCpltCallback)
    HAL_UART_RxHalfCpltCallback              0x08006565   Thumb Code     8  stm32f3xx_hal_uart.o(.text.HAL_UART_RxHalfCpltCallback)
    HAL_UART_Transmit                        0x0800656d   Thumb Code   336  stm32f3xx_hal_uart.o(.text.HAL_UART_Transmit)
    HAL_UART_TxCpltCallback                  0x080066bd   Thumb Code     8  stm32f3xx_hal_uart.o(.text.HAL_UART_TxCpltCallback)
    HAL_UART_TxHalfCpltCallback              0x080066c5   Thumb Code     8  stm32f3xx_hal_uart.o(.text.HAL_UART_TxHalfCpltCallback)
    HardFault_Handler                        0x080066cd   Thumb Code     4  stm32f3xx_it.o(.text.HardFault_Handler)
    MemManage_Handler                        0x0800721d   Thumb Code     4  stm32f3xx_it.o(.text.MemManage_Handler)
    NMI_Handler                              0x08007221   Thumb Code     4  stm32f3xx_it.o(.text.NMI_Handler)
    PendSV_Handler                           0x08007291   Thumb Code     2  stm32f3xx_it.o(.text.PendSV_Handler)
    SVC_Handler                              0x080075a5   Thumb Code     2  stm32f3xx_it.o(.text.SVC_Handler)
    SysTick_Handler                          0x080075fd   Thumb Code     8  stm32f3xx_it.o(.text.SysTick_Handler)
    SystemClock_Config                       0x08007605   Thumb Code   162  main.o(.text.SystemClock_Config)
    SystemInit                               0x080076a9   Thumb Code    18  system_stm32f3xx.o(.text.SystemInit)
    TIM_Base_SetConfig                       0x080076bd   Thumb Code   432  stm32f3xx_hal_tim.o(.text.TIM_Base_SetConfig)
    TIM_CCxChannelCmd                        0x0800786d   Thumb Code    54  stm32f3xx_hal_tim.o(.text.TIM_CCxChannelCmd)
    TIM_ETR_SetConfig                        0x080078a5   Thumb Code    52  stm32f3xx_hal_tim.o(.text.TIM_ETR_SetConfig)
    TIM_OC2_SetConfig                        0x08007a79   Thumb Code   400  stm32f3xx_hal_tim.o(.text.TIM_OC2_SetConfig)
    UART_AdvFeatureConfig                    0x080080f1   Thumb Code   328  stm32f3xx_hal_uart.o(.text.UART_AdvFeatureConfig)
    UART_CheckIdleState                      0x08008239   Thumb Code   164  stm32f3xx_hal_uart.o(.text.UART_CheckIdleState)
    UART_InitCallbacksToDefault              0x080085b9   Thumb Code   148  stm32f3xx_hal_uart.o(.text.UART_InitCallbacksToDefault)
    UART_SetConfig                           0x0800864d   Thumb Code  1026  stm32f3xx_hal_uart.o(.text.UART_SetConfig)
    UART_Start_Receive_DMA                   0x08008a51   Thumb Code   300  stm32f3xx_hal_uart.o(.text.UART_Start_Receive_DMA)
    UART_WaitOnFlagUntilTimeout              0x08008b7d   Thumb Code   368  stm32f3xx_hal_uart.o(.text.UART_WaitOnFlagUntilTimeout)
    USART3_IRQHandler                        0x08008ced   Thumb Code    16  stm32f3xx_it.o(.text.USART3_IRQHandler)
    UsageFault_Handler                       0x08008cfd   Thumb Code     4  stm32f3xx_it.o(.text.UsageFault_Handler)
    display_init                             0x08008ed1   Thumb Code    86  main.o(.text.display_init)
    display_test                             0x08008f29   Thumb Code   468  main.o(.text.display_test)
    eeprom_test                              0x080090fd   Thumb Code   146  main.o(.text.eeprom_test)
    lcd7735_drawBitmap                       0x08009191   Thumb Code   622  st7735.o(.text.lcd7735_drawBitmap)
    lcd7735_fillRect                         0x08009401   Thumb Code   302  st7735.o(.text.lcd7735_fillRect)
    lcd7735_fillScreen                       0x08009531   Thumb Code    52  st7735.o(.text.lcd7735_fillScreen)
    lcd7735_initR                            0x08009565   Thumb Code   126  st7735.o(.text.lcd7735_initR)
    lcd7735_print                            0x080095e5   Thumb Code   206  st7735.o(.text.lcd7735_print)
    lcd7735_pushColor                        0x080096b5   Thumb Code    36  st7735.o(.text.lcd7735_pushColor)
    lcd7735_sendCmd                          0x080096d9   Thumb Code    58  hw_config.o(.text.lcd7735_sendCmd)
    lcd7735_sendData                         0x08009715   Thumb Code    58  hw_config.o(.text.lcd7735_sendData)
    lcd7735_senddata                         0x08009751   Thumb Code    64  hw_config.o(.text.lcd7735_senddata)
    lcd7735_senddata16                       0x08009791   Thumb Code    78  hw_config.o(.text.lcd7735_senddata16)
    lcd7735_setAddrWindow                    0x080097e1   Thumb Code   148  st7735.o(.text.lcd7735_setAddrWindow)
    lcd7735_setFont                          0x08009875   Thumb Code    44  st7735.o(.text.lcd7735_setFont)
    led_switch_test                          0x080098a1   Thumb Code   132  main.o(.text.led_switch_test)
    main                                     0x08009925   Thumb Code  1570  main.o(.text.main)
    potentiometer_test                       0x08009f49   Thumb Code    40  main.o(.text.potentiometer_test)
    printChar                                0x08009f71   Thumb Code   558  st7735.o(.text.printChar)
    rgb_test                                 0x0800a1a1   Thumb Code   508  main.o(.text.rgb_test)
    rotateChar                               0x0800a3a1   Thumb Code   752  st7735.o(.text.rotateChar)
    test_init                                0x0800a691   Thumb Code   252  main.o(.text.test_init)
    usb_transmit                             0x0800a78d   Thumb Code   214  main.o(.text.usb_transmit)
    __ARM_fpclassify                         0x0800a863   Thumb Code    48  fpclassify.o(i.__ARM_fpclassify)
    __hardfp_cos                             0x0800a899   Thumb Code   180  cos.o(i.__hardfp_cos)
    __hardfp_sin                             0x0800a961   Thumb Code   180  sin.o(i.__hardfp_sin)
    __ieee754_rem_pio2                       0x0800aa29   Thumb Code   938  rred.o(i.__ieee754_rem_pio2)
    __kernel_cos                             0x0800ae61   Thumb Code   322  cos_i.o(i.__kernel_cos)
    __kernel_poly                            0x0800afd1   Thumb Code   248  poly.o(i.__kernel_poly)
    __kernel_sin                             0x0800b0c9   Thumb Code   280  sin_i.o(i.__kernel_sin)
    __mathlib_dbl_infnan                     0x0800b1f9   Thumb Code    20  dunder.o(i.__mathlib_dbl_infnan)
    __mathlib_dbl_invalid                    0x0800b211   Thumb Code    24  dunder.o(i.__mathlib_dbl_invalid)
    __mathlib_dbl_underflow                  0x0800b231   Thumb Code    24  dunder.o(i.__mathlib_dbl_underflow)
    fabs                                     0x0800b251   Thumb Code    24  fabs.o(i.fabs)
    __aeabi_dneg                             0x0800b269   Thumb Code     0  basic.o(x$fpl$basic)
    _dneg                                    0x0800b269   Thumb Code     6  basic.o(x$fpl$basic)
    __aeabi_fneg                             0x0800b26f   Thumb Code     0  basic.o(x$fpl$basic)
    _fneg                                    0x0800b26f   Thumb Code     6  basic.o(x$fpl$basic)
    _dabs                                    0x0800b275   Thumb Code     6  basic.o(x$fpl$basic)
    _fabs                                    0x0800b27b   Thumb Code     6  basic.o(x$fpl$basic)
    __aeabi_dadd                             0x0800b281   Thumb Code     0  daddsub_clz.o(x$fpl$dadd)
    _dadd                                    0x0800b281   Thumb Code   332  daddsub_clz.o(x$fpl$dadd)
    __aeabi_ddiv                             0x0800b3d1   Thumb Code     0  ddiv.o(x$fpl$ddiv)
    _ddiv                                    0x0800b3d1   Thumb Code   556  ddiv.o(x$fpl$ddiv)
    __aeabi_d2iz                             0x0800b685   Thumb Code     0  dfix.o(x$fpl$dfix)
    _dfix                                    0x0800b685   Thumb Code    94  dfix.o(x$fpl$dfix)
    __aeabi_i2d                              0x0800b6e3   Thumb Code     0  dflt_clz.o(x$fpl$dflt)
    _dflt                                    0x0800b6e3   Thumb Code    46  dflt_clz.o(x$fpl$dflt)
    __aeabi_ui2d                             0x0800b711   Thumb Code     0  dflt_clz.o(x$fpl$dfltu)
    _dfltu                                   0x0800b711   Thumb Code    38  dflt_clz.o(x$fpl$dfltu)
    __aeabi_dmul                             0x0800b739   Thumb Code     0  dmul.o(x$fpl$dmul)
    _dmul                                    0x0800b739   Thumb Code   332  dmul.o(x$fpl$dmul)
    __fpl_dnaninf                            0x0800b88d   Thumb Code   156  dnaninf.o(x$fpl$dnaninf)
    __fpl_dretinf                            0x0800b929   Thumb Code    12  dretinf.o(x$fpl$dretinf)
    __aeabi_drsub                            0x0800b935   Thumb Code     0  daddsub_clz.o(x$fpl$drsb)
    _drsb                                    0x0800b935   Thumb Code    22  daddsub_clz.o(x$fpl$drsb)
    __aeabi_dsub                             0x0800b94d   Thumb Code     0  daddsub_clz.o(x$fpl$dsub)
    _dsub                                    0x0800b94d   Thumb Code   472  daddsub_clz.o(x$fpl$dsub)
    _fp_init                                 0x0800bb29   Thumb Code    26  fpinit.o(x$fpl$fpinit)
    __fplib_config_fpu_vfp                   0x0800bb41   Thumb Code     0  fpinit.o(x$fpl$fpinit)
    __fplib_config_pureend_doubles           0x0800bb41   Thumb Code     0  fpinit.o(x$fpl$fpinit)
    __I$use$fp                               0x0800bb42   Number         0  usenofp.o(x$fpl$usenofp)
    AHBPrescTable                            0x0800bc70   Data          16  system_stm32f3xx.o(.rodata.AHBPrescTable)
    APBPrescTable                            0x0800bc80   Data           8  system_stm32f3xx.o(.rodata.APBPrescTable)
    Odin_160x128                             0x0800bc88   Data       40960  main.o(.rodata.Odin_160x128)
    SmallFont                                0x08015d09   Data        1144  defaultfonts.o(.rodata.SmallFont)
    aPLLMULFactorTable                       0x08016181   Data          16  stm32f3xx_hal_rcc.o(.rodata.aPLLMULFactorTable)
    aPredivFactorTable                       0x08016191   Data          16  stm32f3xx_hal_rcc.o(.rodata.aPredivFactorTable)
    cancel_10x10                             0x080161a2   Data         200  main.o(.rodata.cancel_10x10)
    complete_10x10                           0x0801626a   Data         200  main.o(.rodata.complete_10x10)
    skip_10x10                               0x08016332   Data         200  main.o(.rodata.skip_10x10)
    Region$$Table$$Base                      0x0801649c   Number         0  anon$$obj.o(Region$$Table)
    Region$$Table$$Limit                     0x080164bc   Number         0  anon$$obj.o(Region$$Table)
    SystemCoreClock                          0x20000000   Data           4  system_stm32f3xx.o(.data.SystemCoreClock)
    testText                                 0x2000000c   Data         140  main.o(.data.testText)
    uwTickFreq                               0x20000098   Data           1  stm32f3xx_hal.o(.data.uwTickFreq)
    uwTickPrio                               0x2000009c   Data           4  stm32f3xx_hal.o(.data.uwTickPrio)
    __libspace_start                         0x200000a0   Data          96  libspace.o(.bss)
    __temporary_stack_top$libspace           0x20000100   Data           0  libspace.o(.bss)
    hadc1                                    0x2000011c   Data          80  main.o(.bss.hadc1)
    hadc3                                    0x2000016c   Data          80  main.o(.bss.hadc3)
    hdac1                                    0x200001bc   Data          20  main.o(.bss.hdac1)
    hdma_usart3_rx                           0x200001d0   Data          68  main.o(.bss.hdma_usart3_rx)
    hi2c1                                    0x20000214   Data          76  main.o(.bss.hi2c1)
    hspi2                                    0x20000260   Data         100  main.o(.bss.hspi2)
    htim2                                    0x200002c4   Data          76  main.o(.bss.htim2)
    htim3                                    0x20000310   Data          76  main.o(.bss.htim3)
    huart2                                   0x2000035c   Data         180  main.o(.bss.huart2)
    huart3                                   0x20000410   Data         180  main.o(.bss.huart3)
    testStates                               0x200004d0   Data          10  main.o(.bss.testStates)
    uart_received                            0x200004da   Data           1  main.o(.bss.uart_received)
    uwTick                                   0x200004dc   Data           4  stm32f3xx_hal.o(.bss.uwTick)



==============================================================================

Memory Map of the image

  Image Entry point : 0x08000235

  Load Region LR_1 (Base: 0x08000000, Size: 0x0001655c, Max: 0xffffffff, ABSOLUTE)

    Execution Region ER_RO (Exec base: 0x08000000, Load base: 0x08000000, Size: 0x000164bc, Max: 0xffffffff, ABSOLUTE)

    Exec Addr    Load Addr    Size         Type   Attr      Idx    E Section Name        Object

    0x08000000   0x08000000   0x00000194   Data   RO         2396    RESET               startup_stm32f303xe.o
    0x08000194   0x08000194   0x00000008   Code   RO         2526  * !!!main             c_w.l(__main.o)
    0x0800019c   0x0800019c   0x00000034   Code   RO         2836    !!!scatter          c_w.l(__scatter.o)
    0x080001d0   0x080001d0   0x0000001a   Code   RO         2838    !!handler_copy      c_w.l(__scatter_copy.o)
    0x080001ea   0x080001ea   0x00000002   PAD
    0x080001ec   0x080001ec   0x0000001c   Code   RO         2840    !!handler_zi        c_w.l(__scatter_zi.o)
    0x08000208   0x08000208   0x00000002   Code   RO         2771    .ARM.Collect$$libinit$$00000000  c_w.l(libinit.o)
    0x0800020a   0x0800020a   0x00000004   Code   RO         2602    .ARM.Collect$$libinit$$00000001  c_w.l(libinit2.o)
    0x0800020e   0x0800020e   0x00000000   Code   RO         2605    .ARM.Collect$$libinit$$00000004  c_w.l(libinit2.o)
    0x0800020e   0x0800020e   0x00000000   Code   RO         2607    .ARM.Collect$$libinit$$00000006  c_w.l(libinit2.o)
    0x0800020e   0x0800020e   0x00000000   Code   RO         2610    .ARM.Collect$$libinit$$0000000C  c_w.l(libinit2.o)
    0x0800020e   0x0800020e   0x00000000   Code   RO         2612    .ARM.Collect$$libinit$$0000000E  c_w.l(libinit2.o)
    0x0800020e   0x0800020e   0x00000000   Code   RO         2614    .ARM.Collect$$libinit$$00000010  c_w.l(libinit2.o)
    0x0800020e   0x0800020e   0x00000000   Code   RO         2617    .ARM.Collect$$libinit$$00000013  c_w.l(libinit2.o)
    0x0800020e   0x0800020e   0x00000000   Code   RO         2619    .ARM.Collect$$libinit$$00000015  c_w.l(libinit2.o)
    0x0800020e   0x0800020e   0x00000000   Code   RO         2621    .ARM.Collect$$libinit$$00000017  c_w.l(libinit2.o)
    0x0800020e   0x0800020e   0x00000000   Code   RO         2623    .ARM.Collect$$libinit$$00000019  c_w.l(libinit2.o)
    0x0800020e   0x0800020e   0x00000000   Code   RO         2625    .ARM.Collect$$libinit$$0000001B  c_w.l(libinit2.o)
    0x0800020e   0x0800020e   0x00000000   Code   RO         2627    .ARM.Collect$$libinit$$0000001D  c_w.l(libinit2.o)
    0x0800020e   0x0800020e   0x00000000   Code   RO         2629    .ARM.Collect$$libinit$$0000001F  c_w.l(libinit2.o)
    0x0800020e   0x0800020e   0x00000000   Code   RO         2631    .ARM.Collect$$libinit$$00000021  c_w.l(libinit2.o)
    0x0800020e   0x0800020e   0x00000000   Code   RO         2633    .ARM.Collect$$libinit$$00000023  c_w.l(libinit2.o)
    0x0800020e   0x0800020e   0x00000000   Code   RO         2635    .ARM.Collect$$libinit$$00000025  c_w.l(libinit2.o)
    0x0800020e   0x0800020e   0x00000000   Code   RO         2637    .ARM.Collect$$libinit$$00000027  c_w.l(libinit2.o)
    0x0800020e   0x0800020e   0x00000000   Code   RO         2641    .ARM.Collect$$libinit$$0000002E  c_w.l(libinit2.o)
    0x0800020e   0x0800020e   0x00000000   Code   RO         2643    .ARM.Collect$$libinit$$00000030  c_w.l(libinit2.o)
    0x0800020e   0x0800020e   0x00000000   Code   RO         2645    .ARM.Collect$$libinit$$00000032  c_w.l(libinit2.o)
    0x0800020e   0x0800020e   0x00000000   Code   RO         2647    .ARM.Collect$$libinit$$00000034  c_w.l(libinit2.o)
    0x0800020e   0x0800020e   0x00000002   Code   RO         2648    .ARM.Collect$$libinit$$00000035  c_w.l(libinit2.o)
    0x08000210   0x08000210   0x00000002   Code   RO         2833    .ARM.Collect$$libshutdown$$00000000  c_w.l(libshutdown.o)
    0x08000212   0x08000212   0x00000000   Code   RO         2789    .ARM.Collect$$libshutdown$$00000002  c_w.l(libshutdown2.o)
    0x08000212   0x08000212   0x00000000   Code   RO         2791    .ARM.Collect$$libshutdown$$00000004  c_w.l(libshutdown2.o)
    0x08000212   0x08000212   0x00000000   Code   RO         2794    .ARM.Collect$$libshutdown$$00000007  c_w.l(libshutdown2.o)
    0x08000212   0x08000212   0x00000000   Code   RO         2797    .ARM.Collect$$libshutdown$$0000000A  c_w.l(libshutdown2.o)
    0x08000212   0x08000212   0x00000000   Code   RO         2799    .ARM.Collect$$libshutdown$$0000000C  c_w.l(libshutdown2.o)
    0x08000212   0x08000212   0x00000000   Code   RO         2802    .ARM.Collect$$libshutdown$$0000000F  c_w.l(libshutdown2.o)
    0x08000212   0x08000212   0x00000002   Code   RO         2803    .ARM.Collect$$libshutdown$$00000010  c_w.l(libshutdown2.o)
    0x08000214   0x08000214   0x00000000   Code   RO         2560    .ARM.Collect$$rtentry$$00000000  c_w.l(__rtentry.o)
    0x08000214   0x08000214   0x00000000   Code   RO         2689    .ARM.Collect$$rtentry$$00000002  c_w.l(__rtentry2.o)
    0x08000214   0x08000214   0x00000006   Code   RO         2701    .ARM.Collect$$rtentry$$00000004  c_w.l(__rtentry4.o)
    0x0800021a   0x0800021a   0x00000000   Code   RO         2691    .ARM.Collect$$rtentry$$00000009  c_w.l(__rtentry2.o)
    0x0800021a   0x0800021a   0x00000004   Code   RO         2692    .ARM.Collect$$rtentry$$0000000A  c_w.l(__rtentry2.o)
    0x0800021e   0x0800021e   0x00000000   Code   RO         2694    .ARM.Collect$$rtentry$$0000000C  c_w.l(__rtentry2.o)
    0x0800021e   0x0800021e   0x00000008   Code   RO         2695    .ARM.Collect$$rtentry$$0000000D  c_w.l(__rtentry2.o)
    0x08000226   0x08000226   0x00000002   Code   RO         2776    .ARM.Collect$$rtexit$$00000000  c_w.l(rtexit.o)
    0x08000228   0x08000228   0x00000000   Code   RO         2809    .ARM.Collect$$rtexit$$00000002  c_w.l(rtexit2.o)
    0x08000228   0x08000228   0x00000004   Code   RO         2810    .ARM.Collect$$rtexit$$00000003  c_w.l(rtexit2.o)
    0x0800022c   0x0800022c   0x00000006   Code   RO         2811    .ARM.Collect$$rtexit$$00000004  c_w.l(rtexit2.o)
    0x08000232   0x08000232   0x00000002   PAD
    0x08000234   0x08000234   0x00000040   Code   RO         2397  * .text               startup_stm32f303xe.o
    0x08000274   0x08000274   0x000000f0   Code   RO         2514    .text               c_w.l(lludivv7m.o)
    0x08000364   0x08000364   0x0000003e   Code   RO         2516    .text               c_w.l(strlen.o)
    0x080003a2   0x080003a2   0x0000004e   Code   RO         2522    .text               c_w.l(rt_memclr_w.o)
    0x080003f0   0x080003f0   0x00000006   Code   RO         2524    .text               c_w.l(heapauxi.o)
    0x080003f6   0x080003f6   0x00000016   Code   RO         2594    .text               c_w.l(_rserrno.o)
    0x0800040c   0x0800040c   0x00000008   Code   RO         2685    .text               c_w.l(libspace.o)
    0x08000414   0x08000414   0x00000008   Code   RO         2708    .text               c_w.l(rt_errno_addr_intlibspace.o)
    0x0800041c   0x0800041c   0x00000002   Code   RO         2743    .text               c_w.l(use_no_semi.o)
    0x0800041e   0x0800041e   0x00000000   Code   RO         2745    .text               c_w.l(indicate_semi.o)
    0x0800041e   0x0800041e   0x0000004a   Code   RO         2746    .text               c_w.l(sys_stackheap_outer.o)
    0x08000468   0x08000468   0x00000012   Code   RO         2752    .text               c_w.l(exit.o)
    0x0800047a   0x0800047a   0x00000002   PAD
    0x0800047c   0x0800047c   0x0000000c   Code   RO         2772    .text               c_w.l(sys_exit.o)
    0x08000488   0x08000488   0x000000d6   Code   RO          351    .text.ADC_Disable   stm32f3xx_hal_adc_ex.o
    0x0800055e   0x0800055e   0x00000002   PAD
    0x08000560   0x08000560   0x000000ca   Code   RO          359    .text.ADC_Enable    stm32f3xx_hal_adc_ex.o
    0x0800062a   0x0800062a   0x00000002   PAD
    0x0800062c   0x0800062c   0x00000004   Code   RO           89    .text.BusFault_Handler  stm32f3xx_it.o
    0x08000630   0x08000630   0x00000010   Code   RO          101    .text.DMA1_Channel3_IRQHandler  stm32f3xx_it.o
    0x08000640   0x08000640   0x0000007c   Code   RO          608    .text.DMA_CalcBaseAndBitshift  stm32f3xx_hal_dma.o
    0x080006bc   0x080006bc   0x00000050   Code   RO          614    .text.DMA_SetConfig  stm32f3xx_hal_dma.o
    0x0800070c   0x0800070c   0x00000002   Code   RO           95    .text.DebugMon_Handler  stm32f3xx_it.o
    0x0800070e   0x0800070e   0x00000002   PAD
    0x08000710   0x08000710   0x00000006   Code   RO           46    .text.Error_Handler  main.o
    0x08000716   0x08000716   0x00000002   PAD
    0x08000718   0x08000718   0x0000025c   Code   RO          431    .text.HAL_ADCEx_MultiModeConfigChannel  stm32f3xx_hal_adc_ex.o
    0x08000974   0x08000974   0x000005d0   Code   RO          425    .text.HAL_ADC_ConfigChannel  stm32f3xx_hal_adc_ex.o
    0x08000f44   0x08000f44   0x0000000e   Code   RO          381    .text.HAL_ADC_GetValue  stm32f3xx_hal_adc_ex.o
    0x08000f52   0x08000f52   0x00000002   PAD
    0x08000f54   0x08000f54   0x000004b6   Code   RO          349    .text.HAL_ADC_Init  stm32f3xx_hal_adc_ex.o
    0x0800140a   0x0800140a   0x00000002   PAD
    0x0800140c   0x0800140c   0x000000e0   Code   RO         2406    .text.HAL_ADC_MspInit  stm32f3xx_hal_msp.o
    0x080014ec   0x080014ec   0x0000028c   Code   RO          363    .text.HAL_ADC_PollForConversion  stm32f3xx_hal_adc_ex.o
    0x08001778   0x08001778   0x000002c4   Code   RO          357    .text.HAL_ADC_Start  stm32f3xx_hal_adc_ex.o
    0x08001a3c   0x08001a3c   0x0000009c   Code   RO          587    .text.HAL_DAC_ConfigChannel  stm32f3xx_hal_dac_ex.o
    0x08001ad8   0x08001ad8   0x0000004a   Code   RO          516    .text.HAL_DAC_Init  stm32f3xx_hal_dac.o
    0x08001b22   0x08001b22   0x00000002   PAD
    0x08001b24   0x08001b24   0x0000007c   Code   RO         2410    .text.HAL_DAC_MspInit  stm32f3xx_hal_msp.o
    0x08001ba0   0x08001ba0   0x00000074   Code   RO          618    .text.HAL_DMA_Abort  stm32f3xx_hal_dma.o
    0x08001c14   0x08001c14   0x00000078   Code   RO          620    .text.HAL_DMA_Abort_IT  stm32f3xx_hal_dma.o
    0x08001c8c   0x08001c8c   0x0000013c   Code   RO          624    .text.HAL_DMA_IRQHandler  stm32f3xx_hal_dma.o
    0x08001dc8   0x08001dc8   0x00000088   Code   RO          606    .text.HAL_DMA_Init  stm32f3xx_hal_dma.o
    0x08001e50   0x08001e50   0x000000ca   Code   RO          616    .text.HAL_DMA_Start_IT  stm32f3xx_hal_dma.o
    0x08001f1a   0x08001f1a   0x00000002   PAD
    0x08001f1c   0x08001f1c   0x00000042   Code   RO          258    .text.HAL_Delay     stm32f3xx_hal.o
    0x08001f5e   0x08001f5e   0x00000002   PAD
    0x08001f60   0x08001f60   0x00000384   Code   RO          741    .text.HAL_GPIO_Init  stm32f3xx_hal_gpio.o
    0x080022e4   0x080022e4   0x0000002c   Code   RO          747    .text.HAL_GPIO_WritePin  stm32f3xx_hal_gpio.o
    0x08002310   0x08002310   0x0000000c   Code   RO          250    .text.HAL_GetTick   stm32f3xx_hal.o
    0x0800231c   0x0800231c   0x00000098   Code   RO          930    .text.HAL_I2CEx_ConfigAnalogFilter  stm32f3xx_hal_i2c_ex.o
    0x080023b4   0x080023b4   0x000000a2   Code   RO          932    .text.HAL_I2CEx_ConfigDigitalFilter  stm32f3xx_hal_i2c_ex.o
    0x08002456   0x08002456   0x00000002   PAD
    0x08002458   0x08002458   0x00000104   Code   RO          765    .text.HAL_I2C_Init  stm32f3xx_hal_i2c.o
    0x0800255c   0x0800255c   0x0000028a   Code   RO          831    .text.HAL_I2C_Mem_Read  stm32f3xx_hal_i2c.o
    0x080027e6   0x080027e6   0x00000002   PAD
    0x080027e8   0x080027e8   0x00000274   Code   RO          827    .text.HAL_I2C_Mem_Write  stm32f3xx_hal_i2c.o
    0x08002a5c   0x08002a5c   0x00000088   Code   RO         2414    .text.HAL_I2C_MspInit  stm32f3xx_hal_msp.o
    0x08002ae4   0x08002ae4   0x0000001a   Code   RO          248    .text.HAL_IncTick   stm32f3xx_hal.o
    0x08002afe   0x08002afe   0x00000002   PAD
    0x08002b00   0x08002b00   0x0000002c   Code   RO          238    .text.HAL_Init      stm32f3xx_hal.o
    0x08002b2c   0x08002b2c   0x00000070   Code   RO          240    .text.HAL_InitTick  stm32f3xx_hal.o
    0x08002b9c   0x08002b9c   0x0000004a   Code   RO         2404    .text.HAL_MspInit   stm32f3xx_hal_msp.o
    0x08002be6   0x08002be6   0x00000002   PAD
    0x08002be8   0x08002be8   0x00000014   Code   RO          455    .text.HAL_NVIC_EnableIRQ  stm32f3xx_hal_cortex.o
    0x08002bfc   0x08002bfc   0x00000032   Code   RO          447    .text.HAL_NVIC_SetPriority  stm32f3xx_hal_cortex.o
    0x08002c2e   0x08002c2e   0x00000002   PAD
    0x08002c30   0x08002c30   0x00000010   Code   RO          443    .text.HAL_NVIC_SetPriorityGrouping  stm32f3xx_hal_cortex.o
    0x08002c40   0x08002c40   0x000005ac   Code   RO         1045    .text.HAL_RCCEx_PeriphCLKConfig  stm32f3xx_hal_rcc_ex.o
    0x080031ec   0x080031ec   0x00000546   Code   RO         1012    .text.HAL_RCC_ClockConfig  stm32f3xx_hal_rcc.o
    0x08003732   0x08003732   0x00000002   PAD
    0x08003734   0x08003734   0x0000000c   Code   RO         1022    .text.HAL_RCC_GetHCLKFreq  stm32f3xx_hal_rcc.o
    0x08003740   0x08003740   0x00000056   Code   RO         1024    .text.HAL_RCC_GetPCLK1Freq  stm32f3xx_hal_rcc.o
    0x08003796   0x08003796   0x00000002   PAD
    0x08003798   0x08003798   0x00000056   Code   RO         1026    .text.HAL_RCC_GetPCLK2Freq  stm32f3xx_hal_rcc.o
    0x080037ee   0x080037ee   0x00000002   PAD
    0x080037f0   0x080037f0   0x00000124   Code   RO         1014    .text.HAL_RCC_GetSysClockFreq  stm32f3xx_hal_rcc.o
    0x08003914   0x08003914   0x000014fa   Code   RO         1010    .text.HAL_RCC_OscConfig  stm32f3xx_hal_rcc.o
    0x08004e0e   0x08004e0e   0x00000002   PAD
    0x08004e10   0x08004e10   0x0000014c   Code   RO         1067    .text.HAL_SPI_Init  stm32f3xx_hal_spi.o
    0x08004f5c   0x08004f5c   0x0000008a   Code   RO         2418    .text.HAL_SPI_MspInit  stm32f3xx_hal_msp.o
    0x08004fe6   0x08004fe6   0x00000002   PAD
    0x08004fe8   0x08004fe8   0x000002da   Code   RO         1075    .text.HAL_SPI_Transmit  stm32f3xx_hal_spi.o
    0x080052c2   0x080052c2   0x00000002   PAD
    0x080052c4   0x080052c4   0x00000010   Code   RO          467    .text.HAL_SYSTICK_Config  stm32f3xx_hal_cortex.o
    0x080052d4   0x080052d4   0x0000015c   Code   RO         1512    .text.HAL_TIMEx_MasterConfigSynchronization  stm32f3xx_hal_tim_ex.o
    0x08005430   0x08005430   0x000000a8   Code   RO         1195    .text.HAL_TIM_Base_Init  stm32f3xx_hal_tim.o
    0x080054d8   0x080054d8   0x00000034   Code   RO         2422    .text.HAL_TIM_Base_MspInit  stm32f3xx_hal_msp.o
    0x0800550c   0x0800550c   0x0000018a   Code   RO         1391    .text.HAL_TIM_ConfigClockSource  stm32f3xx_hal_tim.o
    0x08005696   0x08005696   0x00000002   PAD
    0x08005698   0x08005698   0x000000fc   Code   RO         2426    .text.HAL_TIM_MspPostInit  stm32f3xx_hal_msp.o
    0x08005794   0x08005794   0x000001b0   Code   RO         1365    .text.HAL_TIM_PWM_ConfigChannel  stm32f3xx_hal_tim.o
    0x08005944   0x08005944   0x000000a8   Code   RO         1249    .text.HAL_TIM_PWM_Init  stm32f3xx_hal_tim.o
    0x080059ec   0x080059ec   0x0000003a   Code   RO         2424    .text.HAL_TIM_PWM_MspInit  stm32f3xx_hal_msp.o
    0x08005a26   0x08005a26   0x00000002   PAD
    0x08005a28   0x08005a28   0x00000286   Code   RO         1257    .text.HAL_TIM_PWM_Start  stm32f3xx_hal_tim.o
    0x08005cae   0x08005cae   0x00000002   PAD
    0x08005cb0   0x08005cb0   0x00000194   Code   RO         1259    .text.HAL_TIM_PWM_Stop  stm32f3xx_hal_tim.o
    0x08005e44   0x08005e44   0x0000000c   Code   RO         1586    .text.HAL_UARTEx_RxEventCallback  stm32f3xx_hal_uart.o
    0x08005e50   0x08005e50   0x00000008   Code   RO         1691    .text.HAL_UARTEx_WakeupCallback  stm32f3xx_hal_uart_ex.o
    0x08005e58   0x08005e58   0x00000008   Code   RO         1576    .text.HAL_UART_AbortCpltCallback  stm32f3xx_hal_uart.o
    0x08005e60   0x08005e60   0x00000008   Code   RO         1580    .text.HAL_UART_AbortReceiveCpltCallback  stm32f3xx_hal_uart.o
    0x08005e68   0x08005e68   0x00000008   Code   RO         1578    .text.HAL_UART_AbortTransmitCpltCallback  stm32f3xx_hal_uart.o
    0x08005e70   0x08005e70   0x00000008   Code   RO         1574    .text.HAL_UART_ErrorCallback  stm32f3xx_hal_uart.o
    0x08005e78   0x08005e78   0x000004d8   Code   RO         1646    .text.HAL_UART_IRQHandler  stm32f3xx_hal_uart.o
    0x08006350   0x08006350   0x000000c8   Code   RO         1540    .text.HAL_UART_Init  stm32f3xx_hal_uart.o
    0x08006418   0x08006418   0x00000142   Code   RO         2432    .text.HAL_UART_MspInit  stm32f3xx_hal_msp.o
    0x0800655a   0x0800655a   0x00000002   PAD
    0x0800655c   0x0800655c   0x00000008   Code   RO         1572    .text.HAL_UART_RxCpltCallback  stm32f3xx_hal_uart.o
    0x08006564   0x08006564   0x00000008   Code   RO         1570    .text.HAL_UART_RxHalfCpltCallback  stm32f3xx_hal_uart.o
    0x0800656c   0x0800656c   0x00000150   Code   RO         1588    .text.HAL_UART_Transmit  stm32f3xx_hal_uart.o
    0x080066bc   0x080066bc   0x00000008   Code   RO         1568    .text.HAL_UART_TxCpltCallback  stm32f3xx_hal_uart.o
    0x080066c4   0x080066c4   0x00000008   Code   RO         1566    .text.HAL_UART_TxHalfCpltCallback  stm32f3xx_hal_uart.o
    0x080066cc   0x080066cc   0x00000004   Code   RO           85    .text.HardFault_Handler  stm32f3xx_it.o
    0x080066d0   0x080066d0   0x00000040   Code   RO          905    .text.I2C_Flush_TXDR  stm32f3xx_hal_i2c.o
    0x08006710   0x08006710   0x0000010c   Code   RO          921    .text.I2C_IsAcknowledgeFailed  stm32f3xx_hal_i2c.o
    0x0800681c   0x0800681c   0x000000be   Code   RO          833    .text.I2C_RequestMemoryRead  stm32f3xx_hal_i2c.o
    0x080068da   0x080068da   0x00000002   PAD
    0x080068dc   0x080068dc   0x000000c0   Code   RO          829    .text.I2C_RequestMemoryWrite  stm32f3xx_hal_i2c.o
    0x0800699c   0x0800699c   0x0000004a   Code   RO          777    .text.I2C_TransferConfig  stm32f3xx_hal_i2c.o
    0x080069e6   0x080069e6   0x00000002   PAD
    0x080069e8   0x080069e8   0x00000090   Code   RO          775    .text.I2C_WaitOnFlagUntilTimeout  stm32f3xx_hal_i2c.o
    0x08006a78   0x08006a78   0x0000008c   Code   RO          781    .text.I2C_WaitOnSTOPFlagUntilTimeout  stm32f3xx_hal_i2c.o
    0x08006b04   0x08006b04   0x00000096   Code   RO          779    .text.I2C_WaitOnTXISFlagUntilTimeout  stm32f3xx_hal_i2c.o
    0x08006b9a   0x08006b9a   0x00000002   PAD
    0x08006b9c   0x08006b9c   0x000000a2   Code   RO           10    .text.MX_ADC1_Init  main.o
    0x08006c3e   0x08006c3e   0x00000002   PAD
    0x08006c40   0x08006c40   0x000000a6   Code   RO           12    .text.MX_ADC3_Init  main.o
    0x08006ce6   0x08006ce6   0x00000002   PAD
    0x08006ce8   0x08006ce8   0x0000004e   Code   RO           14    .text.MX_DAC1_Init  main.o
    0x08006d36   0x08006d36   0x00000002   PAD
    0x08006d38   0x08006d38   0x00000038   Code   RO            8    .text.MX_DMA_Init   main.o
    0x08006d70   0x08006d70   0x00000176   Code   RO            6    .text.MX_GPIO_Init  main.o
    0x08006ee6   0x08006ee6   0x00000002   PAD
    0x08006ee8   0x08006ee8   0x00000076   Code   RO           16    .text.MX_I2C1_Init  main.o
    0x08006f5e   0x08006f5e   0x00000002   PAD
    0x08006f60   0x08006f60   0x0000001a   Code   RO           28    .text.MX_NVIC_Init  main.o
    0x08006f7a   0x08006f7a   0x00000002   PAD
    0x08006f7c   0x08006f7c   0x00000056   Code   RO           18    .text.MX_SPI2_Init  main.o
    0x08006fd2   0x08006fd2   0x00000002   PAD
    0x08006fd4   0x08006fd4   0x0000010a   Code   RO           20    .text.MX_TIM2_Init  main.o
    0x080070de   0x080070de   0x00000002   PAD
    0x080070e0   0x080070e0   0x0000009c   Code   RO           22    .text.MX_TIM3_Init  main.o
    0x0800717c   0x0800717c   0x00000044   Code   RO           24    .text.MX_USART2_UART_Init  main.o
    0x080071c0   0x080071c0   0x0000005a   Code   RO           26    .text.MX_USART3_UART_Init  main.o
    0x0800721a   0x0800721a   0x00000002   PAD
    0x0800721c   0x0800721c   0x00000004   Code   RO           87    .text.MemManage_Handler  stm32f3xx_it.o
    0x08007220   0x08007220   0x00000004   Code   RO           83    .text.NMI_Handler   stm32f3xx_it.o
    0x08007224   0x08007224   0x0000006c   Code   RO          453    .text.NVIC_EncodePriority  stm32f3xx_hal_cortex.o
    0x08007290   0x08007290   0x00000002   Code   RO           97    .text.PendSV_Handler  stm32f3xx_it.o
    0x08007292   0x08007292   0x00000002   PAD
    0x08007294   0x08007294   0x00000096   Code   RO         1077    .text.SPI_EndRxTxTransaction  stm32f3xx_hal_spi.o
    0x0800732a   0x0800732a   0x00000002   PAD
    0x0800732c   0x0800732c   0x0000014c   Code   RO         1133    .text.SPI_WaitFifoStateUntilTimeout  stm32f3xx_hal_spi.o
    0x08007478   0x08007478   0x0000012a   Code   RO         1135    .text.SPI_WaitFlagStateUntilTimeout  stm32f3xx_hal_spi.o
    0x080075a2   0x080075a2   0x00000002   PAD
    0x080075a4   0x080075a4   0x00000002   Code   RO           93    .text.SVC_Handler   stm32f3xx_it.o
    0x080075a6   0x080075a6   0x00000002   PAD
    0x080075a8   0x080075a8   0x00000052   Code   RO          469    .text.SysTick_Config  stm32f3xx_hal_cortex.o
    0x080075fa   0x080075fa   0x00000002   PAD
    0x080075fc   0x080075fc   0x00000008   Code   RO           99    .text.SysTick_Handler  stm32f3xx_it.o
    0x08007604   0x08007604   0x000000a2   Code   RO            4    .text.SystemClock_Config  main.o
    0x080076a6   0x080076a6   0x00000002   PAD
    0x080076a8   0x080076a8   0x00000012   Code   RO         2443    .text.SystemInit    system_stm32f3xx.o
    0x080076ba   0x080076ba   0x00000002   PAD
    0x080076bc   0x080076bc   0x000001b0   Code   RO         1199    .text.TIM_Base_SetConfig  stm32f3xx_hal_tim.o
    0x0800786c   0x0800786c   0x00000036   Code   RO         1233    .text.TIM_CCxChannelCmd  stm32f3xx_hal_tim.o
    0x080078a2   0x080078a2   0x00000002   PAD
    0x080078a4   0x080078a4   0x00000034   Code   RO         1389    .text.TIM_ETR_SetConfig  stm32f3xx_hal_tim.o
    0x080078d8   0x080078d8   0x0000002a   Code   RO         1395    .text.TIM_ITRx_SetConfig  stm32f3xx_hal_tim.o
    0x08007902   0x08007902   0x00000002   PAD
    0x08007904   0x08007904   0x00000174   Code   RO         1343    .text.TIM_OC1_SetConfig  stm32f3xx_hal_tim.o
    0x08007a78   0x08007a78   0x00000190   Code   RO         1345    .text.TIM_OC2_SetConfig  stm32f3xx_hal_tim.o
    0x08007c08   0x08007c08   0x0000018e   Code   RO         1347    .text.TIM_OC3_SetConfig  stm32f3xx_hal_tim.o
    0x08007d96   0x08007d96   0x00000002   PAD
    0x08007d98   0x08007d98   0x000000ec   Code   RO         1349    .text.TIM_OC4_SetConfig  stm32f3xx_hal_tim.o
    0x08007e84   0x08007e84   0x000000e2   Code   RO         1351    .text.TIM_OC5_SetConfig  stm32f3xx_hal_tim.o
    0x08007f66   0x08007f66   0x00000002   PAD
    0x08007f68   0x08007f68   0x000000e4   Code   RO         1353    .text.TIM_OC6_SetConfig  stm32f3xx_hal_tim.o
    0x0800804c   0x0800804c   0x00000050   Code   RO         1393    .text.TIM_TI1_ConfigInputStage  stm32f3xx_hal_tim.o
    0x0800809c   0x0800809c   0x00000052   Code   RO         1397    .text.TIM_TI2_ConfigInputStage  stm32f3xx_hal_tim.o
    0x080080ee   0x080080ee   0x00000002   PAD
    0x080080f0   0x080080f0   0x00000148   Code   RO         1548    .text.UART_AdvFeatureConfig  stm32f3xx_hal_uart.o
    0x08008238   0x08008238   0x000000a4   Code   RO         1550    .text.UART_CheckIdleState  stm32f3xx_hal_uart.o
    0x080082dc   0x080082dc   0x00000026   Code   RO         1648    .text.UART_DMAAbortOnError  stm32f3xx_hal_uart.o
    0x08008302   0x08008302   0x00000002   PAD
    0x08008304   0x08008304   0x0000007e   Code   RO         1610    .text.UART_DMAError  stm32f3xx_hal_uart.o
    0x08008382   0x08008382   0x00000002   PAD
    0x08008384   0x08008384   0x000000f0   Code   RO         1678    .text.UART_DMAReceiveCplt  stm32f3xx_hal_uart.o
    0x08008474   0x08008474   0x00000034   Code   RO         1680    .text.UART_DMARxHalfCplt  stm32f3xx_hal_uart.o
    0x080084a8   0x080084a8   0x00000096   Code   RO         1624    .text.UART_EndRxTransfer  stm32f3xx_hal_uart.o
    0x0800853e   0x0800853e   0x00000002   PAD
    0x08008540   0x08008540   0x00000044   Code   RO         1650    .text.UART_EndTransmit_IT  stm32f3xx_hal_uart.o
    0x08008584   0x08008584   0x00000034   Code   RO         1622    .text.UART_EndTxTransfer  stm32f3xx_hal_uart.o
    0x080085b8   0x080085b8   0x00000094   Code   RO         1542    .text.UART_InitCallbacksToDefault  stm32f3xx_hal_uart.o
    0x0800864c   0x0800864c   0x00000402   Code   RO         1546    .text.UART_SetConfig  stm32f3xx_hal_uart.o
    0x08008a4e   0x08008a4e   0x00000002   PAD
    0x08008a50   0x08008a50   0x0000012c   Code   RO         1614    .text.UART_Start_Receive_DMA  stm32f3xx_hal_uart.o
    0x08008b7c   0x08008b7c   0x00000170   Code   RO         1590    .text.UART_WaitOnFlagUntilTimeout  stm32f3xx_hal_uart.o
    0x08008cec   0x08008cec   0x00000010   Code   RO          103    .text.USART3_IRQHandler  stm32f3xx_it.o
    0x08008cfc   0x08008cfc   0x00000004   Code   RO           91    .text.UsageFault_Handler  stm32f3xx_it.o
    0x08008d00   0x08008d00   0x00000030   Code   RO          457    .text.__NVIC_EnableIRQ  stm32f3xx_hal_cortex.o
    0x08008d30   0x08008d30   0x00000010   Code   RO          449    .text.__NVIC_GetPriorityGrouping  stm32f3xx_hal_cortex.o
    0x08008d40   0x08008d40   0x00000042   Code   RO          451    .text.__NVIC_SetPriority  stm32f3xx_hal_cortex.o
    0x08008d82   0x08008d82   0x00000002   PAD
    0x08008d84   0x08008d84   0x0000003c   Code   RO          445    .text.__NVIC_SetPriorityGrouping  stm32f3xx_hal_cortex.o
    0x08008dc0   0x08008dc0   0x000000aa   Code   RO          146    .text.commandList   st7735.o
    0x08008e6a   0x08008e6a   0x00000002   PAD
    0x08008e6c   0x08008e6c   0x00000064   Code   RO          142    .text.commonInit    st7735.o
    0x08008ed0   0x08008ed0   0x00000056   Code   RO           30    .text.display_init  main.o
    0x08008f26   0x08008f26   0x00000002   PAD
    0x08008f28   0x08008f28   0x000001d4   Code   RO           44    .text.display_test  main.o
    0x080090fc   0x080090fc   0x00000092   Code   RO           42    .text.eeprom_test   main.o
    0x0800918e   0x0800918e   0x00000002   PAD
    0x08009190   0x08009190   0x0000026e   Code   RO          168    .text.lcd7735_drawBitmap  st7735.o
    0x080093fe   0x080093fe   0x00000002   PAD
    0x08009400   0x08009400   0x0000012e   Code   RO          154    .text.lcd7735_fillRect  st7735.o
    0x0800952e   0x0800952e   0x00000002   PAD
    0x08009530   0x08009530   0x00000034   Code   RO          184    .text.lcd7735_fillScreen  st7735.o
    0x08009564   0x08009564   0x0000007e   Code   RO          144    .text.lcd7735_initR  st7735.o
    0x080095e2   0x080095e2   0x00000002   PAD
    0x080095e4   0x080095e4   0x000000ce   Code   RO          178    .text.lcd7735_print  st7735.o
    0x080096b2   0x080096b2   0x00000002   PAD
    0x080096b4   0x080096b4   0x00000024   Code   RO          150    .text.lcd7735_pushColor  st7735.o
    0x080096d8   0x080096d8   0x0000003a   Code   RO          126    .text.lcd7735_sendCmd  hw_config.o
    0x08009712   0x08009712   0x00000002   PAD
    0x08009714   0x08009714   0x0000003a   Code   RO          128    .text.lcd7735_sendData  hw_config.o
    0x0800974e   0x0800974e   0x00000002   PAD
    0x08009750   0x08009750   0x00000040   Code   RO          122    .text.lcd7735_senddata  hw_config.o
    0x08009790   0x08009790   0x0000004e   Code   RO          124    .text.lcd7735_senddata16  hw_config.o
    0x080097de   0x080097de   0x00000002   PAD
    0x080097e0   0x080097e0   0x00000094   Code   RO          148    .text.lcd7735_setAddrWindow  st7735.o
    0x08009874   0x08009874   0x0000002c   Code   RO          172    .text.lcd7735_setFont  st7735.o
    0x080098a0   0x080098a0   0x00000084   Code   RO           34    .text.led_switch_test  main.o
    0x08009924   0x08009924   0x00000622   Code   RO            2    .text.main          main.o
    0x08009f46   0x08009f46   0x00000002   PAD
    0x08009f48   0x08009f48   0x00000028   Code   RO           36    .text.potentiometer_test  main.o
    0x08009f70   0x08009f70   0x0000022e   Code   RO          174    .text.printChar     st7735.o
    0x0800a19e   0x0800a19e   0x00000002   PAD
    0x0800a1a0   0x0800a1a0   0x000001fc   Code   RO           38    .text.rgb_test      main.o
    0x0800a39c   0x0800a39c   0x00000004   PAD
    0x0800a3a0   0x0800a3a0   0x000002f0   Code   RO          176    .text.rotateChar    st7735.o
    0x0800a690   0x0800a690   0x000000fc   Code   RO           32    .text.test_init     main.o
    0x0800a78c   0x0800a78c   0x000000d6   Code   RO           40    .text.usb_transmit  main.o
    0x0800a862   0x0800a862   0x00000030   Code   RO         2739    i.__ARM_fpclassify  m_wm.l(fpclassify.o)
    0x0800a892   0x0800a892   0x00000006   PAD
    0x0800a898   0x0800a898   0x000000c8   Code   RO         2546    i.__hardfp_cos      m_wm.l(cos.o)
    0x0800a960   0x0800a960   0x000000c8   Code   RO         2552    i.__hardfp_sin      m_wm.l(sin.o)
    0x0800aa28   0x0800aa28   0x00000438   Code   RO         2673    i.__ieee754_rem_pio2  m_wm.l(rred.o)
    0x0800ae60   0x0800ae60   0x00000170   Code   RO         2656    i.__kernel_cos      m_wm.l(cos_i.o)
    0x0800afd0   0x0800afd0   0x000000f8   Code   RO         2741    i.__kernel_poly     m_wm.l(poly.o)
    0x0800b0c8   0x0800b0c8   0x00000130   Code   RO         2678    i.__kernel_sin      m_wm.l(sin_i.o)
    0x0800b1f8   0x0800b1f8   0x00000014   Code   RO         2660    i.__mathlib_dbl_infnan  m_wm.l(dunder.o)
    0x0800b20c   0x0800b20c   0x00000004   PAD
    0x0800b210   0x0800b210   0x00000020   Code   RO         2662    i.__mathlib_dbl_invalid  m_wm.l(dunder.o)
    0x0800b230   0x0800b230   0x00000020   Code   RO         2665    i.__mathlib_dbl_underflow  m_wm.l(dunder.o)
    0x0800b250   0x0800b250   0x00000018   Code   RO         2735    i.fabs              m_wm.l(fabs.o)
    0x0800b268   0x0800b268   0x00000018   Code   RO         2649    x$fpl$basic         fz_wm.l(basic.o)
    0x0800b280   0x0800b280   0x00000150   Code   RO         2528    x$fpl$dadd          fz_wm.l(daddsub_clz.o)
    0x0800b3d0   0x0800b3d0   0x000002b4   Code   RO         2728    x$fpl$ddiv          fz_wm.l(ddiv.o)
    0x0800b684   0x0800b684   0x0000005e   Code   RO         2534    x$fpl$dfix          fz_wm.l(dfix.o)
    0x0800b6e2   0x0800b6e2   0x0000002e   Code   RO         2539    x$fpl$dflt          fz_wm.l(dflt_clz.o)
    0x0800b710   0x0800b710   0x00000026   Code   RO         2538    x$fpl$dfltu         fz_wm.l(dflt_clz.o)
    0x0800b736   0x0800b736   0x00000002   PAD
    0x0800b738   0x0800b738   0x00000154   Code   RO         2544    x$fpl$dmul          fz_wm.l(dmul.o)
    0x0800b88c   0x0800b88c   0x0000009c   Code   RO         2651    x$fpl$dnaninf       fz_wm.l(dnaninf.o)
    0x0800b928   0x0800b928   0x0000000c   Code   RO         2653    x$fpl$dretinf       fz_wm.l(dretinf.o)
    0x0800b934   0x0800b934   0x00000016   Code   RO         2529    x$fpl$drsb          fz_wm.l(daddsub_clz.o)
    0x0800b94a   0x0800b94a   0x00000002   PAD
    0x0800b94c   0x0800b94c   0x000001dc   Code   RO         2530    x$fpl$dsub          fz_wm.l(daddsub_clz.o)
    0x0800bb28   0x0800bb28   0x0000001a   Code   RO         2731    x$fpl$fpinit        fz_wm.l(fpinit.o)
    0x0800bb42   0x0800bb42   0x00000000   Code   RO         2655    x$fpl$usenofp       fz_wm.l(usenofp.o)
    0x0800bb42   0x0800bb42   0x00000006   PAD
    0x0800bb48   0x0800bb48   0x00000030   Data   RO         2657    .constdata          m_wm.l(cos_i.o)
    0x0800bb78   0x0800bb78   0x000000cc   Data   RO         2675    .constdata          m_wm.l(rred.o)
    0x0800bc44   0x0800bc44   0x00000004   PAD
    0x0800bc48   0x0800bc48   0x00000028   Data   RO         2679    .constdata          m_wm.l(sin_i.o)
    0x0800bc70   0x0800bc70   0x00000010   Data   RO         2448    .rodata.AHBPrescTable  system_stm32f3xx.o
    0x0800bc80   0x0800bc80   0x00000008   Data   RO         2449    .rodata.APBPrescTable  system_stm32f3xx.o
    0x0800bc88   0x0800bc88   0x0000a000   Data   RO           51    .rodata.Odin_160x128  main.o
    0x08015c88   0x08015c88   0x0000003c   Data   RO          217    .rodata.Rcmd1       st7735.o
    0x08015cc4   0x08015cc4   0x0000000d   Data   RO          218    .rodata.Rcmd2green  st7735.o
    0x08015cd1   0x08015cd1   0x0000000d   Data   RO          221    .rodata.Rcmd2red    st7735.o
    0x08015cde   0x08015cde   0x0000002b   Data   RO          222    .rodata.Rcmd3       st7735.o
    0x08015d09   0x08015d09   0x00000478   Data   RO          112    .rodata.SmallFont   defaultfonts.o
    0x08016181   0x08016181   0x00000010   Data   RO         1036    .rodata.aPLLMULFactorTable  stm32f3xx_hal_rcc.o
    0x08016191   0x08016191   0x00000010   Data   RO         1037    .rodata.aPredivFactorTable  stm32f3xx_hal_rcc.o
    0x080161a1   0x080161a1   0x00000001   PAD
    0x080161a2   0x080161a2   0x000000c8   Data   RO           49    .rodata.cancel_10x10  main.o
    0x0801626a   0x0801626a   0x000000c8   Data   RO           48    .rodata.complete_10x10  main.o
    0x08016332   0x08016332   0x000000c8   Data   RO           50    .rodata.skip_10x10  main.o
    0x080163fa   0x080163fa   0x000000a0   Data   RO           54    .rodata.str1.1      main.o
    0x0801649a   0x0801649a   0x00000002   PAD
    0x0801649c   0x0801649c   0x00000020   Data   RO         2835    Region$$Table       anon$$obj.o


    Execution Region ER_RW (Exec base: 0x20000000, Load base: 0x080164bc, Size: 0x000000a0, Max: 0xffffffff, ABSOLUTE)

    Exec Addr    Load Addr    Size         Type   Attr      Idx    E Section Name        Object

    0x20000000   0x080164bc   0x00000004   Data   RW         2447    .data.SystemCoreClock  system_stm32f3xx.o
    0x20000004   0x080164c0   0x00000002   Data   RW          228    .data._fg           st7735.o
    0x20000006   0x080164c2   0x00000002   Data   RW          224    .data._height       st7735.o
    0x20000008   0x080164c4   0x00000002   Data   RW          223    .data._width        st7735.o
    0x2000000a   0x080164c6   0x00000002   Data   RW           60    .data.rgb_test.red  main.o
    0x2000000c   0x080164c8   0x0000008c   Data   RW           52    .data.testText      main.o
    0x20000098   0x08016554   0x00000001   Data   RW          289    .data.uwTickFreq    stm32f3xx_hal.o
    0x20000099   0x08016555   0x00000003   PAD
    0x2000009c   0x08016558   0x00000004   Data   RW          288    .data.uwTickPrio    stm32f3xx_hal.o


    Execution Region ER_ZI (Exec base: 0x200000a0, Load base: 0x0801655c, Size: 0x00000a40, Max: 0xffffffff, ABSOLUTE)

    Exec Addr    Load Addr    Size         Type   Attr      Idx    E Section Name        Object

    0x200000a0        -       0x00000060   Zero   RW         2686    .bss                c_w.l(libspace.o)
    0x20000100        -       0x00000002   Zero   RW          229    .bss._bg            st7735.o
    0x20000102        -       0x00000001   Zero   RW          227    .bss._transparent   st7735.o
    0x20000103   0x0801655c   0x00000001   PAD
    0x20000104        -       0x0000000c   Zero   RW          226    .bss.cfont          st7735.o
    0x20000110        -       0x00000004   Zero   RW          219    .bss.colstart       st7735.o
    0x20000114        -       0x00000001   Zero   RW           67    .bss.display_test.state  main.o
    0x20000115   0x0801655c   0x00000003   PAD
    0x20000118        -       0x00000004   Zero   RW           68    .bss.display_test.time  main.o
    0x2000011c        -       0x00000050   Zero   RW           69    .bss.hadc1          main.o
    0x2000016c        -       0x00000050   Zero   RW           58    .bss.hadc3          main.o
    0x200001bc        -       0x00000014   Zero   RW           70    .bss.hdac1          main.o
    0x200001d0        -       0x00000044   Zero   RW           73    .bss.hdma_usart3_rx  main.o
    0x20000214        -       0x0000004c   Zero   RW           65    .bss.hi2c1          main.o
    0x20000260        -       0x00000064   Zero   RW           71    .bss.hspi2          main.o
    0x200002c4        -       0x0000004c   Zero   RW           55    .bss.htim2          main.o
    0x20000310        -       0x0000004c   Zero   RW           66    .bss.htim3          main.o
    0x2000035c        -       0x000000b4   Zero   RW           72    .bss.huart2         main.o
    0x20000410        -       0x000000b4   Zero   RW           64    .bss.huart3         main.o
    0x200004c4        -       0x00000001   Zero   RW           57    .bss.led_switch_test.mask  main.o
    0x200004c5        -       0x00000001   Zero   RW          225    .bss.orientation    st7735.o
    0x200004c6        -       0x00000002   Zero   RW           62    .bss.rgb_test.blue  main.o
    0x200004c8        -       0x00000002   Zero   RW           61    .bss.rgb_test.green  main.o
    0x200004ca        -       0x00000002   Zero   RW           59    .bss.rgb_test.step_cnt  main.o
    0x200004cc        -       0x00000004   Zero   RW          220    .bss.rowstart       st7735.o
    0x200004d0        -       0x0000000a   Zero   RW           53    .bss.testStates     main.o
    0x200004da        -       0x00000001   Zero   RW           56    .bss.uart_received  main.o
    0x200004db        -       0x00000001   Zero   RW           63    .bss.usb_transmit.old_inputParameter  main.o
    0x200004dc        -       0x00000004   Zero   RW          290    .bss.uwTick         stm32f3xx_hal.o
    0x200004e0        -       0x00000200   Zero   RW         2395    HEAP                startup_stm32f303xe.o
    0x200006e0        -       0x00000400   Zero   RW         2394    STACK               startup_stm32f303xe.o


==============================================================================

Image component sizes


      Code (inc. data)   RO Data    RW Data    ZI Data      Debug   Object Name

         0          0       1144          0          0        590   defaultfonts.o
       258          0          0          0          0       2409   hw_config.o
      5230         32      41720        142        960      21692   main.o
      3116          8        129          6         24      13247   st7735.o
        64         26        404          0       1536       1044   startup_stm32f303xe.o
       260          0          0          5          4       6600   stm32f3xx_hal.o
      5088          4          0          0          0      20504   stm32f3xx_hal_adc_ex.o
       482          0          0          0          0       9588   stm32f3xx_hal_cortex.o
        74          0          0          0          0       5396   stm32f3xx_hal_dac.o
       156          0          0          0          0       6925   stm32f3xx_hal_dac_ex.o
      1094          0          0          0          0       6490   stm32f3xx_hal_dma.o
       944          0          0          0          0       5211   stm32f3xx_hal_gpio.o
      2760          0          0          0          0      33255   stm32f3xx_hal_i2c.o
       314          0          0          0          0       5629   stm32f3xx_hal_i2c_ex.o
      1380          0          0          0          0      16026   stm32f3xx_hal_msp.o
      7196          0         32          0          0      13994   stm32f3xx_hal_rcc.o
      1452          0          0          0          0       7265   stm32f3xx_hal_rcc_ex.o
      1842          0          0          0          0      21205   stm32f3xx_hal_spi.o
      4814         22          0          0          0      36905   stm32f3xx_hal_tim.o
       348          0          0          0          0      15885   stm32f3xx_hal_tim_ex.o
      4912         24          0          0          0      25299   stm32f3xx_hal_uart.o
         8          0          0          0          0       7097   stm32f3xx_hal_uart_ex.o
        66          0          0          0          0       1271   stm32f3xx_it.o
        18          0         24          4          0       2372   system_stm32f3xx.o

    ----------------------------------------------------------------------
     42010        116      43488        160       2528     285899   Object Totals
         0          0         32          0          0          0   (incl. Generated)
       134          0          3          3          4          0   (incl. Padding)

    ----------------------------------------------------------------------

      Code (inc. data)   RO Data    RW Data    ZI Data      Debug   Library Member Name

         8          0          0          0          0         68   __main.o
         0          0          0          0          0          0   __rtentry.o
        12          0          0          0          0          0   __rtentry2.o
         6          0          0          0          0          0   __rtentry4.o
        52          8          0          0          0          0   __scatter.o
        26          0          0          0          0          0   __scatter_copy.o
        28          0          0          0          0          0   __scatter_zi.o
        22          0          0          0          0        100   _rserrno.o
        18          0          0          0          0         80   exit.o
         6          0          0          0          0        152   heapauxi.o
         0          0          0          0          0          0   indicate_semi.o
         2          0          0          0          0          0   libinit.o
         6          0          0          0          0          0   libinit2.o
         2          0          0          0          0          0   libshutdown.o
         2          0          0          0          0          0   libshutdown2.o
         8          4          0          0         96         68   libspace.o
       240          0          0          0          0        100   lludivv7m.o
         8          4          0          0          0         68   rt_errno_addr_intlibspace.o
        78          0          0          0          0         80   rt_memclr_w.o
         2          0          0          0          0          0   rtexit.o
        10          0          0          0          0          0   rtexit2.o
        62          0          0          0          0         76   strlen.o
        12          4          0          0          0         68   sys_exit.o
        74          0          0          0          0         80   sys_stackheap_outer.o
         2          0          0          0          0         68   use_no_semi.o
        24          0          0          0          0        164   basic.o
       834         16          0          0          0        516   daddsub_clz.o
       692        140          0          0          0        264   ddiv.o
        94          4          0          0          0        140   dfix.o
        84          0          0          0          0        232   dflt_clz.o
       340         12          0          0          0        152   dmul.o
       156          4          0          0          0        140   dnaninf.o
        12          0          0          0          0        116   dretinf.o
        26          0          0          0          0        116   fpinit.o
         0          0          0          0          0          0   usenofp.o
       200         20          0          0          0        164   cos.o
       368         46         48          0          0        200   cos_i.o
        84         16          0          0          0        372   dunder.o
        24          0          0          0          0        124   fabs.o
        48          0          0          0          0        124   fpclassify.o
       248          0          0          0          0        152   poly.o
      1080        142        204          0          0        188   rred.o
       200         20          0          0          0        164   sin.o
       304         24         40          0          0        208   sin_i.o

    ----------------------------------------------------------------------
      5530        464        296          0         96       4544   Library Totals
        26          0          4          0          0          0   (incl. Padding)

    ----------------------------------------------------------------------

      Code (inc. data)   RO Data    RW Data    ZI Data      Debug   Library Name

       686         20          0          0         96       1008   c_w.l
      2262        176          0          0          0       1840   fz_wm.l
      2556        268        292          0          0       1696   m_wm.l

    ----------------------------------------------------------------------
      5530        464        296          0         96       4544   Library Totals

    ----------------------------------------------------------------------

==============================================================================


      Code (inc. data)   RO Data    RW Data    ZI Data      Debug   

     47540        580      43784        160       2624     287507   Grand Totals
     47540        580      43784        160       2624     287507   ELF Image Totals
     47540        580      43784        160          0          0   ROM Totals

==============================================================================

    Total RO  Size (Code + RO Data)                91324 (  89.18kB)
    Total RW  Size (RW Data + ZI Data)              2784 (   2.72kB)
    Total ROM Size (Code + RO Data + RW Data)      91484 (  89.34kB)

==============================================================================

