Component: Arm Compiler for Embedded 6.18 Tool: armlink [5e4cc100]

==============================================================================

Section Cross References

    main.o(.text.main) refers to stm32f3xx_hal.o(.text.HAL_Init) for HAL_Init
    main.o(.text.main) refers to main.o(.text.SystemClock_Config) for SystemClock_Config
    main.o(.text.main) refers to main.o(.text.MX_GPIO_Init) for MX_GPIO_Init
    main.o(.text.main) refers to main.o(.text.MX_ADC1_Init) for MX_ADC1_Init
    main.o(.text.main) refers to main.o(.text.MX_ADC3_Init) for MX_ADC3_Init
    main.o(.text.main) refers to main.o(.text.MX_DAC1_Init) for MX_DAC1_Init
    main.o(.text.main) refers to main.o(.text.MX_I2C1_Init) for MX_I2C1_Init
    main.o(.text.main) refers to main.o(.text.MX_SPI2_Init) for MX_SPI2_Init
    main.o(.text.main) refers to main.o(.text.MX_TIM2_Init) for MX_TIM2_Init
    main.o(.text.main) refers to main.o(.text.MX_TIM3_Init) for MX_TIM3_Init
    main.o(.text.main) refers to main.o(.text.MX_USART2_UART_Init) for MX_USART2_UART_Init
    main.o(.text.main) refers to main.o(.text.MX_USART3_UART_Init) for MX_USART3_UART_Init
    main.o(.text.main) refers to main.o(.text.MX_NVIC_Init) for MX_NVIC_Init
    main.o(.text.main) refers to main.o(.text.led_switch_test) for led_switch_test
    main.o(.text.main) refers to main.o(.text.potentiometer_test) for potentiometer_test
    main.o(.text.main) refers to stm32f3xx_hal.o(.text.HAL_Delay) for HAL_Delay
    main.o(.text.main) refers to main.o(.text.rgb_test) for rgb_test
    main.o(.text.main) refers to main.o(.bss.htim2) for htim2
    main.o(.text.main) refers to stm32f3xx_hal_tim.o(.text.HAL_TIM_PWM_Stop) for HAL_TIM_PWM_Stop
    main.o(.ARM.exidx.text.main) refers to main.o(.text.main) for [Anonymous Symbol]
    main.o(.text.SystemClock_Config) refers to rt_memclr_w.o(.text) for __aeabi_memclr4
    main.o(.text.SystemClock_Config) refers to stm32f3xx_hal_rcc.o(.text.HAL_RCC_OscConfig) for HAL_RCC_OscConfig
    main.o(.text.SystemClock_Config) refers to main.o(.text.Error_Handler) for Error_Handler
    main.o(.text.SystemClock_Config) refers to stm32f3xx_hal_rcc.o(.text.HAL_RCC_ClockConfig) for HAL_RCC_ClockConfig
    main.o(.text.SystemClock_Config) refers to stm32f3xx_hal_rcc_ex.o(.text.HAL_RCCEx_PeriphCLKConfig) for HAL_RCCEx_PeriphCLKConfig
    main.o(.ARM.exidx.text.SystemClock_Config) refers to main.o(.text.SystemClock_Config) for [Anonymous Symbol]
    main.o(.text.MX_GPIO_Init) refers to stm32f3xx_hal_gpio.o(.text.HAL_GPIO_WritePin) for HAL_GPIO_WritePin
    main.o(.text.MX_GPIO_Init) refers to stm32f3xx_hal_gpio.o(.text.HAL_GPIO_Init) for HAL_GPIO_Init
    main.o(.ARM.exidx.text.MX_GPIO_Init) refers to main.o(.text.MX_GPIO_Init) for [Anonymous Symbol]
    main.o(.text.MX_ADC1_Init) refers to main.o(.bss.hadc1) for hadc1
    main.o(.text.MX_ADC1_Init) refers to stm32f3xx_hal_adc_ex.o(.text.HAL_ADC_Init) for HAL_ADC_Init
    main.o(.text.MX_ADC1_Init) refers to main.o(.text.Error_Handler) for Error_Handler
    main.o(.text.MX_ADC1_Init) refers to stm32f3xx_hal_adc_ex.o(.text.HAL_ADCEx_MultiModeConfigChannel) for HAL_ADCEx_MultiModeConfigChannel
    main.o(.text.MX_ADC1_Init) refers to stm32f3xx_hal_adc_ex.o(.text.HAL_ADC_ConfigChannel) for HAL_ADC_ConfigChannel
    main.o(.ARM.exidx.text.MX_ADC1_Init) refers to main.o(.text.MX_ADC1_Init) for [Anonymous Symbol]
    main.o(.text.MX_ADC3_Init) refers to main.o(.bss.hadc3) for hadc3
    main.o(.text.MX_ADC3_Init) refers to stm32f3xx_hal_adc_ex.o(.text.HAL_ADC_Init) for HAL_ADC_Init
    main.o(.text.MX_ADC3_Init) refers to main.o(.text.Error_Handler) for Error_Handler
    main.o(.text.MX_ADC3_Init) refers to stm32f3xx_hal_adc_ex.o(.text.HAL_ADCEx_MultiModeConfigChannel) for HAL_ADCEx_MultiModeConfigChannel
    main.o(.text.MX_ADC3_Init) refers to stm32f3xx_hal_adc_ex.o(.text.HAL_ADC_ConfigChannel) for HAL_ADC_ConfigChannel
    main.o(.ARM.exidx.text.MX_ADC3_Init) refers to main.o(.text.MX_ADC3_Init) for [Anonymous Symbol]
    main.o(.text.MX_DAC1_Init) refers to main.o(.bss.hdac1) for hdac1
    main.o(.text.MX_DAC1_Init) refers to stm32f3xx_hal_dac.o(.text.HAL_DAC_Init) for HAL_DAC_Init
    main.o(.text.MX_DAC1_Init) refers to main.o(.text.Error_Handler) for Error_Handler
    main.o(.text.MX_DAC1_Init) refers to stm32f3xx_hal_dac_ex.o(.text.HAL_DAC_ConfigChannel) for HAL_DAC_ConfigChannel
    main.o(.ARM.exidx.text.MX_DAC1_Init) refers to main.o(.text.MX_DAC1_Init) for [Anonymous Symbol]
    main.o(.text.MX_I2C1_Init) refers to main.o(.bss.hi2c1) for hi2c1
    main.o(.text.MX_I2C1_Init) refers to stm32f3xx_hal_i2c.o(.text.HAL_I2C_Init) for HAL_I2C_Init
    main.o(.text.MX_I2C1_Init) refers to main.o(.text.Error_Handler) for Error_Handler
    main.o(.text.MX_I2C1_Init) refers to stm32f3xx_hal_i2c_ex.o(.text.HAL_I2CEx_ConfigAnalogFilter) for HAL_I2CEx_ConfigAnalogFilter
    main.o(.text.MX_I2C1_Init) refers to stm32f3xx_hal_i2c_ex.o(.text.HAL_I2CEx_ConfigDigitalFilter) for HAL_I2CEx_ConfigDigitalFilter
[...]
    stm32f3xx_hal_exti.c                     0x00000000   Number         0  stm32f3xx_hal_exti.o ABSOLUTE
    stm32f3xx_hal_flash.c                    0x00000000   Number         0  stm32f3xx_hal_flash.o ABSOLUTE
    stm32f3xx_hal_flash_ex.c                 0x00000000   Number         0  stm32f3xx_hal_flash_ex.o ABSOLUTE
    stm32f3xx_hal_gpio.c                     0x00000000   Number         0  stm32f3xx_hal_gpio.o ABSOLUTE
    stm32f3xx_hal_hrtim.c                    0x00000000   Number         0  stm32f3xx_hal_hrtim.o ABSOLUTE
    stm32f3xx_hal_i2c.c                      0x00000000   Number         0  stm32f3xx_hal_i2c.o ABSOLUTE
    stm32f3xx_hal_i2c_ex.c                   0x00000000   Number         0  stm32f3xx_hal_i2c_ex.o ABSOLUTE
    stm32f3xx_hal_i2s.c                      0x00000000   Number         0  stm32f3xx_hal_i2s.o ABSOLUTE
    stm32f3xx_hal_i2s_ex.c                   0x00000000   Number         0  stm32f3xx_hal_i2s_ex.o ABSOLUTE
    stm32f3xx_hal_irda.c                     0x00000000   Number         0  stm32f3xx_hal_irda.o ABSOLUTE
    stm32f3xx_hal_iwdg.c                     0x00000000   Number         0  stm32f3xx_hal_iwdg.o ABSOLUTE
    stm32f3xx_hal_msp.c                      0x00000000   Number         0  stm32f3xx_hal_msp.o ABSOLUTE
    stm32f3xx_hal_nand.c                     0x00000000   Number         0  stm32f3xx_hal_nand.o ABSOLUTE
    stm32f3xx_hal_nor.c                      0x00000000   Number         0  stm32f3xx_hal_nor.o ABSOLUTE
    stm32f3xx_hal_opamp.c                    0x00000000   Number         0  stm32f3xx_hal_opamp.o ABSOLUTE
    stm32f3xx_hal_opamp_ex.c                 0x00000000   Number         0  stm32f3xx_hal_opamp_ex.o ABSOLUTE
    stm32f3xx_hal_pccard.c                   0x00000000   Number         0  stm32f3xx_hal_pccard.o ABSOLUTE
    stm32f3xx_hal_pcd.c                      0x00000000   Number         0  stm32f3xx_hal_pcd.o ABSOLUTE
    stm32f3xx_hal_pcd_ex.c                   0x00000000   Number         0  stm32f3xx_hal_pcd_ex.o ABSOLUTE
    stm32f3xx_hal_pwr.c                      0x00000000   Number         0  stm32f3xx_hal_pwr.o ABSOLUTE
    stm32f3xx_hal_pwr_ex.c                   0x00000000   Number         0  stm32f3xx_hal_pwr_ex.o ABSOLUTE
    stm32f3xx_hal_rcc.c                      0x00000000   Number         0  stm32f3xx_hal_rcc.o ABSOLUTE
    stm32f3xx_hal_rcc_ex.c                   0x00000000   Number         0  stm32f3xx_hal_rcc_ex.o ABSOLUTE
    stm32f3xx_hal_rtc.c                      0x00000000   Number         0  stm32f3xx_hal_rtc.o ABSOLUTE
    stm32f3xx_hal_rtc_ex.c                   0x00000000   Number         0  stm32f3xx_hal_rtc_ex.o ABSOLUTE
    stm32f3xx_hal_sdadc.c                    0x00000000   Number         0  stm32f3xx_hal_sdadc.o ABSOLUTE
    stm32f3xx_hal_smartcard.c                0x00000000   Number         0  stm32f3xx_hal_smartcard.o ABSOLUTE
    stm32f3xx_hal_smartcard_ex.c             0x00000000   Number         0  stm32f3xx_hal_smartcard_ex.o ABSOLUTE
    stm32f3xx_hal_smbus.c                    0x00000000   Number         0  stm32f3xx_hal_smbus.o ABSOLUTE
    stm32f3xx_hal_spi.c                      0x00000000   Number         0  stm32f3xx_hal_spi.o ABSOLUTE
    stm32f3xx_hal_spi_ex.c                   0x00000000   Number         0  stm32f3xx_hal_spi_ex.o ABSOLUTE
    stm32f3xx_hal_sram.c                     0x00000000   Number         0  stm32f3xx_hal_sram.o ABSOLUTE
    stm32f3xx_hal_tim.c                      0x00000000   Number         0  stm32f3xx_hal_tim.o ABSOLUTE
    stm32f3xx_hal_tim_ex.c                   0x00000000   Number         0  stm32f3xx_hal_tim_ex.o ABSOLUTE
    stm32f3xx_hal_tsc.c                      0x00000000   Number         0  stm32f3xx_hal_tsc.o ABSOLUTE
    stm32f3xx_hal_uart.c                     0x00000000   Number         0  stm32f3xx_hal_uart.o ABSOLUTE
    stm32f3xx_hal_uart_ex.c                  0x00000000   Number         0  stm32f3xx_hal_uart_ex.o ABSOLUTE
    stm32f3xx_hal_usart.c                    0x00000000   Number         0  stm32f3xx_hal_usart.o ABSOLUTE
    stm32f3xx_hal_usart_ex.c                 0x00000000   Number         0  stm32f3xx_hal_usart_ex.o ABSOLUTE
    stm32f3xx_hal_wwdg.c                     0x00000000   Number         0  stm32f3xx_hal_wwdg.o ABSOLUTE
    stm32f3xx_it.c                           0x00000000   Number         0  stm32f3xx_it.o ABSOLUTE
    stm32f3xx_ll.c                           0x00000000   Number         0  stm32f3xx_ll.o ABSOLUTE
    stm32f3xx_ll_adc.c                       0x00000000   Number         0  stm32f3xx_ll_adc.o ABSOLUTE
    stm32f3xx_ll_comp.c                      0x00000000   Number         0  stm32f3xx_ll_comp.o ABSOLUTE
    stm32f3xx_ll_crc.c                       0x00000000   Number         0  stm32f3xx_ll_crc.o ABSOLUTE
    stm32f3xx_ll_dac.c                       0x00000000   Number         0  stm32f3xx_ll_dac.o ABSOLUTE
    stm32f3xx_ll_dma.c                       0x00000000   Number         0  stm32f3xx_ll_dma.o ABSOLUTE
    stm32f3xx_ll_exti.c                      0x00000000   Number         0  stm32f3xx_ll_exti.o ABSOLUTE
    stm32f3xx_ll_fmc.c                       0x00000000   Number         0  stm32f3xx_ll_fmc.o ABSOLUTE
    stm32f3xx_ll_gpio.c                      0x00000000   Number         0  stm32f3xx_ll_gpio.o ABSOLUTE
    stm32f3xx_ll_hrtim.c                     0x00000000   Number         0  stm32f3xx_ll_hrtim.o ABSOLUTE
    stm32f3xx_ll_i2c.c                       0x00000000   Number         0  stm32f3xx_ll_i2c.o ABSOLUTE
    stm32f3xx_ll_opamp.c                     0x00000000   Number         0  stm32f3xx_ll_opamp.o ABSOLUTE
    stm32f3xx_ll_pwr.c                       0x00000000   Number         0  stm32f3xx_ll_pwr.o ABSOLUTE
    stm32f3xx_ll_rcc.c                       0x00000000   Number         0  stm32f3xx_ll_rcc.o ABSOLUTE
    stm32f3xx_ll_rtc.c                       0x00000000   Number         0  stm32f3xx_ll_rtc.o ABSOLUTE
    stm32f3xx_ll_spi.c                       0x00000000   Number         0  stm32f3xx_ll_spi.o ABSOLUTE
    stm32f3xx_ll_tim.c                       0x00000000   Number         0  stm32f3xx_ll_tim.o ABSOLUTE
    stm32f3xx_ll_usart.c                     0x00000000   Number         0  stm32f3xx_ll_usart.o ABSOLUTE
    stm32f3xx_ll_usb.c                       0x00000000   Number         0  stm32f3xx_ll_usb.o ABSOLUTE
    stm32f3xx_ll_utils.c                     0x00000000   Number         0  stm32f3xx_ll_utils.o ABSOLUTE
    system_stm32f3xx.c                       0x00000000   Number         0  system_stm32f3xx.o ABSOLUTE
    RESET                                    0x08000000   Section      404  startup_stm32f303xe.o(RESET)
    !!!main                                  0x08000194   Section        8  __main.o(!!!main)
    !!!scatter                               0x0800019c   Section       52  __scatter.o(!!!scatter)
    !!handler_copy                           0x080001d0   Section       26  __scatter_copy.o(!!handler_copy)
    !!handler_zi                             0x080001ec   Section       28  __scatter_zi.o(!!handler_zi)
    .ARM.Collect$$libinit$$00000000          0x08000208   Section        2  libinit.o(.ARM.Collect$$libinit$$00000000)
    .ARM.Collect$$libinit$$00000001          0x0800020a   Section        4  libinit2.o(.ARM.Collect$$libinit$$00000001)
    .ARM.Collect$$libinit$$00000004          0x0800020e   Section        0  libinit2.o(.ARM.Collect$$libinit$$00000004)
    .ARM.Collect$$libinit$$00000006          0x0800020e   Section        0  libinit2.o(.ARM.Collect$$libinit$$00000006)
    .ARM.Collect$$libinit$$0000000C          0x0800020e   Section        0  libinit2.o(.ARM.Collect$$libinit$$0000000C)
    .ARM.Collect$$libinit$$0000000E          0x0800020e   Section        0  libinit2.o(.ARM.Collect$$libinit$$0000000E)
    .ARM.Collect$$libinit$$00000010          0x0800020e   Section        0  libinit2.o(.ARM.Collect$$libinit$$00000010)
    .ARM.Collect$$libinit$$00000013          0x0800020e   Section        0  libinit2.o(.ARM.Collect$$libinit$$00000013)
    .ARM.Collect$$libinit$$00000015          0x0800020e   Section        0  libinit2.o(.ARM.Collect$$libinit$$00000015)
    .ARM.Collect$$libinit$$00000017          0x0800020e   Section        0  libinit2.o(.ARM.Collect$$libinit$$00000017)
    .ARM.Collect$$libinit$$00000019          0x0800020e   Section        0  libinit2.o(.ARM.Collect$$libinit$$00000019)
    .ARM.Collect$$libinit$$0000001B          0x0800020e   Section        0  libinit2.o(.ARM.Collect$$libinit$$0000001B)
    .ARM.Collect$$libinit$$0000001D          0x0800020e   Section        0  libinit2.o(.ARM.Collect$$libinit$$0000001D)
    .ARM.Collect$$libinit$$0000001F          0x0800020e   Section        0  libinit2.o(.ARM.Collect$$libinit$$0000001F)
    .ARM.Collect$$libinit$$00000021          0x0800020e   Section        0  libinit2.o(.ARM.Collect$$libinit$$00000021)
    .ARM.Collect$$libinit$$00000023          0x0800020e   Section        0  libinit2.o(.ARM.Collect$$libinit$$00000023)
    .ARM.Collect$$libinit$$00000025          0x0800020e   Section        0  libinit2.o(.ARM.Collect$$libinit$$00000025)
    .ARM.Collect$$libinit$$00000027          0x0800020e   Section        0  libinit2.o(.ARM.Collect$$libinit$$00000027)
    .ARM.Collect$$libinit$$0000002E          0x0800020e   Section        0  libinit2.o(.ARM.Collect$$libinit$$0000002E)
    .ARM.Collect$$libinit$$00000030          0x0800020e   Section        0  libinit2.o(.ARM.Collect$$libinit$$00000030)
    .ARM.Collect$$libinit$$00000032          0x0800020e   Section        0  libinit2.o(.ARM.Collect$$libinit$$00000032)
    .ARM.Collect$$libinit$$00000034          0x0800020e   Section        0  libinit2.o(.ARM.Collect$$libinit$$00000034)
    .ARM.Collect$$libinit$$00000035          0x0800020e   Section        2  libinit2.o(.ARM.Collect$$libinit$$00000035)
    .ARM.Collect$$libshutdown$$00000000      0x08000210   Section        2  libshutdown.o(.ARM.Collect$$libshutdown$$00000000)
    .ARM.Collect$$libshutdown$$00000002      0x08000212   Section        0  libshutdown2.o(.ARM.Collect$$libshutdown$$00000002)
    .ARM.Collect$$libshutdown$$00000004      0x08000212   Section        0  libshutdown2.o(.ARM.Collect$$libshutdown$$00000004)
    .ARM.Collect$$libshutdown$$00000007      0x08000212   Section        0  libshutdown2.o(.ARM.Collect$$libshutdown$$00000007)
    .ARM.Collect$$libshutdown$$0000000A      0x08000212   Section        0  libshutdown2.o(.ARM.Collect$$libshutdown$$0000000A)
    .ARM.Collect$$libshutdown$$0000000C      0x08000212   Section        0  libshutdown2.o(.ARM.Collect$$libshutdown$$0000000C)
    .ARM.Collect$$libshutdown$$0000000F      0x08000212   Section        0  libshutdown2.o(.ARM.Collect$$libshutdown$$0000000F)
    .ARM.Collect$$libshutdown$$00000010      0x08000212   Section        2  libshutdown2.o(.ARM.Collect$$libshutdown$$00000010)
    .ARM.Collect$$rtentry$$00000000          0x08000214   Section        0  __rtentry.o(.ARM.Collect$$rtentry$$00000000)
    .ARM.Collect$$rtentry$$00000002          0x08000214   Section        0  __rtentry2.o(.ARM.Collect$$rtentry$$00000002)
    .ARM.Collect$$rtentry$$00000004          0x08000214   Section        6  __rtentry4.o(.ARM.Collect$$rtentry$$00000004)
    .ARM.Collect$$rtentry$$00000009          0x0800021a   Section        0  __rtentry2.o(.ARM.Collect$$rtentry$$00000009)
    .ARM.Collect$$rtentry$$0000000A          0x0800021a   Section        4  __rtentry2.o(.ARM.Collect$$rtentry$$0000000A)
    .ARM.Collect$$rtentry$$0000000C          0x0800021e   Section        0  __rtentry2.o(.ARM.Collect$$rtentry$$0000000C)
    .ARM.Collect$$rtentry$$0000000D          0x0800021e   Section        8  __rtentry2.o(.ARM.Collect$$rtentry$$0000000D)
    .ARM.Collect$$rtexit$$00000000           0x08000226   Section        2  rtexit.o(.ARM.Collect$$rtexit$$00000000)
    .ARM.Collect$$rtexit$$00000002           0x08000228   Section        0  rtexit2.o(.ARM.Collect$$rtexit$$00000002)
    .ARM.Collect$$rtexit$$00000003           0x08000228   Section        4  rtexit2.o(.ARM.Collect$$rtexit$$00000003)
    .ARM.Collect$$rtexit$$00000004           0x0800022c   Section        6  rtexit2.o(.ARM.Collect$$rtexit$$00000004)
    $v0                                      0x08000234   Number         0  startup_stm32f303xe.o(.text)
    .text                                    0x08000234   Section       64  startup_stm32f303xe.o(.text)
    .text                                    0x08000274   Section      240  lludivv7m.o(.text)
    .text                                    0x08000364   Section       78  rt_memclr_w.o(.text)
    .text                                    0x080003b2   Section        0  heapauxi.o(.text)
    .text                                    0x080003b8   Section       74  sys_stackheap_outer.o(.text)
    .text                                    0x08000402   Section        0  exit.o(.text)
    .text                                    0x08000414   Section        8  libspace.o(.text)
    .text                                    0x0800041c   Section        0  sys_exit.o(.text)
    .text                                    0x08000428   Section        2  use_no_semi.o(.text)
    .text                                    0x0800042a   Section        0  indicate_semi.o(.text)
    ADC_Disable                              0x0800042d   Thumb Code   214  stm32f3xx_hal_adc_ex.o(.text.ADC_Disable)
    [Anonymous Symbol]                       0x0800042c   Section        0  stm32f3xx_hal_adc_ex.o(.text.ADC_Disable)
    ADC_Enable                               0x08000505   Thumb Code   202  stm32f3xx_hal_adc_ex.o(.text.ADC_Enable)
    [Anonymous Symbol]                       0x08000504   Section        0  stm32f3xx_hal_adc_ex.o(.text.ADC_Enable)
    [Anonymous Symbol]                       0x080005d0   Section        0  stm32f3xx_it.o(.text.BusFault_Handler)
    [Anonymous Symbol]                       0x080005d4   Section        0  stm32f3xx_it.o(.text.DebugMon_Handler)
    [Anonymous Symbol]                       0x080005d8   Section        0  main.o(.text.Error_Handler)
    [Anonymous Symbol]                       0x080005e0   Section        0  stm32f3xx_hal_adc_ex.o(.text.HAL_ADCEx_MultiModeConfigChannel)
    [Anonymous Symbol]                       0x0800083c   Section        0  stm32f3xx_hal_adc_ex.o(.text.HAL_ADC_ConfigChannel)
    [Anonymous Symbol]                       0x08000e0c   Section        0  stm32f3xx_hal_adc_ex.o(.text.HAL_ADC_GetValue)
    [Anonymous Symbol]                       0x08000e1c   Section        0  stm32f3xx_hal_adc_ex.o(.text.HAL_ADC_Init)
    [Anonymous Symbol]                       0x080012d4   Section        0  stm32f3xx_hal_msp.o(.text.HAL_ADC_MspInit)
    [Anonymous Symbol]                       0x080013b4   Section        0  stm32f3xx_hal_adc_ex.o(.text.HAL_ADC_PollForConversion)
    [Anonymous Symbol]                       0x08001640   Section        0  stm32f3xx_hal_adc_ex.o(.text.HAL_ADC_Start)
    [Anonymous Symbol]                       0x08001904   Section        0  stm32f3xx_hal_dac_ex.o(.text.HAL_DAC_ConfigChannel)
    [Anonymous Symbol]                       0x080019a0   Section        0  stm32f3xx_hal_dac.o(.text.HAL_DAC_Init)
    [Anonymous Symbol]                       0x080019ec   Section        0  stm32f3xx_hal_msp.o(.text.HAL_DAC_MspInit)
    [Anonymous Symbol]                       0x08001a68   Section        0  stm32f3xx_hal_dma.o(.text.HAL_DMA_Abort)
    [Anonymous Symbol]                       0x08001adc   Section        0  stm32f3xx_hal_dma.o(.text.HAL_DMA_Abort_IT)
    [Anonymous Symbol]                       0x08001b54   Section        0  stm32f3xx_hal.o(.text.HAL_Delay)
    [Anonymous Symbol]                       0x08001b98   Section        0  stm32f3xx_hal_gpio.o(.text.HAL_GPIO_Init)
    [Anonymous Symbol]                       0x08001f1c   Section        0  stm32f3xx_hal_gpio.o(.text.HAL_GPIO_WritePin)
    [Anonymous Symbol]                       0x08001f48   Section        0  stm32f3xx_hal.o(.text.HAL_GetTick)
    [Anonymous Symbol]                       0x08001f54   Section        0  stm32f3xx_hal_i2c_ex.o(.text.HAL_I2CEx_ConfigAnalogFilter)
    [Anonymous Symbol]                       0x08001fec   Section        0  stm32f3xx_hal_i2c_ex.o(.text.HAL_I2CEx_ConfigDigitalFilter)
    [Anonymous Symbol]                       0x08002090   Section        0  stm32f3xx_hal_i2c.o(.text.HAL_I2C_Init)
    [Anonymous Symbol]                       0x08002194   Section        0  stm32f3xx_hal_msp.o(.text.HAL_I2C_MspInit)
    [Anonymous Symbol]                       0x0800221c   Section        0  stm32f3xx_hal.o(.text.HAL_IncTick)
    [Anonymous Symbol]                       0x08002238   Section        0  stm32f3xx_hal.o(.text.HAL_Init)
    [Anonymous Symbol]                       0x08002264   Section        0  stm32f3xx_hal.o(.text.HAL_InitTick)
    [Anonymous Symbol]                       0x080022d4   Section        0  stm32f3xx_hal_msp.o(.text.HAL_MspInit)
    [Anonymous Symbol]                       0x08002320   Section        0  stm32f3xx_hal_cortex.o(.text.HAL_NVIC_EnableIRQ)
    [Anonymous Symbol]                       0x08002334   Section        0  stm32f3xx_hal_cortex.o(.text.HAL_NVIC_SetPriority)
    [Anonymous Symbol]                       0x08002368   Section        0  stm32f3xx_hal_cortex.o(.text.HAL_NVIC_SetPriorityGrouping)
    [Anonymous Symbol]                       0x08002378   Section        0  stm32f3xx_hal_rcc_ex.o(.text.HAL_RCCEx_PeriphCLKConfig)
    [Anonymous Symbol]                       0x08002924   Section        0  stm32f3xx_hal_rcc.o(.text.HAL_RCC_ClockConfig)
    [Anonymous Symbol]                       0x08002e6c   Section        0  stm32f3xx_hal_rcc.o(.text.HAL_RCC_GetHCLKFreq)
    [Anonymous Symbol]                       0x08002e78   Section        0  stm32f3xx_hal_rcc.o(.text.HAL_RCC_GetPCLK1Freq)
    [Anonymous Symbol]                       0x08002ed0   Section        0  stm32f3xx_hal_rcc.o(.text.HAL_RCC_GetPCLK2Freq)
    [Anonymous Symbol]                       0x08002f28   Section        0  stm32f3xx_hal_rcc.o(.text.HAL_RCC_GetSysClockFreq)
    [Anonymous Symbol]                       0x0800304c   Section        0  stm32f3xx_hal_rcc.o(.text.HAL_RCC_OscConfig)
    [Anonymous Symbol]                       0x08004548   Section        0  stm32f3xx_hal_spi.o(.text.HAL_SPI_Init)
    [Anonymous Symbol]                       0x08004694   Section        0  stm32f3xx_hal_msp.o(.text.HAL_SPI_MspInit)
    [Anonymous Symbol]                       0x08004720   Section        0  stm32f3xx_hal_cortex.o(.text.HAL_SYSTICK_Config)
    [Anonymous Symbol]                       0x08004730   Section        0  stm32f3xx_hal_tim_ex.o(.text.HAL_TIMEx_MasterConfigSynchronization)
    [Anonymous Symbol]                       0x0800488c   Section        0  stm32f3xx_hal_tim.o(.text.HAL_TIM_Base_Init)
    [Anonymous Symbol]                       0x08004934   Section        0  stm32f3xx_hal_msp.o(.text.HAL_TIM_Base_MspInit)
    [Anonymous Symbol]                       0x08004968   Section        0  stm32f3xx_hal_tim.o(.text.HAL_TIM_ConfigClockSource)
    [Anonymous Symbol]                       0x08004af4   Section        0  stm32f3xx_hal_msp.o(.text.HAL_TIM_MspPostInit)
    [Anonymous Symbol]                       0x08004bf0   Section        0  stm32f3xx_hal_tim.o(.text.HAL_TIM_PWM_ConfigChannel)
    [Anonymous Symbol]                       0x08004da0   Section        0  stm32f3xx_hal_tim.o(.text.HAL_TIM_PWM_Init)
    [Anonymous Symbol]                       0x08004e48   Section        0  stm32f3xx_hal_msp.o(.text.HAL_TIM_PWM_MspInit)
    [Anonymous Symbol]                       0x08004e84   Section        0  stm32f3xx_hal_tim.o(.text.HAL_TIM_PWM_Start)
    [Anonymous Symbol]                       0x0800510c   Section        0  stm32f3xx_hal_tim.o(.text.HAL_TIM_PWM_Stop)
    [Anonymous Symbol]                       0x080052a0   Section        0  stm32f3xx_hal_uart.o(.text.HAL_UARTEx_RxEventCallback)
    [Anonymous Symbol]                       0x080052ac   Section        0  stm32f3xx_hal_uart_ex.o(.text.HAL_UARTEx_WakeupCallback)
    [Anonymous Symbol]                       0x080052b4   Section        0  stm32f3xx_hal_uart.o(.text.HAL_UART_ErrorCallback)
    [Anonymous Symbol]                       0x080052bc   Section        0  stm32f3xx_hal_uart.o(.text.HAL_UART_IRQHandler)
    [Anonymous Symbol]                       0x08005788   Section        0  stm32f3xx_hal_uart.o(.text.HAL_UART_Init)
    [Anonymous Symbol]                       0x08005830   Section        0  stm32f3xx_hal_msp.o(.text.HAL_UART_MspInit)
    [Anonymous Symbol]                       0x08005928   Section        0  stm32f3xx_hal_uart.o(.text.HAL_UART_Receive_IT)
    [Anonymous Symbol]                       0x080059d4   Section        0  stm32f3xx_hal_uart.o(.text.HAL_UART_RxCpltCallback)
    [Anonymous Symbol]                       0x080059dc   Section        0  stm32f3xx_hal_uart.o(.text.HAL_UART_TxCpltCallback)
    [Anonymous Symbol]                       0x080059e4   Section        0  stm32f3xx_it.o(.text.HardFault_Handler)
    MX_ADC1_Init                             0x080059e9   Thumb Code   162  main.o(.text.MX_ADC1_Init)
    [Anonymous Symbol]                       0x080059e8   Section        0  main.o(.text.MX_ADC1_Init)
    MX_ADC3_Init                             0x08005a8d   Thumb Code   166  main.o(.text.MX_ADC3_Init)
    [Anonymous Symbol]                       0x08005a8c   Section        0  main.o(.text.MX_ADC3_Init)
    MX_DAC1_Init                             0x08005b35   Thumb Code    78  main.o(.text.MX_DAC1_Init)
    [Anonymous Symbol]                       0x08005b34   Section        0  main.o(.text.MX_DAC1_Init)
    MX_GPIO_Init                             0x08005b85   Thumb Code   374  main.o(.text.MX_GPIO_Init)
    [Anonymous Symbol]                       0x08005b84   Section        0  main.o(.text.MX_GPIO_Init)
    MX_I2C1_Init                             0x08005cfd   Thumb Code   118  main.o(.text.MX_I2C1_Init)
    [Anonymous Symbol]                       0x08005cfc   Section        0  main.o(.text.MX_I2C1_Init)
    MX_NVIC_Init                             0x08005d75   Thumb Code    26  main.o(.text.MX_NVIC_Init)
    [Anonymous Symbol]                       0x08005d74   Section        0  main.o(.text.MX_NVIC_Init)
    MX_SPI2_Init                             0x08005d91   Thumb Code    86  main.o(.text.MX_SPI2_Init)
    [Anonymous Symbol]                       0x08005d90   Section        0  main.o(.text.MX_SPI2_Init)
    MX_TIM2_Init                             0x08005de9   Thumb Code   266  main.o(.text.MX_TIM2_Init)
    [Anonymous Symbol]                       0x08005de8   Section        0  main.o(.text.MX_TIM2_Init)
    MX_TIM3_Init                             0x08005ef5   Thumb Code   156  main.o(.text.MX_TIM3_Init)
    [Anonymous Symbol]                       0x08005ef4   Section        0  main.o(.text.MX_TIM3_Init)
    MX_USART2_UART_Init                      0x08005f91   Thumb Code    68  main.o(.text.MX_USART2_UART_Init)
    [Anonymous Symbol]                       0x08005f90   Section        0  main.o(.text.MX_USART2_UART_Init)
    MX_USART3_UART_Init                      0x08005fd5   Thumb Code    90  main.o(.text.MX_USART3_UART_Init)
    [Anonymous Symbol]                       0x08005fd4   Section        0  main.o(.text.MX_USART3_UART_Init)
    [Anonymous Symbol]                       0x08006030   Section        0  stm32f3xx_it.o(.text.MemManage_Handler)
    [Anonymous Symbol]                       0x08006034   Section        0  stm32f3xx_it.o(.text.NMI_Handler)
    NVIC_EncodePriority                      0x08006039   Thumb Code   108  stm32f3xx_hal_cortex.o(.text.NVIC_EncodePriority)
    [Anonymous Symbol]                       0x08006038   Section        0  stm32f3xx_hal_cortex.o(.text.NVIC_EncodePriority)
    [Anonymous Symbol]                       0x080060a4   Section        0  stm32f3xx_it.o(.text.PendSV_Handler)
    [Anonymous Symbol]                       0x080060a8   Section        0  stm32f3xx_it.o(.text.SVC_Handler)
    SysTick_Config                           0x080060ad   Thumb Code    82  stm32f3xx_hal_cortex.o(.text.SysTick_Config)
    [Anonymous Symbol]                       0x080060ac   Section        0  stm32f3xx_hal_cortex.o(.text.SysTick_Config)
    [Anonymous Symbol]                       0x08006100   Section        0  stm32f3xx_it.o(.text.SysTick_Handler)
    [Anonymous Symbol]                       0x08006108   Section        0  main.o(.text.SystemClock_Config)
    [Anonymous Symbol]                       0x080061ac   Section        0  system_stm32f3xx.o(.text.SystemInit)
    [Anonymous Symbol]                       0x080061c0   Section        0  stm32f3xx_hal_tim.o(.text.TIM_Base_SetConfig)
    [Anonymous Symbol]                       0x08006370   Section        0  stm32f3xx_hal_tim.o(.text.TIM_CCxChannelCmd)
    [Anonymous Symbol]                       0x080063a8   Section        0  stm32f3xx_hal_tim.o(.text.TIM_ETR_SetConfig)
    TIM_ITRx_SetConfig                       0x080063dd   Thumb Code    42  stm32f3xx_hal_tim.o(.text.TIM_ITRx_SetConfig)
    [Anonymous Symbol]                       0x080063dc   Section        0  stm32f3xx_hal_tim.o(.text.TIM_ITRx_SetConfig)
    TIM_OC1_SetConfig                        0x08006409   Thumb Code   372  stm32f3xx_hal_tim.o(.text.TIM_OC1_SetConfig)
    [Anonymous Symbol]                       0x08006408   Section        0  stm32f3xx_hal_tim.o(.text.TIM_OC1_SetConfig)
    [Anonymous Symbol]                       0x0800657c   Section        0  stm32f3xx_hal_tim.o(.text.TIM_OC2_SetConfig)
    TIM_OC3_SetConfig                        0x0800670d   Thumb Code   398  stm32f3xx_hal_tim.o(.text.TIM_OC3_SetConfig)
    [Anonymous Symbol]                       0x0800670c   Section        0  stm32f3xx_hal_tim.o(.text.TIM_OC3_SetConfig)
    TIM_OC4_SetConfig                        0x0800689d   Thumb Code   236  stm32f3xx_hal_tim.o(.text.TIM_OC4_SetConfig)
    [Anonymous Symbol]                       0x0800689c   Section        0  stm32f3xx_hal_tim.o(.text.TIM_OC4_SetConfig)
    TIM_OC5_SetConfig                        0x08006989   Thumb Code   226  stm32f3xx_hal_tim.o(.text.TIM_OC5_SetConfig)
    [Anonymous Symbol]                       0x08006988   Section        0  stm32f3xx_hal_tim.o(.text.TIM_OC5_SetConfig)
    TIM_OC6_SetConfig                        0x08006a6d   Thumb Code   228  stm32f3xx_hal_tim.o(.text.TIM_OC6_SetConfig)
    [Anonymous Symbol]                       0x08006a6c   Section        0  stm32f3xx_hal_tim.o(.text.TIM_OC6_SetConfig)
    TIM_TI1_ConfigInputStage                 0x08006b51   Thumb Code    80  stm32f3xx_hal_tim.o(.text.TIM_TI1_ConfigInputStage)
    [Anonymous Symbol]                       0x08006b50   Section        0  stm32f3xx_hal_tim.o(.text.TIM_TI1_ConfigInputStage)
    TIM_TI2_ConfigInputStage                 0x08006ba1   Thumb Code    82  stm32f3xx_hal_tim.o(.text.TIM_TI2_ConfigInputStage)
    [Anonymous Symbol]                       0x08006ba0   Section        0  stm32f3xx_hal_tim.o(.text.TIM_TI2_ConfigInputStage)
    [Anonymous Symbol]                       0x08006bf4   Section        0  stm32f3xx_hal_uart.o(.text.UART_AdvFeatureConfig)
    [Anonymous Symbol]                       0x08006d3c   Section        0  stm32f3xx_hal_uart.o(.text.UART_CheckIdleState)
    UART_DMAAbortOnError                     0x08006de1   Thumb Code    36  stm32f3xx_hal_uart.o(.text.UART_DMAAbortOnError)
    [Anonymous Symbol]                       0x08006de0   Section        0  stm32f3xx_hal_uart.o(.text.UART_DMAAbortOnError)
    UART_EndRxTransfer                       0x08006e05   Thumb Code   150  stm32f3xx_hal_uart.o(.text.UART_EndRxTransfer)
    [Anonymous Symbol]                       0x08006e04   Section        0  stm32f3xx_hal_uart.o(.text.UART_EndRxTransfer)
    UART_EndTransmit_IT                      0x08006e9d   Thumb Code    66  stm32f3xx_hal_uart.o(.text.UART_EndTransmit_IT)
    [Anonymous Symbol]                       0x08006e9c   Section        0  stm32f3xx_hal_uart.o(.text.UART_EndTransmit_IT)
    UART_RxISR_16BIT                         0x08006ee1   Thumb Code   304  stm32f3xx_hal_uart.o(.text.UART_RxISR_16BIT)
    [Anonymous Symbol]                       0x08006ee0   Section        0  stm32f3xx_hal_uart.o(.text.UART_RxISR_16BIT)
    UART_RxISR_8BIT                          0x08007011   Thumb Code   300  stm32f3xx_hal_uart.o(.text.UART_RxISR_8BIT)
    [Anonymous Symbol]                       0x08007010   Section        0  stm32f3xx_hal_uart.o(.text.UART_RxISR_8BIT)
    [Anonymous Symbol]                       0x0800713c   Section        0  stm32f3xx_hal_uart.o(.text.UART_SetConfig)
    [Anonymous Symbol]                       0x08007540   Section        0  stm32f3xx_hal_uart.o(.text.UART_Start_Receive_IT)
    [Anonymous Symbol]                       0x08007694   Section        0  stm32f3xx_hal_uart.o(.text.UART_WaitOnFlagUntilTimeout)
    [Anonymous Symbol]                       0x08007804   Section        0  stm32f3xx_it.o(.text.USART3_IRQHandler)
    [Anonymous Symbol]                       0x0800782c   Section        0  stm32f3xx_it.o(.text.UsageFault_Handler)
    __NVIC_EnableIRQ                         0x08007831   Thumb Code    48  stm32f3xx_hal_cortex.o(.text.__NVIC_EnableIRQ)
    [Anonymous Symbol]                       0x08007830   Section        0  stm32f3xx_hal_cortex.o(.text.__NVIC_EnableIRQ)
    __NVIC_GetPriorityGrouping               0x08007861   Thumb Code    16  stm32f3xx_hal_cortex.o(.text.__NVIC_GetPriorityGrouping)
    [Anonymous Symbol]                       0x08007860   Section        0  stm32f3xx_hal_cortex.o(.text.__NVIC_GetPriorityGrouping)
    __NVIC_SetPriority                       0x08007871   Thumb Code    66  stm32f3xx_hal_cortex.o(.text.__NVIC_SetPriority)
    [Anonymous Symbol]                       0x08007870   Section        0  stm32f3xx_hal_cortex.o(.text.__NVIC_SetPriority)
    __NVIC_SetPriorityGrouping               0x080078b5   Thumb Code    60  stm32f3xx_hal_cortex.o(.text.__NVIC_SetPriorityGrouping)
    [Anonymous Symbol]                       0x080078b4   Section        0  stm32f3xx_hal_cortex.o(.text.__NVIC_SetPriorityGrouping)
    [Anonymous Symbol]                       0x080078f0   Section        0  main.o(.text.led_switch_test)
    [Anonymous Symbol]                       0x08007974   Section        0  main.o(.text.main)
    [Anonymous Symbol]                       0x08007ae4   Section        0  main.o(.text.potentiometer_test)
    [Anonymous Symbol]                       0x08007b0c   Section        0  main.o(.text.rgb_test)
    $v0                                      0x08007d08   Number         0  fpinit.o(x$fpl$fpinit)
    x$fpl$fpinit                             0x08007d08   Section       26  fpinit.o(x$fpl$fpinit)
    rgb_test.red                             0x20000004   Data           2  main.o(.data.rgb_test.red)
    [Anonymous Symbol]                       0x20000004   Section        0  main.o(.data.rgb_test.red)
    .bss                                     0x20000010   Section       96  libspace.o(.bss)
    led_switch_test.mask                     0x20000374   Data           1  main.o(.bss.led_switch_test.mask)
    [Anonymous Symbol]                       0x20000374   Section        0  main.o(.bss.led_switch_test.mask)
    rgb_test.blue                            0x20000376   Data           2  main.o(.bss.rgb_test.blue)
    [Anonymous Symbol]                       0x20000376   Section        0  main.o(.bss.rgb_test.blue)
    rgb_test.green                           0x20000378   Data           2  main.o(.bss.rgb_test.green)
    [Anonymous Symbol]                       0x20000378   Section        0  main.o(.bss.rgb_test.green)
    rgb_test.step_cnt                        0x2000037a   Data           2  main.o(.bss.rgb_test.step_cnt)
    [Anonymous Symbol]                       0x2000037a   Section        0  main.o(.bss.rgb_test.step_cnt)
    Heap_Mem                                 0x20000388   Data         512  startup_stm32f303xe.o(HEAP)
    HEAP                                     0x20000388   Section      512  startup_stm32f303xe.o(HEAP)
    Stack_Mem                                0x20000588   Data        1024  startup_stm32f303xe.o(STACK)
    STACK                                    0x20000588   Section     1024  startup_stm32f303xe.o(STACK)
    __initial_sp                             0x20000988   Data           0  startup_stm32f303xe.o(STACK)

    Global Symbols

    Symbol Name                              Value     Ov Type        Size  Object(Section)

    BuildAttributes$$THM_ISAv4$E$P$D$K$B$S$7EM$VFPi3$EXTD16$VFPS$VFMA$PE$A:L22UL41UL21$X:L11$S22US41US21$IEEE1$IW$~IW$USESV6$~STKCKD$USESV7$~SHL$OSPACE$ROPI$EBA8$UX$STANDARDLIB$REQ8$PRES8$EABIv2 0x00000000   Number         0  anon$$obj.o ABSOLUTE
    __ARM_exceptions_init                     - Undefined Weak Reference
    __alloca_initialize                       - Undefined Weak Reference
    __arm_preinit_                            - Undefined Weak Reference
    __arm_relocate_pie_                       - Undefined Weak Reference
    __cpp_initialize__aeabi_                  - Undefined Weak Reference
    __cxa_finalize                            - Undefined Weak Reference
    __rt_locale                               - Undefined Weak Reference
    __sigvec_lookup                           - Undefined Weak Reference
    _atexit_init                              - Undefined Weak Reference
    _call_atexit_fns                          - Undefined Weak Reference
    _clock_init                               - Undefined Weak Reference
    _fp_trap_init                             - Undefined Weak Reference
    _fp_trap_shutdown                         - Undefined Weak Reference
    _get_lc_collate                           - Undefined Weak Reference
    _get_lc_ctype                             - Undefined Weak Reference
    _get_lc_monetary                          - Undefined Weak Reference
    _get_lc_numeric                           - Undefined Weak Reference
    _get_lc_time                              - Undefined Weak Reference
    _getenv_init                              - Undefined Weak Reference
    _handle_redirection                       - Undefined Weak Reference
    _init_alloc                               - Undefined Weak Reference
    _init_user_alloc                          - Undefined Weak Reference
    _initio                                   - Undefined Weak Reference
    _rand_init                                - Undefined Weak Reference
    _signal_finish                            - Undefined Weak Reference
    _signal_init                              - Undefined Weak Reference
    _terminate_alloc                          - Undefined Weak Reference
    _terminate_user_alloc                     - Undefined Weak Reference
    _terminateio                              - Undefined Weak Reference
    __Vectors_Size                           0x00000194   Number         0  startup_stm32f303xe.o ABSOLUTE
    __Vectors                                0x08000000   Data           4  startup_stm32f303xe.o(RESET)
    __Vectors_End                            0x08000194   Data           0  startup_stm32f303xe.o(RESET)
    __main                                   0x08000195   Thumb Code     8  __main.o(!!!main)
    __scatterload                            0x0800019d   Thumb Code     0  __scatter.o(!!!scatter)
    __scatterload_rt2                        0x0800019d   Thumb Code    44  __scatter.o(!!!scatter)
    __scatterload_rt2_thumb_only             0x0800019d   Thumb Code     0  __scatter.o(!!!scatter)
    __scatterload_null                       0x080001ab   Thumb Code     0  __scatter.o(!!!scatter)
    __scatterload_copy                       0x080001d1   Thumb Code    26  __scatter_copy.o(!!handler_copy)
    __scatterload_zeroinit                   0x080001ed   Thumb Code    28  __scatter_zi.o(!!handler_zi)
    __rt_lib_init                            0x08000209   Thumb Code     0  libinit.o(.ARM.Collect$$libinit$$00000000)
    __rt_lib_init_fp_1                       0x0800020b   Thumb Code     0  libinit2.o(.ARM.Collect$$libinit$$00000001)
    __rt_lib_init_alloca_1                   0x0800020f   Thumb Code     0  libinit2.o(.ARM.Collect$$libinit$$00000030)
    __rt_lib_init_argv_1                     0x0800020f   Thumb Code     0  libinit2.o(.ARM.Collect$$libinit$$0000002E)
    __rt_lib_init_atexit_1                   0x0800020f   Thumb Code     0  libinit2.o(.ARM.Collect$$libinit$$0000001D)
    __rt_lib_init_clock_1                    0x0800020f   Thumb Code     0  libinit2.o(.ARM.Collect$$libinit$$00000023)
    __rt_lib_init_cpp_1                      0x0800020f   Thumb Code     0  libinit2.o(.ARM.Collect$$libinit$$00000034)
    __rt_lib_init_exceptions_1               0x0800020f   Thumb Code     0  libinit2.o(.ARM.Collect$$libinit$$00000032)
    __rt_lib_init_fp_trap_1                  0x0800020f   Thumb Code     0  libinit2.o(.ARM.Collect$$libinit$$00000021)
    __rt_lib_init_getenv_1                   0x0800020f   Thumb Code     0  libinit2.o(.ARM.Collect$$libinit$$00000025)
    __rt_lib_init_heap_1                     0x0800020f   Thumb Code     0  libinit2.o(.ARM.Collect$$libinit$$0000000C)
    __rt_lib_init_lc_collate_1               0x0800020f   Thumb Code     0  libinit2.o(.ARM.Collect$$libinit$$00000013)
    __rt_lib_init_lc_ctype_1                 0x0800020f   Thumb Code     0  libinit2.o(.ARM.Collect$$libinit$$00000015)
    __rt_lib_init_lc_monetary_1              0x0800020f   Thumb Code     0  libinit2.o(.ARM.Collect$$libinit$$00000017)
    __rt_lib_init_lc_numeric_1               0x0800020f   Thumb Code     0  libinit2.o(.ARM.Collect$$libinit$$00000019)
    __rt_lib_init_lc_time_1                  0x0800020f   Thumb Code     0  libinit2.o(.ARM.Collect$$libinit$$0000001B)
    __rt_lib_init_preinit_1                  0x0800020f   Thumb Code     0  libinit2.o(.ARM.Collect$$libinit$$00000006)
    __rt_lib_init_rand_1                     0x0800020f   Thumb Code     0  libinit2.o(.ARM.Collect$$libinit$$00000010)
    __rt_lib_init_relocate_pie_1             0x0800020f   Thumb Code     0  libinit2.o(.ARM.Collect$$libinit$$00000004)
    __rt_lib_init_return                     0x0800020f   Thumb Code     0  libinit2.o(.ARM.Collect$$libinit$$00000035)
    __rt_lib_init_signal_1                   0x0800020f   Thumb Code     0  libinit2.o(.ARM.Collect$$libinit$$0000001F)
    __rt_lib_init_stdio_1                    0x0800020f   Thumb Code     0  libinit2.o(.ARM.Collect$$libinit$$00000027)
    __rt_lib_init_user_alloc_1               0x0800020f   Thumb Code     0  libinit2.o(.ARM.Collect$$libinit$$0000000E)
    __rt_lib_shutdown                        0x08000211   Thumb Code     0  libshutdown.o(.ARM.Collect$$libshutdown$$00000000)
    __rt_lib_shutdown_cpp_1                  0x08000213   Thumb Code     0  libshutdown2.o(.ARM.Collect$$libshutdown$$00000002)
    __rt_lib_shutdown_fp_trap_1              0x08000213   Thumb Code     0  libshutdown2.o(.ARM.Collect$$libshutdown$$00000007)
    __rt_lib_shutdown_heap_1                 0x08000213   Thumb Code     0  libshutdown2.o(.ARM.Collect$$libshutdown$$0000000F)
    __rt_lib_shutdown_return                 0x08000213   Thumb Code     0  libshutdown2.o(.ARM.Collect$$libshutdown$$00000010)
    __rt_lib_shutdown_signal_1               0x08000213   Thumb Code     0  libshutdown2.o(.ARM.Collect$$libshutdown$$0000000A)
    __rt_lib_shutdown_stdio_1                0x08000213   Thumb Code     0  libshutdown2.o(.ARM.Collect$$libshutdown$$00000004)
    __rt_lib_shutdown_user_alloc_1           0x08000213   Thumb Code     0  libshutdown2.o(.ARM.Collect$$libshutdown$$0000000C)
    __rt_entry                               0x08000215   Thumb Code     0  __rtentry.o(.ARM.Collect$$rtentry$$00000000)
    __rt_entry_presh_1                       0x08000215   Thumb Code     0  __rtentry2.o(.ARM.Collect$$rtentry$$00000002)
    __rt_entry_sh                            0x08000215   Thumb Code     0  __rtentry4.o(.ARM.Collect$$rtentry$$00000004)
    __rt_entry_li                            0x0800021b   Thumb Code     0  __rtentry2.o(.ARM.Collect$$rtentry$$0000000A)
    __rt_entry_postsh_1                      0x0800021b   Thumb Code     0  __rtentry2.o(.ARM.Collect$$rtentry$$00000009)
    __rt_entry_main                          0x0800021f   Thumb Code     0  __rtentry2.o(.ARM.Collect$$rtentry$$0000000D)
    __rt_entry_postli_1                      0x0800021f   Thumb Code     0  __rtentry2.o(.ARM.Collect$$rtentry$$0000000C)
    __rt_exit                                0x08000227   Thumb Code     0  rtexit.o(.ARM.Collect$$rtexit$$00000000)
    __rt_exit_ls                             0x08000229   Thumb Code     0  rtexit2.o(.ARM.Collect$$rtexit$$00000003)
    __rt_exit_prels_1                        0x08000229   Thumb Code     0  rtexit2.o(.ARM.Collect$$rtexit$$00000002)
    __rt_exit_exit                           0x0800022d   Thumb Code     0  rtexit2.o(.ARM.Collect$$rtexit$$00000004)
    Reset_Handler                            0x08000235   Thumb Code     8  startup_stm32f303xe.o(.text)
    ADC1_2_IRQHandler                        0x0800024f   Thumb Code     0  startup_stm32f303xe.o(.text)
    ADC3_IRQHandler                          0x0800024f   Thumb Code     0  startup_stm32f303xe.o(.text)
    ADC4_IRQHandler                          0x0800024f   Thumb Code     0  startup_stm32f303xe.o(.text)
    CAN_RX1_IRQHandler                       0x0800024f   Thumb Code     0  startup_stm32f303xe.o(.text)
    CAN_SCE_IRQHandler                       0x0800024f   Thumb Code     0  startup_stm32f303xe.o(.text)
    COMP1_2_3_IRQHandler                     0x0800024f   Thumb Code     0  startup_stm32f303xe.o(.text)
    COMP4_5_6_IRQHandler                     0x0800024f   Thumb Code     0  startup_stm32f303xe.o(.text)
    COMP7_IRQHandler                         0x0800024f   Thumb Code     0  startup_stm32f303xe.o(.text)
    DMA1_Channel1_IRQHandler                 0x0800024f   Thumb Code     0  startup_stm32f303xe.o(.text)
    DMA1_Channel2_IRQHandler                 0x0800024f   Thumb Code     0  startup_stm32f303xe.o(.text)
    DMA1_Channel3_IRQHandler                 0x0800024f   Thumb Code     0  startup_stm32f303xe.o(.text)
    DMA1_Channel4_IRQHandler                 0x0800024f   Thumb Code     0  startup_stm32f303xe.o(.text)
    DMA1_Channel5_IRQHandler                 0x0800024f   Thumb Code     0  startup_stm32f303xe.o(.text)
    DMA1_Channel6_IRQHandler                 0x0800024f   Thumb Code     0  startup_stm32f303xe.o(.text)
    DMA1_Channel7_IRQHandler                 0x0800024f   Thumb Code     0  startup_stm32f303xe.o(.text)
    DMA2_Channel1_IRQHandler                 0x0800024f   Thumb Code     0  startup_stm32f303xe.o(.text)
    DMA2_Channel2_IRQHandler                 0x0800024f   Thumb Code     0  startup_stm32f303xe.o(.text)
    DMA2_Channel3_IRQHandler                 0x0800024f   Thumb Code     0  startup_stm32f303xe.o(.text)
    DMA2_Channel4_IRQHandler                 0x0800024f   Thumb Code     0  startup_stm32f303xe.o(.text)
    DMA2_Channel5_IRQHandler                 0x0800024f   Thumb Code     0  startup_stm32f303xe.o(.text)
    EXTI0_IRQHandler                         0x0800024f   Thumb Code     0  startup_stm32f303xe.o(.text)
    EXTI15_10_IRQHandler                     0x0800024f   Thumb Code     0  startup_stm32f303xe.o(.text)
    EXTI1_IRQHandler                         0x0800024f   Thumb Code     0  startup_stm32f303xe.o(.text)
    EXTI2_TSC_IRQHandler                     0x0800024f   Thumb Code     0  startup_stm32f303xe.o(.text)
    EXTI3_IRQHandler                         0x0800024f   Thumb Code     0  startup_stm32f303xe.o(.text)
    EXTI4_IRQHandler                         0x0800024f   Thumb Code     0  startup_stm32f303xe.o(.text)
    EXTI9_5_IRQHandler                       0x0800024f   Thumb Code     0  startup_stm32f303xe.o(.text)
    FLASH_IRQHandler                         0x0800024f   Thumb Code     0  startup_stm32f303xe.o(.text)
    FMC_IRQHandler                           0x0800024f   Thumb Code     0  startup_stm32f303xe.o(.text)
    FPU_IRQHandler                           0x0800024f   Thumb Code     0  startup_stm32f303xe.o(.text)
    I2C1_ER_IRQHandler                       0x0800024f   Thumb Code     0  startup_stm32f303xe.o(.text)
    I2C1_EV_IRQHandler                       0x0800024f   Thumb Code     0  startup_stm32f303xe.o(.text)
    I2C2_ER_IRQHandler                       0x0800024f   Thumb Code     0  startup_stm32f303xe.o(.text)
    I2C2_EV_IRQHandler                       0x0800024f   Thumb Code     0  startup_stm32f303xe.o(.text)
    I2C3_ER_IRQHandler                       0x0800024f   Thumb Code     0  startup_stm32f303xe.o(.text)
    I2C3_EV_IRQHandler                       0x0800024f   Thumb Code     0  startup_stm32f303xe.o(.text)
    PVD_IRQHandler                           0x0800024f   Thumb Code     0  startup_stm32f303xe.o(.text)
    RCC_IRQHandler                           0x0800024f   Thumb Code     0  startup_stm32f303xe.o(.text)
    RTC_Alarm_IRQHandler                     0x0800024f   Thumb Code     0  startup_stm32f303xe.o(.text)
    RTC_WKUP_IRQHandler                      0x0800024f   Thumb Code     0  startup_stm32f303xe.o(.text)
    SPI1_IRQHandler                          0x0800024f   Thumb Code     0  startup_stm32f303xe.o(.text)
    SPI2_IRQHandler                          0x0800024f   Thumb Code     0  startup_stm32f303xe.o(.text)
    SPI3_IRQHandler                          0x0800024f   Thumb Code     0  startup_stm32f303xe.o(.text)
    SPI4_IRQHandler                          0x0800024f   Thumb Code     0  startup_stm32f303xe.o(.text)
    TAMP_STAMP_IRQHandler                    0x0800024f   Thumb Code     0  startup_stm32f303xe.o(.text)
    TIM1_BRK_TIM15_IRQHandler                0x0800024f   Thumb Code     0  startup_stm32f303xe.o(.text)
    TIM1_CC_IRQHandler                       0x0800024f   Thumb Code     0  startup_stm32f303xe.o(.text)
    TIM1_TRG_COM_TIM17_IRQHandler            0x0800024f   Thumb Code     0  startup_stm32f303xe.o(.text)
    TIM1_UP_TIM16_IRQHandler                 0x0800024f   Thumb Code     0  startup_stm32f303xe.o(.text)
    TIM20_BRK_IRQHandler                     0x0800024f   Thumb Code     0  startup_stm32f303xe.o(.text)
    TIM20_CC_IRQHandler                      0x0800024f   Thumb Code     0  startup_stm32f303xe.o(.text)
    TIM20_TRG_COM_IRQHandler                 0x0800024f   Thumb Code     0  startup_stm32f303xe.o(.text)
    TIM20_UP_IRQHandler                      0x0800024f   Thumb Code     0  startup_stm32f303xe.o(.text)
    TIM2_IRQHandler                          0x0800024f   Thumb Code     0  startup_stm32f303xe.o(.text)
    TIM3_IRQHandler                          0x0800024f   Thumb Code     0  startup_stm32f303xe.o(.text)
    TIM4_IRQHandler                          0x0800024f   Thumb Code     0  startup_stm32f303xe.o(.text)
    TIM6_DAC_IRQHandler                      0x0800024f   Thumb Code     0  startup_stm32f303xe.o(.text)
    TIM7_IRQHandler                          0x0800024f   Thumb Code     0  startup_stm32f303xe.o(.text)
    TIM8_BRK_IRQHandler                      0x0800024f   Thumb Code     0  startup_stm32f303xe.o(.text)
    TIM8_CC_IRQHandler                       0x0800024f   Thumb Code     0  startup_stm32f303xe.o(.text)
    TIM8_TRG_COM_IRQHandler                  0x0800024f   Thumb Code     0  startup_stm32f303xe.o(.text)
    TIM8_UP_IRQHandler                       0x0800024f   Thumb Code     0  startup_stm32f303xe.o(.text)
    UART4_IRQHandler                         0x0800024f   Thumb Code     0  startup_stm32f303xe.o(.text)
    UART5_IRQHandler                         0x0800024f   Thumb Code     0  startup_stm32f303xe.o(.text)
    USART1_IRQHandler                        0x0800024f   Thumb Code     0  startup_stm32f303xe.o(.text)
    USART2_IRQHandler                        0x0800024f   Thumb Code     0  startup_stm32f303xe.o(.text)
    USBWakeUp_IRQHandler                     0x0800024f   Thumb Code     0  startup_stm32f303xe.o(.text)
    USBWakeUp_RMP_IRQHandler                 0x0800024f   Thumb Code     0  startup_stm32f303xe.o(.text)
    USB_HP_CAN_TX_IRQHandler                 0x0800024f   Thumb Code     0  startup_stm32f303xe.o(.text)
    USB_HP_IRQHandler                        0x0800024f   Thumb Code     0  startup_stm32f303xe.o(.text)
    USB_LP_CAN_RX0_IRQHandler                0x0800024f   Thumb Code     0  startup_stm32f303xe.o(.text)
    USB_LP_IRQHandler                        0x0800024f   Thumb Code     0  startup_stm32f303xe.o(.text)
    WWDG_IRQHandler                          0x0800024f   Thumb Code     0  startup_stm32f303xe.o(.text)
    __user_initial_stackheap                 0x08000251   Thumb Code     0  startup_stm32f303xe.o(.text)
    __aeabi_uldivmod                         0x08000275   Thumb Code     0  lludivv7m.o(.text)
    _ll_udiv                                 0x08000275   Thumb Code   240  lludivv7m.o(.text)
    __aeabi_memclr4                          0x08000365   Thumb Code     0  rt_memclr_w.o(.text)
    __aeabi_memclr8                          0x08000365   Thumb Code     0  rt_memclr_w.o(.text)
    __rt_memclr_w                            0x08000365   Thumb Code     0  rt_memclr_w.o(.text)
    _memset_w                                0x08000369   Thumb Code    74  rt_memclr_w.o(.text)
    __use_two_region_memory                  0x080003b3   Thumb Code     2  heapauxi.o(.text)
    __rt_heap_escrow$2region                 0x080003b5   Thumb Code     2  heapauxi.o(.text)
    __rt_heap_expand$2region                 0x080003b7   Thumb Code     2  heapauxi.o(.text)
    __user_setup_stackheap                   0x080003b9   Thumb Code    74  sys_stackheap_outer.o(.text)
    exit                                     0x08000403   Thumb Code    18  exit.o(.text)
    __user_libspace                          0x08000415   Thumb Code     8  libspace.o(.text)
    __user_perproc_libspace                  0x08000415   Thumb Code     0  libspace.o(.text)
    __user_perthread_libspace                0x08000415   Thumb Code     0  libspace.o(.text)
    _sys_exit                                0x0800041d   Thumb Code     8  sys_exit.o(.text)
    __I$use$semihosting                      0x08000429   Thumb Code     0  use_no_semi.o(.text)
    __use_no_semihosting_swi                 0x08000429   Thumb Code     2  use_no_semi.o(.text)
    __semihosting_library_function           0x0800042b   Thumb Code     0  indicate_semi.o(.text)
    BusFault_Handler                         0x080005d1   Thumb Code     4  stm32f3xx_it.o(.text.BusFault_Handler)
    DebugMon_Handler                         0x080005d5   Thumb Code     2  stm32f3xx_it.o(.text.DebugMon_Handler)
    Error_Handler                            0x080005d9   Thumb Code     6  main.o(.text.Error_Handler)
    HAL_ADCEx_MultiModeConfigChannel         0x080005e1   Thumb Code   604  stm32f3xx_hal_adc_ex.o(.text.HAL_ADCEx_MultiModeConfigChannel)
    HAL_ADC_ConfigChannel                    0x0800083d   Thumb Code  1488  stm32f3xx_hal_adc_ex.o(.text.HAL_ADC_ConfigChannel)
    HAL_ADC_GetValue                         0x08000e0d   Thumb Code    14  stm32f3xx_hal_adc_ex.o(.text.HAL_ADC_GetValue)
    HAL_ADC_Init                             0x08000e1d   Thumb Code  1206  stm32f3xx_hal_adc_ex.o(.text.HAL_ADC_Init)
    HAL_ADC_MspInit                          0x080012d5   Thumb Code   224  stm32f3xx_hal_msp.o(.text.HAL_ADC_MspInit)
    HAL_ADC_PollForConversion                0x080013b5   Thumb Code   652  stm32f3xx_hal_adc_ex.o(.text.HAL_ADC_PollForConversion)
    HAL_ADC_Start                            0x08001641   Thumb Code   708  stm32f3xx_hal_adc_ex.o(.text.HAL_ADC_Start)
    HAL_DAC_ConfigChannel                    0x08001905   Thumb Code   156  stm32f3xx_hal_dac_ex.o(.text.HAL_DAC_ConfigChannel)
    HAL_DAC_Init                             0x080019a1   Thumb Code    74  stm32f3xx_hal_dac.o(.text.HAL_DAC_Init)
    HAL_DAC_MspInit                          0x080019ed   Thumb Code   124  stm32f3xx_hal_msp.o(.text.HAL_DAC_MspInit)
    HAL_DMA_Abort                            0x08001a69   Thumb Code   116  stm32f3xx_hal_dma.o(.text.HAL_DMA_Abort)
    HAL_DMA_Abort_IT                         0x08001add   Thumb Code   120  stm32f3xx_hal_dma.o(.text.HAL_DMA_Abort_IT)
    HAL_Delay                                0x08001b55   Thumb Code    66  stm32f3xx_hal.o(.text.HAL_Delay)
    HAL_GPIO_Init                            0x08001b99   Thumb Code   900  stm32f3xx_hal_gpio.o(.text.HAL_GPIO_Init)
    HAL_GPIO_WritePin                        0x08001f1d   Thumb Code    44  stm32f3xx_hal_gpio.o(.text.HAL_GPIO_WritePin)
    HAL_GetTick                              0x08001f49   Thumb Code    12  stm32f3xx_hal.o(.text.HAL_GetTick)
    HAL_I2CEx_ConfigAnalogFilter             0x08001f55   Thumb Code   152  stm32f3xx_hal_i2c_ex.o(.text.HAL_I2CEx_ConfigAnalogFilter)
    HAL_I2CEx_ConfigDigitalFilter            0x08001fed   Thumb Code   162  stm32f3xx_hal_i2c_ex.o(.text.HAL_I2CEx_ConfigDigitalFilter)
    HAL_I2C_Init                             0x08002091   Thumb Code   260  stm32f3xx_hal_i2c.o(.text.HAL_I2C_Init)
    HAL_I2C_MspInit                          0x08002195   Thumb Code   136  stm32f3xx_hal_msp.o(.text.HAL_I2C_MspInit)
    HAL_IncTick                              0x0800221d   Thumb Code    26  stm32f3xx_hal.o(.text.HAL_IncTick)
    HAL_Init                                 0x08002239   Thumb Code    44  stm32f3xx_hal.o(.text.HAL_Init)
    HAL_InitTick                             0x08002265   Thumb Code   112  stm32f3xx_hal.o(.text.HAL_InitTick)
    HAL_MspInit                              0x080022d5   Thumb Code    74  stm32f3xx_hal_msp.o(.text.HAL_MspInit)
    HAL_NVIC_EnableIRQ                       0x08002321   Thumb Code    20  stm32f3xx_hal_cortex.o(.text.HAL_NVIC_EnableIRQ)
    HAL_NVIC_SetPriority                     0x08002335   Thumb Code    50  stm32f3xx_hal_cortex.o(.text.HAL_NVIC_SetPriority)
    HAL_NVIC_SetPriorityGrouping             0x08002369   Thumb Code    16  stm32f3xx_hal_cortex.o(.text.HAL_NVIC_SetPriorityGrouping)
    HAL_RCCEx_PeriphCLKConfig                0x08002379   Thumb Code  1452  stm32f3xx_hal_rcc_ex.o(.text.HAL_RCCEx_PeriphCLKConfig)
    HAL_RCC_ClockConfig                      0x08002925   Thumb Code  1350  stm32f3xx_hal_rcc.o(.text.HAL_RCC_ClockConfig)
    HAL_RCC_GetHCLKFreq                      0x08002e6d   Thumb Code    12  stm32f3xx_hal_rcc.o(.text.HAL_RCC_GetHCLKFreq)
    HAL_RCC_GetPCLK1Freq                     0x08002e79   Thumb Code    86  stm32f3xx_hal_rcc.o(.text.HAL_RCC_GetPCLK1Freq)
    HAL_RCC_GetPCLK2Freq                     0x08002ed1   Thumb Code    86  stm32f3xx_hal_rcc.o(.text.HAL_RCC_GetPCLK2Freq)
    HAL_RCC_GetSysClockFreq                  0x08002f29   Thumb Code   292  stm32f3xx_hal_rcc.o(.text.HAL_RCC_GetSysClockFreq)
    HAL_RCC_OscConfig                        0x0800304d   Thumb Code  5370  stm32f3xx_hal_rcc.o(.text.HAL_RCC_OscConfig)
    HAL_SPI_Init                             0x08004549   Thumb Code   332  stm32f3xx_hal_spi.o(.text.HAL_SPI_Init)
    HAL_SPI_MspInit                          0x08004695   Thumb Code   138  stm32f3xx_hal_msp.o(.text.HAL_SPI_MspInit)
    HAL_SYSTICK_Config                       0x08004721   Thumb Code    16  stm32f3xx_hal_cortex.o(.text.HAL_SYSTICK_Config)
    HAL_TIMEx_MasterConfigSynchronization    0x08004731   Thumb Code   348  stm32f3xx_hal_tim_ex.o(.text.HAL_TIMEx_MasterConfigSynchronization)
    HAL_TIM_Base_Init                        0x0800488d   Thumb Code   168  stm32f3xx_hal_tim.o(.text.HAL_TIM_Base_Init)
    HAL_TIM_Base_MspInit                     0x08004935   Thumb Code    52  stm32f3xx_hal_msp.o(.text.HAL_TIM_Base_MspInit)
    HAL_TIM_ConfigClockSource                0x08004969   Thumb Code   394  stm32f3xx_hal_tim.o(.text.HAL_TIM_ConfigClockSource)
    HAL_TIM_MspPostInit                      0x08004af5   Thumb Code   252  stm32f3xx_hal_msp.o(.text.HAL_TIM_MspPostInit)
    HAL_TIM_PWM_ConfigChannel                0x08004bf1   Thumb Code   432  stm32f3xx_hal_tim.o(.text.HAL_TIM_PWM_ConfigChannel)
    HAL_TIM_PWM_Init                         0x08004da1   Thumb Code   168  stm32f3xx_hal_tim.o(.text.HAL_TIM_PWM_Init)
    HAL_TIM_PWM_MspInit                      0x08004e49   Thumb Code    58  stm32f3xx_hal_msp.o(.text.HAL_TIM_PWM_MspInit)
    HAL_TIM_PWM_Start                        0x08004e85   Thumb Code   646  stm32f3xx_hal_tim.o(.text.HAL_TIM_PWM_Start)
    HAL_TIM_PWM_Stop                         0x0800510d   Thumb Code   404  stm32f3xx_hal_tim.o(.text.HAL_TIM_PWM_Stop)
    HAL_UARTEx_RxEventCallback               0x080052a1   Thumb Code    12  stm32f3xx_hal_uart.o(.text.HAL_UARTEx_RxEventCallback)
    HAL_UARTEx_WakeupCallback                0x080052ad   Thumb Code     8  stm32f3xx_hal_uart_ex.o(.text.HAL_UARTEx_WakeupCallback)
    HAL_UART_ErrorCallback                   0x080052b5   Thumb Code     8  stm32f3xx_hal_uart.o(.text.HAL_UART_ErrorCallback)
    HAL_UART_IRQHandler                      0x080052bd   Thumb Code  1228  stm32f3xx_hal_uart.o(.text.HAL_UART_IRQHandler)
    HAL_UART_Init                            0x08005789   Thumb Code   166  stm32f3xx_hal_uart.o(.text.HAL_UART_Init)
    HAL_UART_MspInit                         0x08005831   Thumb Code   248  stm32f3xx_hal_msp.o(.text.HAL_UART_MspInit)
    HAL_UART_Receive_IT                      0x08005929   Thumb Code   172  stm32f3xx_hal_uart.o(.text.HAL_UART_Receive_IT)
    HAL_UART_RxCpltCallback                  0x080059d5   Thumb Code     8  stm32f3xx_hal_uart.o(.text.HAL_UART_RxCpltCallback)
    HAL_UART_TxCpltCallback                  0x080059dd   Thumb Code     8  stm32f3xx_hal_uart.o(.text.HAL_UART_TxCpltCallback)
    HardFault_Handler                        0x080059e5   Thumb Code     4  stm32f3xx_it.o(.text.HardFault_Handler)
    MemManage_Handler                        0x08006031   Thumb Code     4  stm32f3xx_it.o(.text.MemManage_Handler)
    NMI_Handler                              0x08006035   Thumb Code     4  stm32f3xx_it.o(.text.NMI_Handler)
    PendSV_Handler                           0x080060a5   Thumb Code     2  stm32f3xx_it.o(.text.PendSV_Handler)
    SVC_Handler                              0x080060a9   Thumb Code     2  stm32f3xx_it.o(.text.SVC_Handler)
    SysTick_Handler                          0x08006101   Thumb Code     8  stm32f3xx_it.o(.text.SysTick_Handler)
    SystemClock_Config                       0x08006109   Thumb Code   162  main.o(.text.SystemClock_Config)
    SystemInit                               0x080061ad   Thumb Code    18  system_stm32f3xx.o(.text.SystemInit)
    TIM_Base_SetConfig                       0x080061c1   Thumb Code   432  stm32f3xx_hal_tim.o(.text.TIM_Base_SetConfig)
    TIM_CCxChannelCmd                        0x08006371   Thumb Code    54  stm32f3xx_hal_tim.o(.text.TIM_CCxChannelCmd)
    TIM_ETR_SetConfig                        0x080063a9   Thumb Code    52  stm32f3xx_hal_tim.o(.text.TIM_ETR_SetConfig)
    TIM_OC2_SetConfig                        0x0800657d   Thumb Code   400  stm32f3xx_hal_tim.o(.text.TIM_OC2_SetConfig)
    UART_AdvFeatureConfig                    0x08006bf5   Thumb Code   328  stm32f3xx_hal_uart.o(.text.UART_AdvFeatureConfig)
    UART_CheckIdleState                      0x08006d3d   Thumb Code   164  stm32f3xx_hal_uart.o(.text.UART_CheckIdleState)
    UART_SetConfig                           0x0800713d   Thumb Code  1026  stm32f3xx_hal_uart.o(.text.UART_SetConfig)
    UART_Start_Receive_IT                    0x08007541   Thumb Code   340  stm32f3xx_hal_uart.o(.text.UART_Start_Receive_IT)
    UART_WaitOnFlagUntilTimeout              0x08007695   Thumb Code   368  stm32f3xx_hal_uart.o(.text.UART_WaitOnFlagUntilTimeout)
    USART3_IRQHandler                        0x08007805   Thumb Code    38  stm32f3xx_it.o(.text.USART3_IRQHandler)
    UsageFault_Handler                       0x0800782d   Thumb Code     4  stm32f3xx_it.o(.text.UsageFault_Handler)
    led_switch_test                          0x080078f1   Thumb Code   132  main.o(.text.led_switch_test)
    main                                     0x08007975   Thumb Code   368  main.o(.text.main)
    potentiometer_test                       0x08007ae5   Thumb Code    40  main.o(.text.potentiometer_test)
    rgb_test                                 0x08007b0d   Thumb Code   508  main.o(.text.rgb_test)
    _fp_init                                 0x08007d09   Thumb Code    26  fpinit.o(x$fpl$fpinit)
    __fplib_config_fpu_vfp                   0x08007d21   Thumb Code     0  fpinit.o(x$fpl$fpinit)
    __fplib_config_pureend_doubles           0x08007d21   Thumb Code     0  fpinit.o(x$fpl$fpinit)
    AHBPrescTable                            0x08007d22   Data          16  system_stm32f3xx.o(.rodata.AHBPrescTable)
    APBPrescTable                            0x08007d32   Data           8  system_stm32f3xx.o(.rodata.APBPrescTable)
    aPLLMULFactorTable                       0x08007d3a   Data          16  stm32f3xx_hal_rcc.o(.rodata.aPLLMULFactorTable)
    aPredivFactorTable                       0x08007d4a   Data          16  stm32f3xx_hal_rcc.o(.rodata.aPredivFactorTable)
    Region$$Table$$Base                      0x08007d5c   Number         0  anon$$obj.o(Region$$Table)
    Region$$Table$$Limit                     0x08007d7c   Number         0  anon$$obj.o(Region$$Table)
    SystemCoreClock                          0x20000000   Data           4  system_stm32f3xx.o(.data.SystemCoreClock)
    uwTickFreq                               0x20000006   Data           1  stm32f3xx_hal.o(.data.uwTickFreq)
    uwTickPrio                               0x20000008   Data           4  stm32f3xx_hal.o(.data.uwTickPrio)
    __libspace_start                         0x20000010   Data          96  libspace.o(.bss)
    __temporary_stack_top$libspace           0x20000070   Data           0  libspace.o(.bss)
    hadc1                                    0x20000070   Data          80  main.o(.bss.hadc1)
    hadc3                                    0x200000c0   Data          80  main.o(.bss.hadc3)
    hdac1                                    0x20000110   Data          20  main.o(.bss.hdac1)
    hi2c1                                    0x20000124   Data          76  main.o(.bss.hi2c1)
    hspi2                                    0x20000170   Data         100  main.o(.bss.hspi2)
    htim2                                    0x200001d4   Data          76  main.o(.bss.htim2)
    htim3                                    0x20000220   Data          76  main.o(.bss.htim3)
    huart2                                   0x2000026c   Data         132  main.o(.bss.huart2)
    huart3                                   0x200002f0   Data         132  main.o(.bss.huart3)
    uart_received                            0x2000037c   Data           2  main.o(.bss.uart_received)
    uwTick                                   0x20000380   Data           4  stm32f3xx_hal.o(.bss.uwTick)



==============================================================================

Memory Map of the image

  Image Entry point : 0x08000235

  Load Region LR_1 (Base: 0x08000000, Size: 0x00007d88, Max: 0xffffffff, ABSOLUTE)

    Execution Region ER_RO (Exec base: 0x08000000, Load base: 0x08000000, Size: 0x00007d7c, Max: 0xffffffff, ABSOLUTE)

    Exec Addr    Load Addr    Size         Type   Attr      Idx    E Section Name        Object

    0x08000000   0x08000000   0x00000194   Data   RO         2235    RESET               startup_stm32f303xe.o
    0x08000194   0x08000194   0x00000008   Code   RO         2305  * !!!main             c_w.l(__main.o)
    0x0800019c   0x0800019c   0x00000034   Code   RO         2482    !!!scatter          c_w.l(__scatter.o)
    0x080001d0   0x080001d0   0x0000001a   Code   RO         2484    !!handler_copy      c_w.l(__scatter_copy.o)
    0x080001ea   0x080001ea   0x00000002   PAD
    0x080001ec   0x080001ec   0x0000001c   Code   RO         2486    !!handler_zi        c_w.l(__scatter_zi.o)
    0x08000208   0x08000208   0x00000002   Code   RO         2344    .ARM.Collect$$libinit$$00000000  c_w.l(libinit.o)
    0x0800020a   0x0800020a   0x00000004   Code   RO         2356    .ARM.Collect$$libinit$$00000001  c_w.l(libinit2.o)
    0x0800020e   0x0800020e   0x00000000   Code   RO         2359    .ARM.Collect$$libinit$$00000004  c_w.l(libinit2.o)
    0x0800020e   0x0800020e   0x00000000   Code   RO         2361    .ARM.Collect$$libinit$$00000006  c_w.l(libinit2.o)
    0x0800020e   0x0800020e   0x00000000   Code   RO         2364    .ARM.Collect$$libinit$$0000000C  c_w.l(libinit2.o)
    0x0800020e   0x0800020e   0x00000000   Code   RO         2366    .ARM.Collect$$libinit$$0000000E  c_w.l(libinit2.o)
    0x0800020e   0x0800020e   0x00000000   Code   RO         2368    .ARM.Collect$$libinit$$00000010  c_w.l(libinit2.o)
    0x0800020e   0x0800020e   0x00000000   Code   RO         2371    .ARM.Collect$$libinit$$00000013  c_w.l(libinit2.o)
    0x0800020e   0x0800020e   0x00000000   Code   RO         2373    .ARM.Collect$$libinit$$00000015  c_w.l(libinit2.o)
    0x0800020e   0x0800020e   0x00000000   Code   RO         2375    .ARM.Collect$$libinit$$00000017  c_w.l(libinit2.o)
    0x0800020e   0x0800020e   0x00000000   Code   RO         2377    .ARM.Collect$$libinit$$00000019  c_w.l(libinit2.o)
    0x0800020e   0x0800020e   0x00000000   Code   RO         2379    .ARM.Collect$$libinit$$0000001B  c_w.l(libinit2.o)
    0x0800020e   0x0800020e   0x00000000   Code   RO         2381    .ARM.Collect$$libinit$$0000001D  c_w.l(libinit2.o)
    0x0800020e   0x0800020e   0x00000000   Code   RO         2383    .ARM.Collect$$libinit$$0000001F  c_w.l(libinit2.o)
    0x0800020e   0x0800020e   0x00000000   Code   RO         2385    .ARM.Collect$$libinit$$00000021  c_w.l(libinit2.o)
    0x0800020e   0x0800020e   0x00000000   Code   RO         2387    .ARM.Collect$$libinit$$00000023  c_w.l(libinit2.o)
    0x0800020e   0x0800020e   0x00000000   Code   RO         2389    .ARM.Collect$$libinit$$00000025  c_w.l(libinit2.o)
    0x0800020e   0x0800020e   0x00000000   Code   RO         2391    .ARM.Collect$$libinit$$00000027  c_w.l(libinit2.o)
    0x0800020e   0x0800020e   0x00000000   Code   RO         2395    .ARM.Collect$$libinit$$0000002E  c_w.l(libinit2.o)
    0x0800020e   0x0800020e   0x00000000   Code   RO         2397    .ARM.Collect$$libinit$$00000030  c_w.l(libinit2.o)
    0x0800020e   0x0800020e   0x00000000   Code   RO         2399    .ARM.Collect$$libinit$$00000032  c_w.l(libinit2.o)
    0x0800020e   0x0800020e   0x00000000   Code   RO         2401    .ARM.Collect$$libinit$$00000034  c_w.l(libinit2.o)
    0x0800020e   0x0800020e   0x00000002   Code   RO         2402    .ARM.Collect$$libinit$$00000035  c_w.l(libinit2.o)
    0x08000210   0x08000210   0x00000002   Code   RO         2437    .ARM.Collect$$libshutdown$$00000000  c_w.l(libshutdown.o)
    0x08000212   0x08000212   0x00000000   Code   RO         2465    .ARM.Collect$$libshutdown$$00000002  c_w.l(libshutdown2.o)
    0x08000212   0x08000212   0x00000000   Code   RO         2467    .ARM.Collect$$libshutdown$$00000004  c_w.l(libshutdown2.o)
    0x08000212   0x08000212   0x00000000   Code   RO         2470    .ARM.Collect$$libshutdown$$00000007  c_w.l(libshutdown2.o)
    0x08000212   0x08000212   0x00000000   Code   RO         2473    .ARM.Collect$$libshutdown$$0000000A  c_w.l(libshutdown2.o)
    0x08000212   0x08000212   0x00000000   Code   RO         2475    .ARM.Collect$$libshutdown$$0000000C  c_w.l(libshutdown2.o)
    0x08000212   0x08000212   0x00000000   Code   RO         2478    .ARM.Collect$$libshutdown$$0000000F  c_w.l(libshutdown2.o)
    0x08000212   0x08000212   0x00000002   Code   RO         2479    .ARM.Collect$$libshutdown$$00000010  c_w.l(libshutdown2.o)
    0x08000214   0x08000214   0x00000000   Code   RO         2307    .ARM.Collect$$rtentry$$00000000  c_w.l(__rtentry.o)
    0x08000214   0x08000214   0x00000000   Code   RO         2315    .ARM.Collect$$rtentry$$00000002  c_w.l(__rtentry2.o)
    0x08000214   0x08000214   0x00000006   Code   RO         2327    .ARM.Collect$$rtentry$$00000004  c_w.l(__rtentry4.o)
    0x0800021a   0x0800021a   0x00000000   Code   RO         2317    .ARM.Collect$$rtentry$$00000009  c_w.l(__rtentry2.o)
    0x0800021a   0x0800021a   0x00000004   Code   RO         2318    .ARM.Collect$$rtentry$$0000000A  c_w.l(__rtentry2.o)
    0x0800021e   0x0800021e   0x00000000   Code   RO         2320    .ARM.Collect$$rtentry$$0000000C  c_w.l(__rtentry2.o)
    0x0800021e   0x0800021e   0x00000008   Code   RO         2321    .ARM.Collect$$rtentry$$0000000D  c_w.l(__rtentry2.o)
    0x08000226   0x08000226   0x00000002   Code   RO         2348    .ARM.Collect$$rtexit$$00000000  c_w.l(rtexit.o)
    0x08000228   0x08000228   0x00000000   Code   RO         2408    .ARM.Collect$$rtexit$$00000002  c_w.l(rtexit2.o)
    0x08000228   0x08000228   0x00000004   Code   RO         2409    .ARM.Collect$$rtexit$$00000003  c_w.l(rtexit2.o)
    0x0800022c   0x0800022c   0x00000006   Code   RO         2410    .ARM.Collect$$rtexit$$00000004  c_w.l(rtexit2.o)
    0x08000232   0x08000232   0x00000002   PAD
    0x08000234   0x08000234   0x00000040   Code   RO         2236  * .text               startup_stm32f303xe.o
    0x08000274   0x08000274   0x000000f0   Code   RO         2297    .text               c_w.l(lludivv7m.o)
    0x08000364   0x08000364   0x0000004e   Code   RO         2301    .text               c_w.l(rt_memclr_w.o)
    0x080003b2   0x080003b2   0x00000006   Code   RO         2303    .text               c_w.l(heapauxi.o)
    0x080003b8   0x080003b8   0x0000004a   Code   RO         2331    .text               c_w.l(sys_stackheap_outer.o)
    0x08000402   0x08000402   0x00000012   Code   RO         2333    .text               c_w.l(exit.o)
    0x08000414   0x08000414   0x00000008   Code   RO         2345    .text               c_w.l(libspace.o)
    0x0800041c   0x0800041c   0x0000000c   Code   RO         2403    .text               c_w.l(sys_exit.o)
    0x08000428   0x08000428   0x00000002   Code   RO         2426    .text               c_w.l(use_no_semi.o)
    0x0800042a   0x0800042a   0x00000000   Code   RO         2428    .text               c_w.l(indicate_semi.o)
    0x0800042a   0x0800042a   0x00000002   PAD
    0x0800042c   0x0800042c   0x000000d6   Code   RO          200    .text.ADC_Disable   stm32f3xx_hal_adc_ex.o
    0x08000502   0x08000502   0x00000002   PAD
    0x08000504   0x08000504   0x000000ca   Code   RO          208    .text.ADC_Enable    stm32f3xx_hal_adc_ex.o
    0x080005ce   0x080005ce   0x00000002   PAD
    0x080005d0   0x080005d0   0x00000004   Code   RO           66    .text.BusFault_Handler  stm32f3xx_it.o
    0x080005d4   0x080005d4   0x00000002   Code   RO           72    .text.DebugMon_Handler  stm32f3xx_it.o
    0x080005d6   0x080005d6   0x00000002   PAD
    0x080005d8   0x080005d8   0x00000006   Code   RO           34    .text.Error_Handler  main.o
    0x080005de   0x080005de   0x00000002   PAD
    0x080005e0   0x080005e0   0x0000025c   Code   RO          280    .text.HAL_ADCEx_MultiModeConfigChannel  stm32f3xx_hal_adc_ex.o
    0x0800083c   0x0800083c   0x000005d0   Code   RO          274    .text.HAL_ADC_ConfigChannel  stm32f3xx_hal_adc_ex.o
    0x08000e0c   0x08000e0c   0x0000000e   Code   RO          230    .text.HAL_ADC_GetValue  stm32f3xx_hal_adc_ex.o
    0x08000e1a   0x08000e1a   0x00000002   PAD
    0x08000e1c   0x08000e1c   0x000004b6   Code   RO          198    .text.HAL_ADC_Init  stm32f3xx_hal_adc_ex.o
    0x080012d2   0x080012d2   0x00000002   PAD
    0x080012d4   0x080012d4   0x000000e0   Code   RO         2245    .text.HAL_ADC_MspInit  stm32f3xx_hal_msp.o
    0x080013b4   0x080013b4   0x0000028c   Code   RO          212    .text.HAL_ADC_PollForConversion  stm32f3xx_hal_adc_ex.o
    0x08001640   0x08001640   0x000002c4   Code   RO          206    .text.HAL_ADC_Start  stm32f3xx_hal_adc_ex.o
    0x08001904   0x08001904   0x0000009c   Code   RO          436    .text.HAL_DAC_ConfigChannel  stm32f3xx_hal_dac_ex.o
    0x080019a0   0x080019a0   0x0000004a   Code   RO          365    .text.HAL_DAC_Init  stm32f3xx_hal_dac.o
    0x080019ea   0x080019ea   0x00000002   PAD
    0x080019ec   0x080019ec   0x0000007c   Code   RO         2249    .text.HAL_DAC_MspInit  stm32f3xx_hal_msp.o
    0x08001a68   0x08001a68   0x00000074   Code   RO          467    .text.HAL_DMA_Abort  stm32f3xx_hal_dma.o
    0x08001adc   0x08001adc   0x00000078   Code   RO          469    .text.HAL_DMA_Abort_IT  stm32f3xx_hal_dma.o
    0x08001b54   0x08001b54   0x00000042   Code   RO          107    .text.HAL_Delay     stm32f3xx_hal.o
    0x08001b96   0x08001b96   0x00000002   PAD
    0x08001b98   0x08001b98   0x00000384   Code   RO          590    .text.HAL_GPIO_Init  stm32f3xx_hal_gpio.o
    0x08001f1c   0x08001f1c   0x0000002c   Code   RO          596    .text.HAL_GPIO_WritePin  stm32f3xx_hal_gpio.o
    0x08001f48   0x08001f48   0x0000000c   Code   RO           99    .text.HAL_GetTick   stm32f3xx_hal.o
    0x08001f54   0x08001f54   0x00000098   Code   RO          779    .text.HAL_I2CEx_ConfigAnalogFilter  stm32f3xx_hal_i2c_ex.o
    0x08001fec   0x08001fec   0x000000a2   Code   RO          781    .text.HAL_I2CEx_ConfigDigitalFilter  stm32f3xx_hal_i2c_ex.o
    0x0800208e   0x0800208e   0x00000002   PAD
    0x08002090   0x08002090   0x00000104   Code   RO          614    .text.HAL_I2C_Init  stm32f3xx_hal_i2c.o
    0x08002194   0x08002194   0x00000088   Code   RO         2253    .text.HAL_I2C_MspInit  stm32f3xx_hal_msp.o
    0x0800221c   0x0800221c   0x0000001a   Code   RO           97    .text.HAL_IncTick   stm32f3xx_hal.o
    0x08002236   0x08002236   0x00000002   PAD
    0x08002238   0x08002238   0x0000002c   Code   RO           87    .text.HAL_Init      stm32f3xx_hal.o
    0x08002264   0x08002264   0x00000070   Code   RO           89    .text.HAL_InitTick  stm32f3xx_hal.o
    0x080022d4   0x080022d4   0x0000004a   Code   RO         2243    .text.HAL_MspInit   stm32f3xx_hal_msp.o
    0x0800231e   0x0800231e   0x00000002   PAD
    0x08002320   0x08002320   0x00000014   Code   RO          304    .text.HAL_NVIC_EnableIRQ  stm32f3xx_hal_cortex.o
    0x08002334   0x08002334   0x00000032   Code   RO          296    .text.HAL_NVIC_SetPriority  stm32f3xx_hal_cortex.o
    0x08002366   0x08002366   0x00000002   PAD
    0x08002368   0x08002368   0x00000010   Code   RO          292    .text.HAL_NVIC_SetPriorityGrouping  stm32f3xx_hal_cortex.o
    0x08002378   0x08002378   0x000005ac   Code   RO          894    .text.HAL_RCCEx_PeriphCLKConfig  stm32f3xx_hal_rcc_ex.o
    0x08002924   0x08002924   0x00000546   Code   RO          861    .text.HAL_RCC_ClockConfig  stm32f3xx_hal_rcc.o
    0x08002e6a   0x08002e6a   0x00000002   PAD
    0x08002e6c   0x08002e6c   0x0000000c   Code   RO          871    .text.HAL_RCC_GetHCLKFreq  stm32f3xx_hal_rcc.o
    0x08002e78   0x08002e78   0x00000056   Code   RO          873    .text.HAL_RCC_GetPCLK1Freq  stm32f3xx_hal_rcc.o
    0x08002ece   0x08002ece   0x00000002   PAD
    0x08002ed0   0x08002ed0   0x00000056   Code   RO          875    .text.HAL_RCC_GetPCLK2Freq  stm32f3xx_hal_rcc.o
    0x08002f26   0x08002f26   0x00000002   PAD
    0x08002f28   0x08002f28   0x00000124   Code   RO          863    .text.HAL_RCC_GetSysClockFreq  stm32f3xx_hal_rcc.o
    0x0800304c   0x0800304c   0x000014fa   Code   RO          859    .text.HAL_RCC_OscConfig  stm32f3xx_hal_rcc.o
    0x08004546   0x08004546   0x00000002   PAD
    0x08004548   0x08004548   0x0000014c   Code   RO          916    .text.HAL_SPI_Init  stm32f3xx_hal_spi.o
    0x08004694   0x08004694   0x0000008a   Code   RO         2257    .text.HAL_SPI_MspInit  stm32f3xx_hal_msp.o
    0x0800471e   0x0800471e   0x00000002   PAD
    0x08004720   0x08004720   0x00000010   Code   RO          316    .text.HAL_SYSTICK_Config  stm32f3xx_hal_cortex.o
    0x08004730   0x08004730   0x0000015c   Code   RO         1361    .text.HAL_TIMEx_MasterConfigSynchronization  stm32f3xx_hal_tim_ex.o
    0x0800488c   0x0800488c   0x000000a8   Code   RO         1044    .text.HAL_TIM_Base_Init  stm32f3xx_hal_tim.o
    0x08004934   0x08004934   0x00000034   Code   RO         2261    .text.HAL_TIM_Base_MspInit  stm32f3xx_hal_msp.o
    0x08004968   0x08004968   0x0000018a   Code   RO         1240    .text.HAL_TIM_ConfigClockSource  stm32f3xx_hal_tim.o
    0x08004af2   0x08004af2   0x00000002   PAD
    0x08004af4   0x08004af4   0x000000fc   Code   RO         2265    .text.HAL_TIM_MspPostInit  stm32f3xx_hal_msp.o
    0x08004bf0   0x08004bf0   0x000001b0   Code   RO         1214    .text.HAL_TIM_PWM_ConfigChannel  stm32f3xx_hal_tim.o
    0x08004da0   0x08004da0   0x000000a8   Code   RO         1098    .text.HAL_TIM_PWM_Init  stm32f3xx_hal_tim.o
    0x08004e48   0x08004e48   0x0000003a   Code   RO         2263    .text.HAL_TIM_PWM_MspInit  stm32f3xx_hal_msp.o
    0x08004e82   0x08004e82   0x00000002   PAD
    0x08004e84   0x08004e84   0x00000286   Code   RO         1106    .text.HAL_TIM_PWM_Start  stm32f3xx_hal_tim.o
    0x0800510a   0x0800510a   0x00000002   PAD
    0x0800510c   0x0800510c   0x00000194   Code   RO         1108    .text.HAL_TIM_PWM_Stop  stm32f3xx_hal_tim.o
    0x080052a0   0x080052a0   0x0000000c   Code   RO         1479    .text.HAL_UARTEx_RxEventCallback  stm32f3xx_hal_uart.o
    0x080052ac   0x080052ac   0x00000008   Code   RO         1530    .text.HAL_UARTEx_WakeupCallback  stm32f3xx_hal_uart_ex.o
    0x080052b4   0x080052b4   0x00000008   Code   RO         1477    .text.HAL_UART_ErrorCallback  stm32f3xx_hal_uart.o
    0x080052bc   0x080052bc   0x000004cc   Code   RO         1473    .text.HAL_UART_IRQHandler  stm32f3xx_hal_uart.o
    0x08005788   0x08005788   0x000000a6   Code   RO         1389    .text.HAL_UART_Init  stm32f3xx_hal_uart.o
    0x0800582e   0x0800582e   0x00000002   PAD
    0x08005830   0x08005830   0x000000f8   Code   RO         2271    .text.HAL_UART_MspInit  stm32f3xx_hal_msp.o
    0x08005928   0x08005928   0x000000ac   Code   RO         1421    .text.HAL_UART_Receive_IT  stm32f3xx_hal_uart.o
    0x080059d4   0x080059d4   0x00000008   Code   RO         1487    .text.HAL_UART_RxCpltCallback  stm32f3xx_hal_uart.o
    0x080059dc   0x080059dc   0x00000008   Code   RO         1483    .text.HAL_UART_TxCpltCallback  stm32f3xx_hal_uart.o
    0x080059e4   0x080059e4   0x00000004   Code   RO           62    .text.HardFault_Handler  stm32f3xx_it.o
    0x080059e8   0x080059e8   0x000000a2   Code   RO            8    .text.MX_ADC1_Init  main.o
    0x08005a8a   0x08005a8a   0x00000002   PAD
    0x08005a8c   0x08005a8c   0x000000a6   Code   RO           10    .text.MX_ADC3_Init  main.o
    0x08005b32   0x08005b32   0x00000002   PAD
    0x08005b34   0x08005b34   0x0000004e   Code   RO           12    .text.MX_DAC1_Init  main.o
    0x08005b82   0x08005b82   0x00000002   PAD
    0x08005b84   0x08005b84   0x00000176   Code   RO            6    .text.MX_GPIO_Init  main.o
    0x08005cfa   0x08005cfa   0x00000002   PAD
    0x08005cfc   0x08005cfc   0x00000076   Code   RO           14    .text.MX_I2C1_Init  main.o
    0x08005d72   0x08005d72   0x00000002   PAD
    0x08005d74   0x08005d74   0x0000001a   Code   RO           26    .text.MX_NVIC_Init  main.o
    0x08005d8e   0x08005d8e   0x00000002   PAD
    0x08005d90   0x08005d90   0x00000056   Code   RO           16    .text.MX_SPI2_Init  main.o
    0x08005de6   0x08005de6   0x00000002   PAD
    0x08005de8   0x08005de8   0x0000010a   Code   RO           18    .text.MX_TIM2_Init  main.o
    0x08005ef2   0x08005ef2   0x00000002   PAD
    0x08005ef4   0x08005ef4   0x0000009c   Code   RO           20    .text.MX_TIM3_Init  main.o
    0x08005f90   0x08005f90   0x00000044   Code   RO           22    .text.MX_USART2_UART_Init  main.o
    0x08005fd4   0x08005fd4   0x0000005a   Code   RO           24    .text.MX_USART3_UART_Init  main.o
    0x0800602e   0x0800602e   0x00000002   PAD
    0x08006030   0x08006030   0x00000004   Code   RO           64    .text.MemManage_Handler  stm32f3xx_it.o
    0x08006034   0x08006034   0x00000004   Code   RO           60    .text.NMI_Handler   stm32f3xx_it.o
    0x08006038   0x08006038   0x0000006c   Code   RO          302    .text.NVIC_EncodePriority  stm32f3xx_hal_cortex.o
    0x080060a4   0x080060a4   0x00000002   Code   RO           74    .text.PendSV_Handler  stm32f3xx_it.o
    0x080060a6   0x080060a6   0x00000002   PAD
    0x080060a8   0x080060a8   0x00000002   Code   RO           70    .text.SVC_Handler   stm32f3xx_it.o
    0x080060aa   0x080060aa   0x00000002   PAD
    0x080060ac   0x080060ac   0x00000052   Code   RO          318    .text.SysTick_Config  stm32f3xx_hal_cortex.o
    0x080060fe   0x080060fe   0x00000002   PAD
    0x08006100   0x08006100   0x00000008   Code   RO           76    .text.SysTick_Handler  stm32f3xx_it.o
    0x08006108   0x08006108   0x000000a2   Code   RO            4    .text.SystemClock_Config  main.o
    0x080061aa   0x080061aa   0x00000002   PAD
    0x080061ac   0x080061ac   0x00000012   Code   RO         2282    .text.SystemInit    system_stm32f3xx.o
    0x080061be   0x080061be   0x00000002   PAD
    0x080061c0   0x080061c0   0x000001b0   Code   RO         1048    .text.TIM_Base_SetConfig  stm32f3xx_hal_tim.o
    0x08006370   0x08006370   0x00000036   Code   RO         1082    .text.TIM_CCxChannelCmd  stm32f3xx_hal_tim.o
    0x080063a6   0x080063a6   0x00000002   PAD
    0x080063a8   0x080063a8   0x00000034   Code   RO         1238    .text.TIM_ETR_SetConfig  stm32f3xx_hal_tim.o
    0x080063dc   0x080063dc   0x0000002a   Code   RO         1244    .text.TIM_ITRx_SetConfig  stm32f3xx_hal_tim.o
    0x08006406   0x08006406   0x00000002   PAD
    0x08006408   0x08006408   0x00000174   Code   RO         1192    .text.TIM_OC1_SetConfig  stm32f3xx_hal_tim.o
    0x0800657c   0x0800657c   0x00000190   Code   RO         1194    .text.TIM_OC2_SetConfig  stm32f3xx_hal_tim.o
    0x0800670c   0x0800670c   0x0000018e   Code   RO         1196    .text.TIM_OC3_SetConfig  stm32f3xx_hal_tim.o
    0x0800689a   0x0800689a   0x00000002   PAD
    0x0800689c   0x0800689c   0x000000ec   Code   RO         1198    .text.TIM_OC4_SetConfig  stm32f3xx_hal_tim.o
    0x08006988   0x08006988   0x000000e2   Code   RO         1200    .text.TIM_OC5_SetConfig  stm32f3xx_hal_tim.o
    0x08006a6a   0x08006a6a   0x00000002   PAD
    0x08006a6c   0x08006a6c   0x000000e4   Code   RO         1202    .text.TIM_OC6_SetConfig  stm32f3xx_hal_tim.o
    0x08006b50   0x08006b50   0x00000050   Code   RO         1242    .text.TIM_TI1_ConfigInputStage  stm32f3xx_hal_tim.o
    0x08006ba0   0x08006ba0   0x00000052   Code   RO         1246    .text.TIM_TI2_ConfigInputStage  stm32f3xx_hal_tim.o
    0x08006bf2   0x08006bf2   0x00000002   PAD
    0x08006bf4   0x08006bf4   0x00000148   Code   RO         1395    .text.UART_AdvFeatureConfig  stm32f3xx_hal_uart.o
    0x08006d3c   0x08006d3c   0x000000a4   Code   RO         1397    .text.UART_CheckIdleState  stm32f3xx_hal_uart.o
    0x08006de0   0x08006de0   0x00000024   Code   RO         1475    .text.UART_DMAAbortOnError  stm32f3xx_hal_uart.o
    0x08006e04   0x08006e04   0x00000096   Code   RO         1445    .text.UART_EndRxTransfer  stm32f3xx_hal_uart.o
    0x08006e9a   0x08006e9a   0x00000002   PAD
    0x08006e9c   0x08006e9c   0x00000042   Code   RO         1481    .text.UART_EndTransmit_IT  stm32f3xx_hal_uart.o
    0x08006ede   0x08006ede   0x00000002   PAD
    0x08006ee0   0x08006ee0   0x00000130   Code   RO         1513    .text.UART_RxISR_16BIT  stm32f3xx_hal_uart.o
    0x08007010   0x08007010   0x0000012c   Code   RO         1515    .text.UART_RxISR_8BIT  stm32f3xx_hal_uart.o
    0x0800713c   0x0800713c   0x00000402   Code   RO         1393    .text.UART_SetConfig  stm32f3xx_hal_uart.o
    0x0800753e   0x0800753e   0x00000002   PAD
    0x08007540   0x08007540   0x00000154   Code   RO         1423    .text.UART_Start_Receive_IT  stm32f3xx_hal_uart.o
    0x08007694   0x08007694   0x00000170   Code   RO         1411    .text.UART_WaitOnFlagUntilTimeout  stm32f3xx_hal_uart.o
    0x08007804   0x08007804   0x00000026   Code   RO           78    .text.USART3_IRQHandler  stm32f3xx_it.o
    0x0800782a   0x0800782a   0x00000002   PAD
    0x0800782c   0x0800782c   0x00000004   Code   RO           68    .text.UsageFault_Handler  stm32f3xx_it.o
    0x08007830   0x08007830   0x00000030   Code   RO          306    .text.__NVIC_EnableIRQ  stm32f3xx_hal_cortex.o
    0x08007860   0x08007860   0x00000010   Code   RO          298    .text.__NVIC_GetPriorityGrouping  stm32f3xx_hal_cortex.o
    0x08007870   0x08007870   0x00000042   Code   RO          300    .text.__NVIC_SetPriority  stm32f3xx_hal_cortex.o
    0x080078b2   0x080078b2   0x00000002   PAD
    0x080078b4   0x080078b4   0x0000003c   Code   RO          294    .text.__NVIC_SetPriorityGrouping  stm32f3xx_hal_cortex.o
    0x080078f0   0x080078f0   0x00000084   Code   RO           28    .text.led_switch_test  main.o
    0x08007974   0x08007974   0x00000170   Code   RO            2    .text.main          main.o
    0x08007ae4   0x08007ae4   0x00000028   Code   RO           30    .text.potentiometer_test  main.o
    0x08007b0c   0x08007b0c   0x000001fc   Code   RO           32    .text.rgb_test      main.o
    0x08007d08   0x08007d08   0x0000001a   Code   RO         2420    x$fpl$fpinit        fz_wm.l(fpinit.o)
    0x08007d22   0x08007d22   0x00000010   Data   RO         2287    .rodata.AHBPrescTable  system_stm32f3xx.o
    0x08007d32   0x08007d32   0x00000008   Data   RO         2288    .rodata.APBPrescTable  system_stm32f3xx.o
    0x08007d3a   0x08007d3a   0x00000010   Data   RO          885    .rodata.aPLLMULFactorTable  stm32f3xx_hal_rcc.o
    0x08007d4a   0x08007d4a   0x00000010   Data   RO          886    .rodata.aPredivFactorTable  stm32f3xx_hal_rcc.o
    0x08007d5a   0x08007d5a   0x00000002   PAD
    0x08007d5c   0x08007d5c   0x00000020   Data   RO         2481    Region$$Table       anon$$obj.o


    Execution Region ER_RW (Exec base: 0x20000000, Load base: 0x08007d7c, Size: 0x0000000c, Max: 0xffffffff, ABSOLUTE)

    Exec Addr    Load Addr    Size         Type   Attr      Idx    E Section Name        Object

    0x20000000   0x08007d7c   0x00000004   Data   RW         2286    .data.SystemCoreClock  system_stm32f3xx.o
    0x20000004   0x08007d80   0x00000002   Data   RW           40    .data.rgb_test.red  main.o
    0x20000006   0x08007d82   0x00000001   Data   RW          138    .data.uwTickFreq    stm32f3xx_hal.o
    0x20000007   0x08007d83   0x00000001   PAD
    0x20000008   0x08007d84   0x00000004   Data   RW          137    .data.uwTickPrio    stm32f3xx_hal.o


    Execution Region ER_ZI (Exec base: 0x20000010, Load base: 0x08007d88, Size: 0x00000978, Max: 0xffffffff, ABSOLUTE)

    Exec Addr    Load Addr    Size         Type   Attr      Idx    E Section Name        Object

    0x20000010        -       0x00000060   Zero   RW         2346    .bss                c_w.l(libspace.o)
    0x20000070        -       0x00000050   Zero   RW           43    .bss.hadc1          main.o
    0x200000c0        -       0x00000050   Zero   RW           38    .bss.hadc3          main.o
    0x20000110        -       0x00000014   Zero   RW           44    .bss.hdac1          main.o
    0x20000124        -       0x0000004c   Zero   RW           45    .bss.hi2c1          main.o
    0x20000170        -       0x00000064   Zero   RW           46    .bss.hspi2          main.o
    0x200001d4        -       0x0000004c   Zero   RW           36    .bss.htim2          main.o
    0x20000220        -       0x0000004c   Zero   RW           47    .bss.htim3          main.o
    0x2000026c        -       0x00000084   Zero   RW           48    .bss.huart2         main.o
    0x200002f0        -       0x00000084   Zero   RW           49    .bss.huart3         main.o
    0x20000374        -       0x00000001   Zero   RW           37    .bss.led_switch_test.mask  main.o
    0x20000375   0x08007d88   0x00000001   PAD
    0x20000376        -       0x00000002   Zero   RW           42    .bss.rgb_test.blue  main.o
    0x20000378        -       0x00000002   Zero   RW           41    .bss.rgb_test.green  main.o
    0x2000037a        -       0x00000002   Zero   RW           39    .bss.rgb_test.step_cnt  main.o
    0x2000037c        -       0x00000002   Zero   RW           50    .bss.uart_received  main.o
    0x2000037e   0x08007d88   0x00000002   PAD
    0x20000380        -       0x00000004   Zero   RW          139    .bss.uwTick         stm32f3xx_hal.o
    0x20000384   0x08007d88   0x00000004   PAD
    0x20000388        -       0x00000200   Zero   RW         2234    HEAP                startup_stm32f303xe.o
    0x20000588        -       0x00000400   Zero   RW         2233    STACK               startup_stm32f303xe.o


==============================================================================

Image component sizes


      Code (inc. data)   RO Data    RW Data    ZI Data      Debug   Object Name

      2806         18          0          2        781      18994   main.o
        64         26        404          0       1536       1044   startup_stm32f303xe.o
       260          0          0          5          4       6600   stm32f3xx_hal.o
      5088          4          0          0          0      20504   stm32f3xx_hal_adc_ex.o
       482          0          0          0          0       9588   stm32f3xx_hal_cortex.o
        74          0          0          0          0       5396   stm32f3xx_hal_dac.o
       156          0          0          0          0       6925   stm32f3xx_hal_dac_ex.o
       236          0          0          0          0       6490   stm32f3xx_hal_dma.o
       944          0          0          0          0       5211   stm32f3xx_hal_gpio.o
       260          0          0          0          0      33255   stm32f3xx_hal_i2c.o
       314          0          0          0          0       5629   stm32f3xx_hal_i2c_ex.o
      1306          0          0          0          0      15596   stm32f3xx_hal_msp.o
      7196          0         32          0          0      13994   stm32f3xx_hal_rcc.o
      1452          0          0          0          0       7265   stm32f3xx_hal_rcc_ex.o
       332          0          0          0          0      21205   stm32f3xx_hal_spi.o
      4814         22          0          0          0      36905   stm32f3xx_hal_tim.o
       348          0          0          0          0      15885   stm32f3xx_hal_tim_ex.o
      4684         24          0          0          0      22648   stm32f3xx_hal_uart.o
         8          0          0          0          0       6689   stm32f3xx_hal_uart_ex.o
        72          0          0          0          0       1181   stm32f3xx_it.o
        18          0         24          4          0       2372   system_stm32f3xx.o

    ----------------------------------------------------------------------
     31004         94        494         12       2328     263376   Object Totals
         0          0         32          0          0          0   (incl. Generated)
        90          0          2          1          7          0   (incl. Padding)

    ----------------------------------------------------------------------

      Code (inc. data)   RO Data    RW Data    ZI Data      Debug   Library Member Name

         8          0          0          0          0         68   __main.o
         0          0          0          0          0          0   __rtentry.o
        12          0          0          0          0          0   __rtentry2.o
         6          0          0          0          0          0   __rtentry4.o
        52          8          0          0          0          0   __scatter.o
        26          0          0          0          0          0   __scatter_copy.o
        28          0          0          0          0          0   __scatter_zi.o
        18          0          0          0          0         80   exit.o
         6          0          0          0          0        152   heapauxi.o
         0          0          0          0          0          0   indicate_semi.o
         2          0          0          0          0          0   libinit.o
         6          0          0          0          0          0   libinit2.o
         2          0          0          0          0          0   libshutdown.o
         2          0          0          0          0          0   libshutdown2.o
         8          4          0          0         96         68   libspace.o
       240          0          0          0          0        100   lludivv7m.o
        78          0          0          0          0         80   rt_memclr_w.o
         2          0          0          0          0          0   rtexit.o
        10          0          0          0          0          0   rtexit2.o
        12          4          0          0          0         68   sys_exit.o
        74          0          0          0          0         80   sys_stackheap_outer.o
         2          0          0          0          0         68   use_no_semi.o
        26          0          0          0          0        116   fpinit.o

    ----------------------------------------------------------------------
       626         16          0          0         96        880   Library Totals
         6          0          0          0          0          0   (incl. Padding)

    ----------------------------------------------------------------------

      Code (inc. data)   RO Data    RW Data    ZI Data      Debug   Library Name

       594         16          0          0         96        764   c_w.l
        26          0          0          0          0        116   fz_wm.l

    ----------------------------------------------------------------------
       626         16          0          0         96        880   Library Totals

    ----------------------------------------------------------------------

==============================================================================


      Code (inc. data)   RO Data    RW Data    ZI Data      Debug   

     31630        110        494         12       2424     263616   Grand Totals
     31630        110        494         12       2424     263616   ELF Image Totals
     31630        110        494         12          0          0   ROM Totals

==============================================================================

    Total RO  Size (Code + RO Data)                32124 (  31.37kB)
    Total RW  Size (RW Data + ZI Data)              2436 (   2.38kB)
    Total ROM Size (Code + RO Data + RW Data)      32136 (  31.38kB)

==============================================================================

