<html>
<body>
<pre>
<h1>µVision Build Log</h1>
<h2>Tool Versions:</h2>
IDE-Version: µVision V5.37.0.0
Copyright (C) 2022 ARM Ltd and ARM Germany GmbH. All rights reserved.
License Information: Beat Sturzenegger, ., LIC=IC9X4-ZC1CW-CT1VK-HDJUQ-DQA6C-NB0JL
 
Tool Versions:
Toolchain:       MDK-ARM Professional  Version: 5.37.0.0
Toolchain Path:  C:\Keil_v5\ARM\ARMCLANG\Bin
C Compiler:      ArmClang.exe V6.18
Assembler:       Armasm.exe V6.18
Linker/Locator:  ArmLink.exe V6.18
Library Manager: ArmAr.exe V6.18
Hex Converter:   FromElf.exe V6.18
CPU DLL:         SARMCM3.DLL V5.37.0.0
Dialog DLL:      DCM.DLL V1.17.5.0
Target DLL:      STLink\ST-LINKIII-KEIL_SWO.dll V3.0.9.0
Dialog DLL:      TCM.DLL V1.56.1.0
 
<h2>Project:</h2>
C:\Users\Beat\Projekte\Odin\Software\Funktionstest\Funktionstest.uvprojx
Project File Date:  12/16/2022

<h2>Output:</h2>
*** Using Compiler 'V6.18', folder: 'C:\Keil_v5\ARM\ARMCLANG\Bin'
Build target 'Target 1'
compiling main.c...
linking...
Program Size: Code=29910 RO-data=494 RW-data=12 ZI-data=2416  
".\Objects\Funktionstest.axf" - 0 Error(s), 0 Warning(s).

<h2>Software Packages used:</h2>

Package Vendor: ARM
                http://www.keil.com/pack/ARM.CMSIS.5.9.0.pack
                ARM.CMSIS.5.9.0
                CMSIS (Common Microcontroller Software Interface Standard)
   * Component: CORE Version: 5.6.0

Package Vendor: Keil
                project-path/Keil.FrameworkCubeMX.1.0.0.pack
                Keil.FrameworkCubeMX.1.0.0
                STM32CubeMX generated pack description
   * Component: STM32CubeMX Version: 1.11.3
   * Component: Startup Version: 1.11.3

Package Vendor: Keil
                http://www.keil.com/pack/Keil.STM32F3xx_DFP.2.2.2.pack
                Keil.STM32F3xx_DFP.2.2.2
                STMicroelectronics STM32F3 Series Device Support and Examples
   * Component: STM32Cube Framework Version: 1.0.0
   * Component: STM32Cube HAL Version: 1.11.3

<h2>Collection of Component include folders:</h2>
  ./RTE/Device/STM32F303RETx
  ./RTE/Device/STM32F303RETx/STCubeGenerated
  ./RTE/Device/STM32F303RETx/STCubeGenerated/Inc
  ./RTE/_Target_1
  C:/Users/Beat/AppData/Local/Arm/Packs/ARM/CMSIS/5.9.0/CMSIS/Core/Include
  C:/Users/Beat/AppData/Local/Arm/Packs/Keil/STM32F3xx_DFP/2.2.2/Drivers/CMSIS/Device/ST/STM32F3xx/Include
  C:/Users/Beat/AppData/Local/Arm/Packs/Keil/STM32F3xx_DFP/2.2.2/Drivers/STM32F3xx_HAL_Driver/Inc

<h2>Collection of Component Files used:</h2>

   * Component: ::Device:STM32Cube Framework:1.0.0 (API)

   * Component: ARM::CMSIS:CORE:5.6.0

   * Component: Keil.STM32CubeMX::Device:STM32Cube Framework:STM32CubeMX:1.11.3
      Include file:  MX_Device.h
      Include file:  STCubeGenerated/Inc/stm32f3xx_hal_conf.h
      Source file:   STCubeGenerated/Src/stm32f3xx_hal_msp.c

   * Component: Keil.STM32CubeMX::Device:STM32Cube HAL:1.11.3
      Source file:   Drivers/STM32F3xx_HAL_Driver/Src/stm32f3xx_hal_flash.c
      Source file:   Drivers/STM32F3xx_HAL_Driver/Src/stm32f3xx_hal_i2c_ex.c
      Source file:   Drivers/STM32F3xx_HAL_Driver/Src/stm32f3xx_hal_exti.c
      Source file:   Drivers/STM32F3xx_HAL_Driver/Src/stm32f3xx_hal_i2s.c
      Source file:   Drivers/STM32F3xx_HAL_Driver/Src/stm32f3xx_hal_i2s_ex.c
      Source file:   Drivers/STM32F3xx_HAL_Driver/Src/stm32f3xx_hal_irda.c
      Source file:   Drivers/STM32F3xx_HAL_Driver/Src/stm32f3xx_hal_can.c
      Source file:   Drivers/STM32F3xx_HAL_Driver/Src/stm32f3xx_hal_comp.c
      Source file:   Drivers/STM32F3xx_HAL_Driver/Src/stm32f3xx_hal_iwdg.c
      Source file:   Drivers/STM32F3xx_HAL_Driver/Src/stm32f3xx_hal_dac.c
      Source file:   Drivers/STM32F3xx_HAL_Driver/Src/stm32f3xx_hal_adc.c
      Source file:   Drivers/STM32F3xx_HAL_Driver/Src/stm32f3xx_hal_dma.c
      Source file:   Drivers/STM32F3xx_HAL_Driver/Src/stm32f3xx_hal_hrtim.c
      Source file:   Drivers/STM32F3xx_HAL_Driver/Src/stm32f3xx_hal_nand.c
      Source file:   Drivers/STM32F3xx_HAL_Driver/Src/stm32f3xx_hal_nor.c
      Source file:   Drivers/STM32F3xx_HAL_Driver/Src/stm32f3xx_hal_cec.c
      Source file:   Drivers/STM32F3xx_HAL_Driver/Src/stm32f3xx_hal.c
      Source file:   Drivers/STM32F3xx_HAL_Driver/Src/stm32f3xx_hal_cortex.c
      Source file:   MDK/Driver/stm32f3xx_ll.c
      Source file:   Drivers/STM32F3xx_HAL_Driver/Src/stm32f3xx_hal_adc_ex.c
      Source file:   Drivers/STM32F3xx_HAL_Driver/Src/stm32f3xx_hal_crc.c
      Source file:   Drivers/STM32F3xx_HAL_Driver/Src/stm32f3xx_hal_dac_ex.c
      Source file:   Drivers/STM32F3xx_HAL_Driver/Src/stm32f3xx_hal_flash_ex.c
      Source file:   Drivers/STM32F3xx_HAL_Driver/Src/stm32f3xx_hal_gpio.c
      Source file:   Drivers/STM32F3xx_HAL_Driver/Src/stm32f3xx_hal_i2c.c
      Source file:   Drivers/STM32F3xx_HAL_Driver/Src/stm32f3xx_hal_crc_ex.c
      Source file:   Drivers/STM32F3xx_HAL_Driver/Src/stm32f3xx_hal_pwr_ex.c
      Source file:   Drivers/STM32F3xx_HAL_Driver/Src/stm32f3xx_hal_tim.c
      Source file:   Drivers/STM32F3xx_HAL_Driver/Src/stm32f3xx_hal_tsc.c
      Source file:   Drivers/STM32F3xx_HAL_Driver/Src/stm32f3xx_hal_spi.c
      Source file:   Drivers/STM32F3xx_HAL_Driver/Src/stm32f3xx_hal_smartcard.c
      Source file:   Drivers/STM32F3xx_HAL_Driver/Src/stm32f3xx_hal_pcd.c
      Source file:   Drivers/STM32F3xx_HAL_Driver/Src/stm32f3xx_hal_pcd_ex.c
      Source file:   Drivers/STM32F3xx_HAL_Driver/Src/stm32f3xx_hal_uart.c
      Source file:   Drivers/STM32F3xx_HAL_Driver/Src/stm32f3xx_hal_uart_ex.c
      Source file:   Drivers/STM32F3xx_HAL_Driver/Src/stm32f3xx_hal_rtc_ex.c
      Source file:   Drivers/STM32F3xx_HAL_Driver/Src/stm32f3xx_hal_usart.c
      Source file:   Drivers/STM32F3xx_HAL_Driver/Src/stm32f3xx_hal_usart_ex.c
      Source file:   Drivers/STM32F3xx_HAL_Driver/Src/stm32f3xx_hal_wwdg.c
      Source file:   Drivers/STM32F3xx_HAL_Driver/Src/stm32f3xx_ll_adc.c
      Source file:   Drivers/STM32F3xx_HAL_Driver/Src/stm32f3xx_hal_rcc.c
      Source file:   Drivers/STM32F3xx_HAL_Driver/Src/stm32f3xx_ll_comp.c
      Source file:   Drivers/STM32F3xx_HAL_Driver/Src/stm32f3xx_ll_crc.c
      Source file:   Drivers/STM32F3xx_HAL_Driver/Src/stm32f3xx_ll_dac.c
      Source file:   Drivers/STM32F3xx_HAL_Driver/Src/stm32f3xx_ll_dma.c
      Source file:   Drivers/STM32F3xx_HAL_Driver/Src/stm32f3xx_hal_pwr.c
      Source file:   Drivers/STM32F3xx_HAL_Driver/Src/stm32f3xx_hal_rtc.c
      Source file:   Drivers/STM32F3xx_HAL_Driver/Src/stm32f3xx_hal_tim_ex.c
      Source file:   Drivers/STM32F3xx_HAL_Driver/Src/stm32f3xx_ll_exti.c
      Source file:   Drivers/STM32F3xx_HAL_Driver/Src/stm32f3xx_hal_smbus.c
      Source file:   Drivers/STM32F3xx_HAL_Driver/Src/stm32f3xx_hal_sdadc.c
      Source file:   Drivers/STM32F3xx_HAL_Driver/Src/stm32f3xx_hal_opamp_ex.c
      Source file:   Drivers/STM32F3xx_HAL_Driver/Src/stm32f3xx_hal_pccard.c
      Source file:   Drivers/STM32F3xx_HAL_Driver/Src/stm32f3xx_hal_rcc_ex.c
      Source file:   Drivers/STM32F3xx_HAL_Driver/Src/stm32f3xx_hal_opamp.c
      Source file:   Drivers/STM32F3xx_HAL_Driver/Src/stm32f3xx_hal_smartcard_ex.c
      Source file:   Drivers/STM32F3xx_HAL_Driver/Src/stm32f3xx_hal_spi_ex.c
      Source file:   Drivers/STM32F3xx_HAL_Driver/Src/stm32f3xx_hal_sram.c
      Source file:   Drivers/STM32F3xx_HAL_Driver/Src/stm32f3xx_ll_fmc.c
      Source file:   Drivers/STM32F3xx_HAL_Driver/Src/stm32f3xx_ll_usb.c
      Source file:   Drivers/STM32F3xx_HAL_Driver/Src/stm32f3xx_ll_utils.c
      Source file:   Drivers/STM32F3xx_HAL_Driver/Src/stm32f3xx_ll_gpio.c
      Source file:   Drivers/STM32F3xx_HAL_Driver/Src/stm32f3xx_ll_usart.c
      Source file:   Drivers/STM32F3xx_HAL_Driver/Src/stm32f3xx_ll_tim.c
      Source file:   Drivers/STM32F3xx_HAL_Driver/Src/stm32f3xx_ll_hrtim.c
      Source file:   Drivers/STM32F3xx_HAL_Driver/Src/stm32f3xx_ll_spi.c
      Source file:   Drivers/STM32F3xx_HAL_Driver/Src/stm32f3xx_ll_opamp.c
      Source file:   Drivers/STM32F3xx_HAL_Driver/Src/stm32f3xx_ll_rcc.c
      Source file:   Drivers/STM32F3xx_HAL_Driver/Src/stm32f3xx_ll_i2c.c
      Source file:   Drivers/STM32F3xx_HAL_Driver/Src/stm32f3xx_ll_pwr.c
      Source file:   Drivers/STM32F3xx_HAL_Driver/Src/stm32f3xx_ll_rtc.c

   * Component: Keil.STM32CubeMX::Device:Startup:1.11.3
      Source file:   STCubeGenerated/Src/system_stm32f3xx.c
      Source file:   STCubeGenerated/MDK-ARM/startup_stm32f303xe.s
Build Time Elapsed:  00:00:01
</pre>
</body>
</html>
